 • Building package alabaster-themes (from github:vedang/alabaster-themes)...
Updating /mnt/store/melpa/working/alabaster-themes/
Checking out 2d3dcfc6ac8988d23f8065a580f7dcf4ff607e56
Copying files (->) and directories (=>)
  from /mnt/store/melpa/working/alabaster-themes/
  to /tmp/alabaster-themes-62ibmq/alabaster-themes-20260113.657
    alabaster-themes-dark-mono-theme.el -> alabaster-themes-dark-mono-theme.el
    alabaster-themes-dark-theme.el -> alabaster-themes-dark-theme.el
    alabaster-themes-light-bg-theme.el -> alabaster-themes-light-bg-theme.el
    alabaster-themes-light-mono-theme.el -> alabaster-themes-light-mono-theme.el
    alabaster-themes-light-theme.el -> alabaster-themes-light-theme.el
    alabaster-themes.el -> alabaster-themes.el
Created alabaster-themes-20260113.657.tar containing:
  alabaster-themes-20260113.657/
  alabaster-themes-20260113.657/alabaster-themes-dark-mono-theme.el
  alabaster-themes-20260113.657/alabaster-themes-dark-theme.el
  alabaster-themes-20260113.657/alabaster-themes-light-bg-theme.el
  alabaster-themes-20260113.657/alabaster-themes-light-mono-theme.el
  alabaster-themes-20260113.657/alabaster-themes-light-theme.el
  alabaster-themes-20260113.657/alabaster-themes-pkg.el
  alabaster-themes-20260113.657/alabaster-themes.el
 ✓ Success:
  2026-05-06T10:48:40+0000  alabaster-themes-20260113.657.entry
  2026-05-06T10:48:39+0000  alabaster-themes-20260113.657.tar
Built alabaster-themes in 3.015s, finished at 2026-05-06T10:48:40+0000
