Package: annalist
Fetcher: github
Source:  https://github.com/noctuid/annalist.el.git

Updating /mnt/store/melpa/working/annalist/
Checking out origin/HEAD
Checking out 134fa3f0fb91a636a1c005c483516d4b64905a6d
Checking out 134fa3f0fb91a636a1c005c483516d4b64905a6d
Copying files (->) and directories (=>)
  from /mnt/store/melpa/working/annalist/
  to /tmp/annalist4doVk9/annalist-20190929.207
    annalist.el -> annalist.el
    annalist.texi -> annalist.texi
Generating /tmp/annalist4doVk9/annalist-20190929.207/annalist.info
Created annalist-20190929.207.tar containing:
  annalist-20190929.207/
  annalist-20190929.207/annalist-pkg.el
  annalist-20190929.207/annalist.el
  annalist-20190929.207/annalist.info
  annalist-20190929.207/dir
Built annalist in 6.926s, finished at 2022-07-01T21:28:34+0000
 ✓ Success:
4.0K -rw-r--r-- 1 root root 433 Jul  1 21:28 packages/annalist-20190929.207.entry
 72K -rw-r--r-- 1 root root 70K Jul  1 21:28 packages/annalist-20190929.207.tar
