Package: apples-mode
Fetcher: github
Source:  https://github.com/tequilasunset/apples-mode.git

Updating /mnt/store/melpa/working/apples-mode/
Copying files (->) and directories (=>)
  from /mnt/store/melpa/working/apples-mode/
  to /tmp/apples-modeozomd9/apples-mode-20110118.1654
    apples-mode.el -> apples-mode.el
    apples-mode => apples-mode
Created apples-mode-20110118.1654.tar containing:
  apples-mode-20110118.1654/
  apples-mode-20110118.1654/apples-mode-pkg.el
  apples-mode-20110118.1654/apples-mode.el
  apples-mode-20110118.1654/apples-mode/
  apples-mode-20110118.1654/apples-mode/comment
  apples-mode-20110118.1654/apples-mode/considering
  apples-mode-20110118.1654/apples-mode/considering-application-responses
  apples-mode-20110118.1654/apples-mode/display-dialog
  apples-mode-20110118.1654/apples-mode/if
  apples-mode-20110118.1654/apples-mode/ignoring
  apples-mode-20110118.1654/apples-mode/ignoring-application-responses
  apples-mode-20110118.1654/apples-mode/on
  apples-mode-20110118.1654/apples-mode/repeat
  apples-mode-20110118.1654/apples-mode/repeat-until
  apples-mode-20110118.1654/apples-mode/repeat-while
  apples-mode-20110118.1654/apples-mode/repeat-with
  apples-mode-20110118.1654/apples-mode/tell-application
  apples-mode-20110118.1654/apples-mode/tell-application-to-activate
  apples-mode-20110118.1654/apples-mode/try
  apples-mode-20110118.1654/apples-mode/using-terms-from-application
  apples-mode-20110118.1654/apples-mode/with-timeout-of-seconds
  apples-mode-20110118.1654/apples-mode/with-transaction
Built apples-mode in 7.218s, finished at Wed Jul  7 11:33:40 2021
 ✓ Success:
4.0K -rw-r--r-- 1 root root  362 Jul  7 11:33 packages/apples-mode-20110118.1654.entry
 80K -rw-r--r-- 1 root root  80K Jul  7 11:33 packages/apples-mode-20110118.1654.tar
4.0K -rw-r--r-- 1 root root 1.2K Jul  7 11:33 packages/apples-mode-badge.svg
4.0K -rw-r--r-- 1 root root 1.6K Jul  7 11:33 packages/apples-mode-readme.txt
