Package: archive-rpm
Fetcher: github
Source:  https://github.com/nbarrientos/archive-rpm.git

Updating /mnt/store/melpa/working/archive-rpm/
Checking out cb48fee04cb0cbb26f760a3b95649f7dac78c6ec
Copying files (->) and directories (=>)
  from /mnt/store/melpa/working/archive-rpm/
  to /tmp/archive-rpmAKIs3g/archive-rpm-20220527.632
    archive-cpio.el -> archive-cpio.el
    archive-rpm-pkg.el -> archive-rpm-pkg.el
    archive-rpm.el -> archive-rpm.el
Created archive-rpm-20220527.632.tar containing:
  archive-rpm-20220527.632/
  archive-rpm-20220527.632/archive-cpio.el
  archive-rpm-20220527.632/archive-rpm-pkg.el
  archive-rpm-20220527.632/archive-rpm.el
Built archive-rpm in 5.130s, finished at 2023-04-16T08:03:15+0000
 ✓ Success:
4.0K -rw-r--r-- 1 root root 341 Apr 16 08:03 packages/archive-rpm-20220527.632.entry
 32K -rw-r--r-- 1 root root 30K Apr 16 08:03 packages/archive-rpm-20220527.632.tar
