Package: avy
Fetcher: github
Source:  https://github.com/abo-abo/avy.git

Updating /mnt/store/melpa/working/avy/
Built avy in 10.351s, finished at Thu Jul  1 01:17:03 2021
 ✓ Success:
 84K -rw-r--r-- 1 root root  83K Jul  1 01:17 packages/avy-20201226.1734.el
4.0K -rw-r--r-- 1 root root  430 Jul  1 01:17 packages/avy-20201226.1734.entry
4.0K -rw-r--r-- 1 root root 1.2K Jul  1 01:17 packages/avy-badge.svg
8.0K -rw-r--r-- 1 root root 4.1K Jul  1 01:17 packages/avy-embark-collect-20210125.2115.el
4.0K -rw-r--r-- 1 root root  499 Jun 30 22:09 packages/avy-embark-collect-20210125.2115.entry
4.0K -rw-r--r-- 1 root root 1.2K Jun 30 22:09 packages/avy-embark-collect-badge.svg
4.0K -rw-r--r-- 1 root root  185 Jun 30 22:09 packages/avy-embark-collect-readme.txt
4.0K -rw-r--r-- 1 root root  147 Jul  1 01:16 packages/avy-embark-collect.log
 12K -rw-r--r-- 1 root root 9.2K Jul  1 01:17 packages/avy-flycheck-20160720.1500.el
4.0K -rw-r--r-- 1 root root  489 Jul  1 01:17 packages/avy-flycheck-20160720.1500.entry
4.0K -rw-r--r-- 1 root root 1.2K Jul  1 01:17 packages/avy-flycheck-badge.svg
4.0K -rw-r--r-- 1 root root  796 Jul  1 01:17 packages/avy-flycheck-readme.txt
4.0K -rw-r--r-- 1 root root  554 Jul  1 01:17 packages/avy-flycheck.log
8.0K -rw-r--r-- 1 root root 6.5K Jul  1 01:17 packages/avy-menu-20210321.1732.el
4.0K -rw-r--r-- 1 root root  409 Jun 30 22:09 packages/avy-menu-20210321.1732.entry
4.0K -rw-r--r-- 1 root root 1.2K Jun 30 22:09 packages/avy-menu-badge.svg
4.0K -rw-r--r-- 1 root root  184 Jun 30 22:09 packages/avy-menu-readme.txt
4.0K -rw-r--r-- 1 root root  127 Jul  1 01:16 packages/avy-menu.log
4.0K -rw-r--r-- 1 root root  387 Jun 30 22:09 packages/avy-migemo-20180716.1455.entry
 80K -rw-r--r-- 1 root root  80K Jun 30 22:09 packages/avy-migemo-20180716.1455.tar
4.0K -rw-r--r-- 1 root root 1.2K Jun 30 22:09 packages/avy-migemo-badge.svg
4.0K -rw-r--r-- 1 root root 1.6K Jun 30 22:09 packages/avy-migemo-readme.txt
4.0K -rw-r--r-- 1 root root  137 Jul  1 01:16 packages/avy-migemo.log
4.0K -rw-r--r-- 1 root root 1.2K Jul  1 01:17 packages/avy-readme.txt
8.0K -rw-r--r-- 1 root root 7.0K Jun 30 22:09 packages/avy-zap-20190801.329.el
4.0K -rw-r--r-- 1 root root  350 Jun 30 22:09 packages/avy-zap-20190801.329.entry
4.0K -rw-r--r-- 1 root root 1.2K Jun 30 22:09 packages/avy-zap-badge.svg
4.0K -rw-r--r-- 1 root root 3.1K Jun 30 22:09 packages/avy-zap-readme.txt
4.0K -rw-r--r-- 1 root root  129 Jul  1 01:16 packages/avy-zap.log
