Package: axe
Fetcher: github
Source:  https://github.com/cniles/axe.git

Updating /mnt/store/melpa/working/axe/
Copying files (->) and directories (=>)
  from /mnt/store/melpa/working/axe/
  to /tmp/axesM3TZx/axe-20201113.2237
    axe-api.el -> axe-api.el
    axe-buffer-mode.el -> axe-buffer-mode.el
    axe-lambda.el -> axe-lambda.el
    axe-logs.el -> axe-logs.el
    axe-s3.el -> axe-s3.el
    axe-util.el -> axe-util.el
    axe.el -> axe.el
Created axe-20201113.2237.tar containing:
  axe-20201113.2237/
  axe-20201113.2237/axe-api.el
  axe-20201113.2237/axe-buffer-mode.el
  axe-20201113.2237/axe-lambda.el
  axe-20201113.2237/axe-logs.el
  axe-20201113.2237/axe-pkg.el
  axe-20201113.2237/axe-s3.el
  axe-20201113.2237/axe-util.el
  axe-20201113.2237/axe.el
Built axe in 4.077s, finished at Mon May 17 01:57:38 2021
 ✓ Success:
4.0K -rw-r--r-- 1 root root  450 May 17 01:57 packages/axe-20201113.2237.entry
 72K -rw-r--r-- 1 root root  70K May 17 01:57 packages/axe-20201113.2237.tar
4.0K -rw-r--r-- 1 root root 1.2K May 17 01:57 packages/axe-badge.svg
4.0K -rw-r--r-- 1 root root  449 May 17 01:57 packages/axe-readme.txt
