Package: bbdb
Fetcher: git
Source:  https://git.savannah.nongnu.org/git/bbdb.git

Updating /mnt/store/melpa/working/bbdb/
Copying files (->) and directories (=>)
  from /mnt/store/melpa/working/bbdb/
  to /tmp/bbdbyYji1g/bbdb-20180106.1710
  ! lisp/bbdb-anniv.el -> bbdb-anniv.el
  ! lisp/bbdb-com.el -> bbdb-com.el
  ! lisp/bbdb-gnus-aux.el -> bbdb-gnus-aux.el
  ! lisp/bbdb-gnus.el -> bbdb-gnus.el
  ! lisp/bbdb-ispell.el -> bbdb-ispell.el
  ! lisp/bbdb-message.el -> bbdb-message.el
  ! lisp/bbdb-mhe.el -> bbdb-mhe.el
  ! lisp/bbdb-migrate.el -> bbdb-migrate.el
  ! lisp/bbdb-mu4e.el -> bbdb-mu4e.el
  ! lisp/bbdb-mua.el -> bbdb-mua.el
  ! lisp/bbdb-pgp.el -> bbdb-pgp.el
  ! lisp/bbdb-pkg.el.in -> bbdb-pkg.el
  ! lisp/bbdb-rmail.el -> bbdb-rmail.el
  ! lisp/bbdb-sc.el -> bbdb-sc.el
  ! lisp/bbdb-site.el.in -> bbdb-site.el
  ! lisp/bbdb-snarf.el -> bbdb-snarf.el
  ! lisp/bbdb-tex.el -> bbdb-tex.el
  ! lisp/bbdb-vm-aux.el -> bbdb-vm-aux.el
  ! lisp/bbdb-vm.el -> bbdb-vm.el
  ! lisp/bbdb-wl.el -> bbdb-wl.el
  ! lisp/bbdb.el -> bbdb.el
  ! doc/bbdb.texi -> bbdb.texi
  ! doc/doclicense.texi -> doclicense.texi
  ! doc/gpl.texi -> gpl.texi
Created /tmp/bbdbyYji1g/bbdb-20180106.1710/bbdb.info
Created /tmp/bbdbyYji1g/bbdb-20180106.1710/doclicense.info
Created /tmp/bbdbyYji1g/bbdb-20180106.1710/gpl.info
Created bbdb-20180106.1710.tar containing:
  bbdb-20180106.1710/
  bbdb-20180106.1710/bbdb-anniv.el
  bbdb-20180106.1710/bbdb-com.el
  bbdb-20180106.1710/bbdb-gnus-aux.el
  bbdb-20180106.1710/bbdb-gnus.el
  bbdb-20180106.1710/bbdb-ispell.el
  bbdb-20180106.1710/bbdb-message.el
  bbdb-20180106.1710/bbdb-mhe.el
  bbdb-20180106.1710/bbdb-migrate.el
  bbdb-20180106.1710/bbdb-mu4e.el
  bbdb-20180106.1710/bbdb-mua.el
  bbdb-20180106.1710/bbdb-pgp.el
  bbdb-20180106.1710/bbdb-pkg.el
  bbdb-20180106.1710/bbdb-rmail.el
  bbdb-20180106.1710/bbdb-sc.el
  bbdb-20180106.1710/bbdb-site.el
  bbdb-20180106.1710/bbdb-snarf.el
  bbdb-20180106.1710/bbdb-tex.el
  bbdb-20180106.1710/bbdb-vm-aux.el
  bbdb-20180106.1710/bbdb-vm.el
  bbdb-20180106.1710/bbdb-wl.el
  bbdb-20180106.1710/bbdb.el
  bbdb-20180106.1710/bbdb.info
  bbdb-20180106.1710/dir
  bbdb-20180106.1710/doclicense.info
  bbdb-20180106.1710/gpl.info
Built bbdb in 14.987s, finished at Wed Jul  7 11:35:33 2021
 ✓ Success:
 40K -rw-r--r-- 1 root root  39K Jul  7 11:35 packages/bbdb--20140221.2354.el
4.0K -rw-r--r-- 1 root root  433 Jul  7 11:35 packages/bbdb--20140221.2354.entry
4.0K -rw-r--r-- 1 root root 1.2K Jul  7 11:35 packages/bbdb--badge.svg
4.0K -rw-r--r-- 1 root root  189 Jul  7 11:35 packages/bbdb--readme.txt
4.0K -rw-r--r-- 1 root root  493 Jul  7 11:35 packages/bbdb-.log
4.0K -rw-r--r-- 1 root root  163 Jul  7 11:35 packages/bbdb-20180106.1710.entry
672K -rw-r--r-- 1 root root 670K Jul  7 11:35 packages/bbdb-20180106.1710.tar
4.0K -rw-r--r-- 1 root root 1.2K Jul  7 11:35 packages/bbdb-badge.svg
 28K -rw-r--r-- 1 root root  25K Jul  7 11:35 packages/bbdb-csv-import-20140802.1142.el
4.0K -rw-r--r-- 1 root root  448 Jul  7 11:35 packages/bbdb-csv-import-20140802.1142.entry
4.0K -rw-r--r-- 1 root root 1.2K Jul  7 11:35 packages/bbdb-csv-import-badge.svg
8.0K -rw-r--r-- 1 root root 5.1K Jul  7 11:35 packages/bbdb-csv-import-readme.txt
4.0K -rw-r--r-- 1 root root  565 Jul  7 11:35 packages/bbdb-csv-import.log
 12K -rw-r--r-- 1 root root  11K Jul  7 11:35 packages/bbdb-ext-20151220.2013.el
4.0K -rw-r--r-- 1 root root  353 Jul  7 11:35 packages/bbdb-ext-20151220.2013.entry
4.0K -rw-r--r-- 1 root root 1.2K Jul  7 11:35 packages/bbdb-ext-badge.svg
4.0K -rw-r--r-- 1 root root  161 Jul  7 11:35 packages/bbdb-ext-readme.txt
4.0K -rw-r--r-- 1 root root  519 Jul  7 11:35 packages/bbdb-ext.log
4.0K -rw-r--r-- 1 root root  707 Jul  7 11:35 packages/bbdb-readme.txt
4.0K -rw-r--r-- 1 root root  390 Jul  7 11:35 packages/bbdb-vcard-20100421.958.entry
132K -rw-r--r-- 1 root root 130K Jul  7 11:35 packages/bbdb-vcard-20100421.958.tar
 64K -rw-r--r-- 1 root root  62K Oct 20  2020 packages/bbdb-vcard-20201016.1902.el
4.0K -rw-r--r-- 1 root root 1.2K Jul  7 11:35 packages/bbdb-vcard-badge.svg
 12K -rw-r--r-- 1 root root 9.1K Jul  7 11:35 packages/bbdb-vcard-readme.txt
4.0K -rw-r--r-- 1 root root 1.1K Jul  7 11:35 packages/bbdb-vcard.log
