Package: bufler
Fetcher: github
Source:  https://github.com/alphapapa/bufler.el.git

Updating /mnt/store/melpa/working/bufler/
Checking out origin/HEAD
Checking out a9a2ec388b81a2a0951556e497979fdb5fd33fea
Copying files (->) and directories (=>)
  from /mnt/store/melpa/working/bufler/
  to /tmp/buflerlGEWCW/bufler-20221005.2204
    bufler-group-tree.el -> bufler-group-tree.el
    bufler-workspace-tabs.el -> bufler-workspace-tabs.el
    bufler-workspace.el -> bufler-workspace.el
    bufler.el -> bufler.el
    bufler.info -> bufler.info
Created bufler-20221005.2204.tar containing:
  bufler-20221005.2204/
  bufler-20221005.2204/bufler-group-tree.el
  bufler-20221005.2204/bufler-pkg.el
  bufler-20221005.2204/bufler-workspace-tabs.el
  bufler-20221005.2204/bufler-workspace.el
  bufler-20221005.2204/bufler.el
  bufler-20221005.2204/bufler.info
  bufler-20221005.2204/dir
Built bufler in 3.538s, finished at 2022-10-05T22:31:46+0000
 ✓ Success:
4.0K -rw-r--r-- 1 root root  484 Oct  5 19:12 packages/bufler-20220726.1658.entry
120K -rw-r--r-- 1 root root 120K Oct  5 19:12 packages/bufler-20220726.1658.tar
4.0K -rw-r--r-- 1 root root  484 Oct  5 22:31 packages/bufler-20221005.2204.entry
120K -rw-r--r-- 1 root root 120K Oct  5 22:31 packages/bufler-20221005.2204.tar
