Package: casual-dired
Fetcher: github
Source:  https://github.com/kickingvegas/casual-dired.git

Cloning https://github.com/kickingvegas/casual-dired.git to /mnt/store/melpa/working/casual-dired/
Checking out bc58d55d18618e3befaec751f659746e3bdcfd9e
Copying files (->) and directories (=>)
  from /mnt/store/melpa/working/casual-dired/
  to /tmp/casual-diredgRbyXU/casual-dired-20240501.443
  ! lisp/casual-dired-settings.el -> casual-dired-settings.el
  ! lisp/casual-dired-sort-by.el -> casual-dired-sort-by.el
  ! lisp/casual-dired-variables.el -> casual-dired-variables.el
  ! lisp/casual-dired-version.el -> casual-dired-version.el
  ! lisp/casual-dired.el -> casual-dired.el
Created casual-dired-20240501.443.tar containing:
  casual-dired-20240501.443/
  casual-dired-20240501.443/casual-dired-pkg.el
  casual-dired-20240501.443/casual-dired-settings.el
  casual-dired-20240501.443/casual-dired-sort-by.el
  casual-dired-20240501.443/casual-dired-variables.el
  casual-dired-20240501.443/casual-dired-version.el
  casual-dired-20240501.443/casual-dired.el
 ✓ Success:
  2024-05-05T18:36:26+0000  casual-dired-20240501.443.entry
  2024-05-05T18:36:26+0000  casual-dired-20240501.443.tar
Built casual-dired in 3.648s, finished at 2024-05-05T18:36:28+0000
