Package: cliphist
Fetcher: github
Source:  https://github.com/redguardtoo/cliphist.git

Updating /mnt/store/melpa/working/cliphist/
Checking out origin/HEAD
Checking out d02b97a2aa0da13711d9a6f845649115de8ac11b
Checking out d02b97a2aa0da13711d9a6f845649115de8ac11b
Copying files (->) and directories (=>)
  from /mnt/store/melpa/working/cliphist/
  to /tmp/cliphistDqt3F4/cliphist-20220525.1034
    cliphist-clipit.el -> cliphist-clipit.el
    cliphist-flycut.el -> cliphist-flycut.el
    cliphist-greenclip.el -> cliphist-greenclip.el
    cliphist-parcellite.el -> cliphist-parcellite.el
    cliphist-sdk.el -> cliphist-sdk.el
    cliphist.el -> cliphist.el
Created cliphist-20220525.1034.tar containing:
  cliphist-20220525.1034/
  cliphist-20220525.1034/cliphist-clipit.el
  cliphist-20220525.1034/cliphist-flycut.el
  cliphist-20220525.1034/cliphist-greenclip.el
  cliphist-20220525.1034/cliphist-parcellite.el
  cliphist-20220525.1034/cliphist-pkg.el
  cliphist-20220525.1034/cliphist-sdk.el
  cliphist-20220525.1034/cliphist.el
Built cliphist in 5.996s, finished at 2022-07-29T03:34:57+0000
 ✓ Success:
4.0K -rw-r--r-- 1 root root 399 Jul 29 03:34 packages/cliphist-20220525.1034.entry
 32K -rw-r--r-- 1 root root 30K Jul 29 03:34 packages/cliphist-20220525.1034.tar
