Package: code-review
Fetcher: github
Source:  https://github.com/wandersoncferreira/code-review.git

Updating /mnt/store/melpa/working/code-review/
Checking out origin/HEAD
Checking out c532f7fa1378418aa47446d1c5f3bc996dbb1ec9
Copying files (->) and directories (=>)
  from /mnt/store/melpa/working/code-review/
  to /tmp/code-reviews4wOUJ/code-review-20211207.307
    code-review-comment.el -> code-review-comment.el
    code-review-core.el -> code-review-core.el
    code-review-db.el -> code-review-db.el
    code-review-github.el -> code-review-github.el
    code-review-gitlab.el -> code-review-gitlab.el
    code-review-section.el -> code-review-section.el
    code-review-utils.el -> code-review-utils.el
    code-review.el -> code-review.el
Created code-review-20211207.307.tar containing:
  code-review-20211207.307/
  code-review-20211207.307/code-review-comment.el
  code-review-20211207.307/code-review-core.el
  code-review-20211207.307/code-review-db.el
  code-review-20211207.307/code-review-github.el
  code-review-20211207.307/code-review-gitlab.el
  code-review-20211207.307/code-review-pkg.el
  code-review-20211207.307/code-review-section.el
  code-review-20211207.307/code-review-utils.el
  code-review-20211207.307/code-review.el
Built code-review in 4.872s, finished at 2021-12-07T09:11:02+0000
 ✓ Success:
4.0K -rw-r--r-- 1 root root  677 Dec  7 09:11 packages/code-review-20211207.307.entry
212K -rw-r--r-- 1 root root 210K Dec  7 09:11 packages/code-review-20211207.307.tar
4.0K -rw-r--r-- 1 root root 1.2K Dec  7 09:11 packages/code-review-badge.svg
4.0K -rw-r--r-- 1 root root  132 Dec  7 09:11 packages/code-review-readme.txt
