Package: codesearch
Fetcher: github
Source:  https://github.com/abingham/emacs-codesearch.git

Updating /mnt/store/melpa/working/codesearch/
Copying files (->) and directories (=>)
  from /mnt/store/melpa/working/codesearch/
  to /tmp/codesearchngnVJQ/codesearch-20181006.1431
    codesearch.el -> codesearch.el
    listing-codesearch.el -> listing-codesearch.el
Created codesearch-20181006.1431.tar containing:
  codesearch-20181006.1431/
  codesearch-20181006.1431/codesearch-pkg.el
  codesearch-20181006.1431/codesearch.el
  codesearch-20181006.1431/listing-codesearch.el
Built codesearch in 3.339s, finished at Wed Jan 20 18:05:29 2021
 ✓ Success:
4.0K -rw-r--r-- 1 root root  490 Jan 20 18:05 packages/codesearch-20181006.1431.entry
 20K -rw-r--r-- 1 root root  20K Jan 20 18:05 packages/codesearch-20181006.1431.tar
4.0K -rw-r--r-- 1 root root 1.2K Jan 20 18:05 packages/codesearch-badge.svg
4.0K -rw-r--r-- 1 root root  770 Jan 20 18:05 packages/codesearch-readme.txt
