Package: comb
Fetcher: github
Source:  https://github.com/cyrus-and/comb.git

Updating /mnt/store/melpa/working/comb/
Checking out 31f3e94afb2a7f7d18d30c2468a0c683700f7a66
Copying files (->) and directories (=>)
  from /mnt/store/melpa/working/comb/
  to /tmp/combXK0lvU/comb-20201010.1147
    comb-browse.el -> comb-browse.el
    comb-common.el -> comb-common.el
    comb-configure.el -> comb-configure.el
    comb-filter.el -> comb-filter.el
    comb-report.el -> comb-report.el
    comb-search.el -> comb-search.el
    comb-session.el -> comb-session.el
    comb.el -> comb.el
Created comb-20201010.1147.tar containing:
  comb-20201010.1147/
  comb-20201010.1147/comb-browse.el
  comb-20201010.1147/comb-common.el
  comb-20201010.1147/comb-configure.el
  comb-20201010.1147/comb-filter.el
  comb-20201010.1147/comb-pkg.el
  comb-20201010.1147/comb-report.el
  comb-20201010.1147/comb-search.el
  comb-20201010.1147/comb-session.el
  comb-20201010.1147/comb.el
Built comb in 4.372s, finished at 2023-04-10T08:54:33+0000
 ✓ Success:
4.0K -rw-r--r-- 1 root root 359 Apr 10 08:54 packages/comb-20201010.1147.entry
 72K -rw-r--r-- 1 root root 70K Apr 10 08:54 packages/comb-20201010.1147.tar
