Package: company-terraform
Fetcher: github
Source:  https://github.com/rafalcieslak/emacs-company-terraform.git

Updating /mnt/store/melpa/working/company-terraform/
Checking out origin/HEAD
Checking out 8d5a16d1bbeeb18ca49a8fd57b5d8cd30c8b8dc7
Copying files (->) and directories (=>)
  from /mnt/store/melpa/working/company-terraform/
  to /tmp/company-terraformrW6h79/company-terraform-20220509.1759
    company-terraform-data.el -> company-terraform-data.el
    company-terraform.el -> company-terraform.el
Created company-terraform-20220509.1759.tar containing:
  company-terraform-20220509.1759/
  company-terraform-20220509.1759/company-terraform-data.el
  company-terraform-20220509.1759/company-terraform-pkg.el
  company-terraform-20220509.1759/company-terraform.el
Built company-terraform in 4.679s, finished at 2022-11-18T05:28:50+0000
 ✓ Success:
4.0K -rw-r--r-- 1 root root  538 Nov 18 05:28 packages/company-terraform-20220509.1759.entry
2.0M -rw-r--r-- 1 root root 2.0M Nov 18 05:28 packages/company-terraform-20220509.1759.tar
