Package: consult-notes
Fetcher: github
Source:  https://github.com/mclear-tools/consult-notes.git

Cloning https://github.com/mclear-tools/consult-notes.git to /mnt/store/melpa/working/consult-notes/
Checking out origin/HEAD
Checking out 7bca8ad805fa139bcbe24205538216ff6ec0b5f5
Checking out 7bca8ad805fa139bcbe24205538216ff6ec0b5f5
Copying files (->) and directories (=>)
  from /mnt/store/melpa/working/consult-notes/
  to /tmp/consult-notesF1So51/consult-notes-20220808.1312
    consult-notes-org-roam.el -> consult-notes-org-roam.el
    consult-notes.el -> consult-notes.el
Created consult-notes-20220808.1312.tar containing:
  consult-notes-20220808.1312/
  consult-notes-20220808.1312/consult-notes-org-roam.el
  consult-notes-20220808.1312/consult-notes-pkg.el
  consult-notes-20220808.1312/consult-notes.el
Built consult-notes in 4.229s, finished at 2022-08-13T22:37:45+0000
 ✓ Success:
4.0K -rw-r--r-- 1 root root 405 Aug 13 22:37 packages/consult-notes-20220808.1312.entry
 32K -rw-r--r-- 1 root root 30K Aug 13 22:37 packages/consult-notes-20220808.1312.tar
