
 • Building package consult
From https://github.com/minad/consult
Updating /mnt/store/melpa/working/consult/
Checking out a64569f377b8bc0f62e1d2ae0f3ee48ba4a7cc1c
Copying files (->) and directories (=>)
  from /mnt/store/melpa/working/consult/
  to /tmp/consult-edZ1qF/consult-20261004.957/
    consult-compile.el -> consult-compile.el
    consult-flymake.el -> consult-flymake.el
    consult-imenu.el -> consult-imenu.el
    consult-info.el -> consult-info.el
    consult-kmacro.el -> consult-kmacro.el
    consult-org.el -> consult-org.el
    consult-register.el -> consult-register.el
    consult-xref.el -> consult-xref.el
    consult.el -> consult.el
Created consult-20261004.957.tar containing:
  consult-20261004.957/
  consult-20261004.957/consult-compile.el
  consult-20261004.957/consult-flymake.el
  consult-20261004.957/consult-imenu.el
  consult-20261004.957/consult-info.el
  consult-20261004.957/consult-kmacro.el
  consult-20261004.957/consult-org.el
  consult-20261004.957/consult-pkg.el
  consult-20261004.957/consult-register.el
  consult-20261004.957/consult-xref.el
  consult-20261004.957/consult.el
Built consult in 4.124s, finished at 2026-10-07T13:19:18+0000
