 • Building package d2-ts-mode (from github:chaploud/d2-ts-mode)...
Updating /mnt/store/melpa/working/d2-ts-mode/
Checking out 70891b8d49bbc25cc19ad9b21e3b88bda8fd705d
Copying files (->) and directories (=>)
  from /mnt/store/melpa/working/d2-ts-mode/
  to /tmp/d2-ts-mode-89sU8y/d2-ts-mode-20260301.2339
    d2-ts-compile.el -> d2-ts-compile.el
    d2-ts-font-lock.el -> d2-ts-font-lock.el
    d2-ts-imenu.el -> d2-ts-imenu.el
    d2-ts-indent.el -> d2-ts-indent.el
    d2-ts-mode.el -> d2-ts-mode.el
Created d2-ts-mode-20260301.2339.tar containing:
  d2-ts-mode-20260301.2339/
  d2-ts-mode-20260301.2339/d2-ts-compile.el
  d2-ts-mode-20260301.2339/d2-ts-font-lock.el
  d2-ts-mode-20260301.2339/d2-ts-imenu.el
  d2-ts-mode-20260301.2339/d2-ts-indent.el
  d2-ts-mode-20260301.2339/d2-ts-mode-pkg.el
  d2-ts-mode-20260301.2339/d2-ts-mode.el
 ✓ Success:
  2026-03-25T18:44:51+0000  d2-ts-mode-20260301.2339.entry
  2026-03-25T18:44:50+0000  d2-ts-mode-20260301.2339.tar
Built d2-ts-mode in 3.272s, finished at 2026-03-25T18:44:52+0000
