Package: dag-draw
Fetcher: codeberg
Source:  https://codeberg.org/trevoke/dag-draw.el

Updating /mnt/store/melpa/working/dag-draw/
Checking out 665d98db9cc415ba5694cd06dccdd448c17daedf
Copying files (->) and directories (=>)
  from /mnt/store/melpa/working/dag-draw/
  to /tmp/dag-drawZrUfTc/dag-draw-20251117.1330
    dag-draw-aesthetic-principles.el -> dag-draw-aesthetic-principles.el
    dag-draw-algorithms.el -> dag-draw-algorithms.el
    dag-draw-ascii-edges.el -> dag-draw-ascii-edges.el
    dag-draw-ascii-grid.el -> dag-draw-ascii-grid.el
    dag-draw-ascii-junctions.el -> dag-draw-ascii-junctions.el
    dag-draw-ascii-nodes.el -> dag-draw-ascii-nodes.el
    dag-draw-ascii-splines.el -> dag-draw-ascii-splines.el
    dag-draw-coord-transform.el -> dag-draw-coord-transform.el
    dag-draw-core.el -> dag-draw-core.el
    dag-draw-cycle-breaking.el -> dag-draw-cycle-breaking.el
    dag-draw-dot.el -> dag-draw-dot.el
    dag-draw-pass1-ranking.el -> dag-draw-pass1-ranking.el
    dag-draw-pass2-ordering.el -> dag-draw-pass2-ordering.el
    dag-draw-pass3-positioning.el -> dag-draw-pass3-positioning.el
    dag-draw-pass4-splines.el -> dag-draw-pass4-splines.el
    dag-draw-ports.el -> dag-draw-ports.el
    dag-draw-quality.el -> dag-draw-quality.el
    dag-draw-rank-balancing.el -> dag-draw-rank-balancing.el
    dag-draw-render-gknv-compliant.el -> dag-draw-render-gknv-compliant.el
    dag-draw-render.el -> dag-draw-render.el
    dag-draw-svg.el -> dag-draw-svg.el
    dag-draw-topological.el -> dag-draw-topological.el
    dag-draw.el -> dag-draw.el
    test-visual-ascii-properties.el -> test-visual-ascii-properties.el
    dag-draw.info -> dag-draw.info
  ! doc/dag-draw.texi -> dag-draw.texi
Generating dag-draw.info
Created dag-draw-20251117.1330.tar containing:
  dag-draw-20251117.1330/
  dag-draw-20251117.1330/dag-draw-aesthetic-principles.el
  dag-draw-20251117.1330/dag-draw-algorithms.el
  dag-draw-20251117.1330/dag-draw-ascii-edges.el
  dag-draw-20251117.1330/dag-draw-ascii-grid.el
  dag-draw-20251117.1330/dag-draw-ascii-junctions.el
  dag-draw-20251117.1330/dag-draw-ascii-nodes.el
  dag-draw-20251117.1330/dag-draw-ascii-splines.el
  dag-draw-20251117.1330/dag-draw-coord-transform.el
  dag-draw-20251117.1330/dag-draw-core.el
  dag-draw-20251117.1330/dag-draw-cycle-breaking.el
  dag-draw-20251117.1330/dag-draw-dot.el
  dag-draw-20251117.1330/dag-draw-pass1-ranking.el
  dag-draw-20251117.1330/dag-draw-pass2-ordering.el
  dag-draw-20251117.1330/dag-draw-pass3-positioning.el
  dag-draw-20251117.1330/dag-draw-pass4-splines.el
  dag-draw-20251117.1330/dag-draw-pkg.el
  dag-draw-20251117.1330/dag-draw-ports.el
  dag-draw-20251117.1330/dag-draw-quality.el
  dag-draw-20251117.1330/dag-draw-rank-balancing.el
  dag-draw-20251117.1330/dag-draw-render-gknv-compliant.el
  dag-draw-20251117.1330/dag-draw-render.el
  dag-draw-20251117.1330/dag-draw-svg.el
  dag-draw-20251117.1330/dag-draw-topological.el
  dag-draw-20251117.1330/dag-draw.el
  dag-draw-20251117.1330/dag-draw.info
  dag-draw-20251117.1330/dir
  dag-draw-20251117.1330/test-visual-ascii-properties.el
 ✓ Success:
  2025-11-17T14:15:55+0000  dag-draw-20251117.1330.entry
  2025-11-17T14:15:55+0000  dag-draw-20251117.1330.tar
  2025-11-17T09:30:30+0000  dag-draw-20251117.417.entry
  2025-11-17T09:30:30+0000  dag-draw-20251117.417.tar
Built dag-draw in 8.235s, finished at 2025-11-17T14:15:56+0000
