Package: dix
Fetcher: github
Source:  https://github.com/unhammer/dix.git

Updating /mnt/store/melpa/working/dix/
Copying files (->) and directories (=>)
  from /mnt/store/melpa/working/dix/
  to /tmp/dixjZNaoh/dix-20200108.1057
    dix.el -> dix.el
    schemas.xml -> schemas.xml
    local-schemas.xml -> local-schemas.xml
Created dix-20200108.1057.tar containing:
  dix-20200108.1057/
  dix-20200108.1057/dix-pkg.el
  dix-20200108.1057/dix.el
  dix-20200108.1057/local-schemas.xml
  dix-20200108.1057/schemas.xml
Built dix in 3.081s, finished at Wed Jan 13 02:51:00 2021
 ✓ Success:
4.0K -rw-r--r-- 1 root root  406 Jan 13 02:51 packages/dix-20200108.1057.entry
112K -rw-r--r-- 1 root root 110K Jan 13 02:51 packages/dix-20200108.1057.tar
4.0K -rw-r--r-- 1 root root 1.2K Jan 13 02:51 packages/dix-badge.svg
4.0K -rw-r--r-- 1 root root 2.2K Jan 13 00:06 packages/dix-evil-20170105.1423.el
4.0K -rw-r--r-- 1 root root  416 Jan 13 00:06 packages/dix-evil-20170105.1423.entry
4.0K -rw-r--r-- 1 root root 1.2K Jan 13 00:06 packages/dix-evil-badge.svg
4.0K -rw-r--r-- 1 root root  127 Jan 13 00:06 packages/dix-evil-readme.txt
4.0K -rw-r--r-- 1 root root  124 Jan 13 02:50 packages/dix-evil.log
4.0K -rw-r--r-- 1 root root 3.9K Jan 13 02:51 packages/dix-readme.txt
