Package: drupal-spell
Fetcher: github
Source:  https://github.com/arnested/drupal-spell.git

Updating /mnt/store/melpa/working/drupal-spell/
Checking out origin/HEAD
Checking out 4087c28c89a884ee050961c57166e6b09085f59d
Copying files (->) and directories (=>)
  from /mnt/store/melpa/working/drupal-spell/
  to /tmp/drupal-spellB4uJz5/drupal-spell-20130520.1655
    drupal-spell.el -> drupal-spell.el
    dict => dict
Created drupal-spell-20130520.1655.tar containing:
  drupal-spell-20130520.1655/
  drupal-spell-20130520.1655/dict/
  drupal-spell-20130520.1655/dict/drupal.txt
  drupal-spell-20130520.1655/drupal-spell-pkg.el
  drupal-spell-20130520.1655/drupal-spell.el
Built drupal-spell in 5.178s, finished at 2022-05-16T07:32:16+0000
 ✓ Success:
4.0K -rw-r--r-- 1 root root  345 May 16 07:32 packages/drupal-spell-20130520.1655.entry
 12K -rw-r--r-- 1 root root  10K May 16 07:32 packages/drupal-spell-20130520.1655.tar
4.0K -rw-r--r-- 1 root root 1.2K May 16 07:32 packages/drupal-spell-badge.svg
4.0K -rw-r--r-- 1 root root   65 May 16 07:32 packages/drupal-spell-readme.txt
