 • Building package dwin (from github:lsth/dwin)...
Updating /mnt/store/melpa/working/dwin/
Checking out 960cc46d65cf3301d8d452cad917dad995b87bb0
Copying files (->) and directories (=>)
  from /mnt/store/melpa/working/dwin/
  to /tmp/dwinmf8bHI/dwin-20251124.1008
    dwin.el -> dwin.el
  ! etc/bin => bin
  ! etc/_local-share-applications => _local-share-applications
Created dwin-20251124.1008.tar containing:
  dwin-20251124.1008/
  dwin-20251124.1008/_local-share-applications/
  dwin-20251124.1008/_local-share-applications/net.local.dwin-down.desktop
  dwin-20251124.1008/_local-share-applications/net.local.dwin-emacs.desktop
  dwin-20251124.1008/_local-share-applications/net.local.dwin-firefox.desktop
  dwin-20251124.1008/_local-share-applications/net.local.dwin-left.desktop
  dwin-20251124.1008/_local-share-applications/net.local.dwin-right.desktop
  dwin-20251124.1008/_local-share-applications/net.local.dwin-up.desktop
  dwin-20251124.1008/_local-share-applications/net.local.dwin-zotero.desktop
  dwin-20251124.1008/bin/
  dwin-20251124.1008/bin/_emacs-key
  dwin-20251124.1008/bin/dwin-down
  dwin-20251124.1008/bin/dwin-emacs
  dwin-20251124.1008/bin/dwin-firefox
  dwin-20251124.1008/bin/dwin-left
  dwin-20251124.1008/bin/dwin-right
  dwin-20251124.1008/bin/dwin-up
  dwin-20251124.1008/bin/dwin-zotero
  dwin-20251124.1008/dwin-pkg.el
  dwin-20251124.1008/dwin.el
 ✓ Success:
  2025-11-24T18:15:03+0000  dwin-20251124.1008.entry
  2025-11-24T18:15:03+0000  dwin-20251124.1008.tar
Built dwin in 3.519s, finished at 2025-11-24T18:15:04+0000
