Package: ebf
Fetcher: github
Source:  https://github.com/rexim/ebf.git

Updating /mnt/store/melpa/working/ebf/
Copying files (->) and directories (=>)
  from /mnt/store/melpa/working/ebf/
  to /tmp/ebfGNk0i2/ebf-20210225.1211
    ebf-helpers.el -> ebf-helpers.el
    ebf.el -> ebf.el
Created ebf-20210225.1211.tar containing:
  ebf-20210225.1211/
  ebf-20210225.1211/ebf-helpers.el
  ebf-20210225.1211/ebf-pkg.el
  ebf-20210225.1211/ebf.el
Built ebf in 3.648s, finished at 2021-07-19T18:44:28+0000
 ✓ Success:
4.0K -rw-r--r-- 1 root root  366 Jul 19 18:44 packages/ebf-20210225.1211.entry
 20K -rw-r--r-- 1 root root  20K Jul 19 18:44 packages/ebf-20210225.1211.tar
4.0K -rw-r--r-- 1 root root 1.2K Jul 19 18:44 packages/ebf-badge.svg
4.0K -rw-r--r-- 1 root root   65 Jul 19 18:44 packages/ebf-readme.txt
