Package: ede-php-autoload
Fetcher: github
Source:  https://github.com/emacs-php/ede-php-autoload.git

Updating /mnt/store/melpa/working/ede-php-autoload/
Checking out origin/HEAD
Checking out 8a4eeeaa93b8d87b65a107c4ebcbeb14528d9449
Copying files (->) and directories (=>)
  from /mnt/store/melpa/working/ede-php-autoload/
  to /tmp/ede-php-autoloaduzIt1h/ede-php-autoload-20180901.1255
    ede-php-autoload-composer.el -> ede-php-autoload-composer.el
    ede-php-autoload-mode.el -> ede-php-autoload-mode.el
    ede-php-autoload-semanticdb.el -> ede-php-autoload-semanticdb.el
    ede-php-autoload.el -> ede-php-autoload.el
    ede-php-autoload => ede-php-autoload
Created ede-php-autoload-20180901.1255.tar containing:
  ede-php-autoload-20180901.1255/
  ede-php-autoload-20180901.1255/ede-php-autoload-composer.el
  ede-php-autoload-20180901.1255/ede-php-autoload-mode.el
  ede-php-autoload-20180901.1255/ede-php-autoload-pkg.el
  ede-php-autoload-20180901.1255/ede-php-autoload-semanticdb.el
  ede-php-autoload-20180901.1255/ede-php-autoload.el
  ede-php-autoload-20180901.1255/ede-php-autoload/
  ede-php-autoload-20180901.1255/ede-php-autoload/class-loader.el
  ede-php-autoload-20180901.1255/ede-php-autoload/class-loader/
  ede-php-autoload-20180901.1255/ede-php-autoload/class-loader/aggregate.el
  ede-php-autoload-20180901.1255/ede-php-autoload/class-loader/classmap.el
  ede-php-autoload-20180901.1255/ede-php-autoload/class-loader/core.el
  ede-php-autoload-20180901.1255/ede-php-autoload/class-loader/psr0.el
  ede-php-autoload-20180901.1255/ede-php-autoload/class-loader/psr4.el
Built ede-php-autoload in 3.789s, finished at 2022-03-18T02:23:37+0000
 ✓ Success:
4.0K -rw-r--r-- 1 root root  455 Mar 18 02:23 packages/ede-php-autoload-20180901.1255.entry
 80K -rw-r--r-- 1 root root  80K Mar 18 02:23 packages/ede-php-autoload-20180901.1255.tar
4.0K -rw-r--r-- 1 root root 1.2K Mar 18 02:23 packages/ede-php-autoload-badge.svg
8.0K -rw-r--r-- 1 root root 7.0K Mar 17 23:26 packages/ede-php-autoload-composer-installers-20170221.2026.el
4.0K -rw-r--r-- 1 root root  529 Mar 17 23:26 packages/ede-php-autoload-composer-installers-20170221.2026.entry
4.0K -rw-r--r-- 1 root root 1.2K Mar 17 23:26 packages/ede-php-autoload-composer-installers-badge.svg
4.0K -rw-r--r-- 1 root root  336 Mar 17 23:26 packages/ede-php-autoload-composer-installers-readme.txt
4.0K -rw-r--r-- 1 root root  235 Mar 18 02:23 packages/ede-php-autoload-composer-installers.log
8.0K -rw-r--r-- 1 root root 5.7K Mar 17 23:26 packages/ede-php-autoload-drupal-20170316.2158.el
4.0K -rw-r--r-- 1 root root  419 Mar 17 23:26 packages/ede-php-autoload-drupal-20170316.2158.entry
4.0K -rw-r--r-- 1 root root 1.2K Mar 17 23:26 packages/ede-php-autoload-drupal-badge.svg
4.0K -rw-r--r-- 1 root root  385 Mar 17 23:26 packages/ede-php-autoload-drupal-readme.txt
   0 -rw-r--r-- 1 root root    0 Mar 18 02:23 packages/ede-php-autoload-drupal.log
4.0K -rw-r--r-- 1 root root  555 Mar 18 02:23 packages/ede-php-autoload-readme.txt
