
 • Building package elfeed
From https://github.com/emacs-elfeed/elfeed
Updating /mnt/store/melpa/working/elfeed/
Checking out df5965d71585acabd02888cb971273ffabe7e36f
Warning: elfeed :files spec is equivalent to the default
Copying files (->) and directories (=>)
  from /mnt/store/melpa/working/elfeed/
  to /tmp/elfeed-j70rOJ/elfeed-20260913.900/
    elfeed-csv.el -> elfeed-csv.el
    elfeed-curl.el -> elfeed-curl.el
    elfeed-db.el -> elfeed-db.el
    elfeed-lib.el -> elfeed-lib.el
    elfeed-link.el -> elfeed-link.el
    elfeed-log.el -> elfeed-log.el
    elfeed-search.el -> elfeed-search.el
    elfeed-show.el -> elfeed-show.el
    elfeed-tree.el -> elfeed-tree.el
    elfeed.el -> elfeed.el
    xml-query.el -> xml-query.el
Created elfeed-20260913.900.tar containing:
  elfeed-20260913.900/
  elfeed-20260913.900/elfeed-csv.el
  elfeed-20260913.900/elfeed-curl.el
  elfeed-20260913.900/elfeed-db.el
  elfeed-20260913.900/elfeed-lib.el
  elfeed-20260913.900/elfeed-link.el
  elfeed-20260913.900/elfeed-log.el
  elfeed-20260913.900/elfeed-pkg.el
  elfeed-20260913.900/elfeed-search.el
  elfeed-20260913.900/elfeed-show.el
  elfeed-20260913.900/elfeed-tree.el
  elfeed-20260913.900/elfeed.el
  elfeed-20260913.900/xml-query.el
Built elfeed in 12.225s, finished at 2026-09-13T09:08:30+0000
