Package: elm-yasnippets
Fetcher: github
Source:  https://github.com/abingham/elm-yasnippets.git

Updating /mnt/store/melpa/working/elm-yasnippets/
Copying files (->) and directories (=>)
  from /mnt/store/melpa/working/elm-yasnippets/
  to /tmp/elm-yasnippets6UdTNZ/elm-yasnippets-20160401.524
    elm-yasnippets.el -> elm-yasnippets.el
    snippets => snippets
Created elm-yasnippets-20160401.524.tar containing:
  elm-yasnippets-20160401.524/
  elm-yasnippets-20160401.524/elm-yasnippets-pkg.el
  elm-yasnippets-20160401.524/elm-yasnippets.el
  elm-yasnippets-20160401.524/snippets/
  elm-yasnippets-20160401.524/snippets/elm-mode/
  elm-yasnippets-20160401.524/snippets/elm-mode/comment
  elm-yasnippets-20160401.524/snippets/elm-mode/function
  elm-yasnippets-20160401.524/snippets/elm-mode/import
  elm-yasnippets-20160401.524/snippets/elm-mode/module
  elm-yasnippets-20160401.524/snippets/elm-mode/type-alias
Built elm-yasnippets in 3.004s, finished at Thu Apr  8 03:32:51 2021
 ✓ Success:
4.0K -rw-r--r-- 1 root root  315 Apr  8 03:32 packages/elm-yasnippets-20160401.524.entry
 12K -rw-r--r-- 1 root root  10K Apr  8 03:32 packages/elm-yasnippets-20160401.524.tar
4.0K -rw-r--r-- 1 root root 1.2K Apr  8 03:32 packages/elm-yasnippets-badge.svg
