Package: elm-mode
Fetcher: github
Source:  https://github.com/jcollard/elm-mode.git

Updating /mnt/store/melpa/working/elm-mode/
Checking out origin/HEAD
Checking out f2e2d0053f3272d9fc0c2e16c8d17d97724cf524
Copying files (->) and directories (=>)
  from /mnt/store/melpa/working/elm-mode/
  to /tmp/elm-modevFTWsS/elm-mode-20210525.152
    elm-font-lock.el -> elm-font-lock.el
    elm-format.el -> elm-format.el
    elm-imenu.el -> elm-imenu.el
    elm-indent-simple.el -> elm-indent-simple.el
    elm-indent.el -> elm-indent.el
    elm-interactive.el -> elm-interactive.el
    elm-mode.el -> elm-mode.el
    elm-tags.el -> elm-tags.el
    elm-util.el -> elm-util.el
    elm.tags -> elm.tags
Created elm-mode-20210525.152.tar containing:
  elm-mode-20210525.152/
  elm-mode-20210525.152/elm-font-lock.el
  elm-mode-20210525.152/elm-format.el
  elm-mode-20210525.152/elm-imenu.el
  elm-mode-20210525.152/elm-indent-simple.el
  elm-mode-20210525.152/elm-indent.el
  elm-mode-20210525.152/elm-interactive.el
  elm-mode-20210525.152/elm-mode-pkg.el
  elm-mode-20210525.152/elm-mode.el
  elm-mode-20210525.152/elm-tags.el
  elm-mode-20210525.152/elm-util.el
  elm-mode-20210525.152/elm.tags
Built elm-mode in 4.108s, finished at 2022-02-09T22:16:26+0000
 ✓ Success:
4.0K -rw-r--r-- 1 root root  383 Feb  9 22:16 packages/elm-mode-20210525.152.entry
132K -rw-r--r-- 1 root root 130K Feb  9 22:16 packages/elm-mode-20210525.152.tar
4.0K -rw-r--r-- 1 root root 1.2K Feb  9 22:16 packages/elm-mode-badge.svg
4.0K -rw-r--r-- 1 root root  157 Feb  9 22:16 packages/elm-mode-readme.txt
