Package: emms
Fetcher: git
Source:  https://git.savannah.gnu.org/git/emms.git

Updating /mnt/store/melpa/working/emms/
Checking out origin/HEAD
Checking out ea6728d31c2dabb5c8c5e2cb6652fd6da2127384
Copying files (->) and directories (=>)
  from /mnt/store/melpa/working/emms/
  to /tmp/emmsp5qtZ2/emms-20211019.1751
    emms-bookmarks.el -> emms-bookmarks.el
    emms-browser.el -> emms-browser.el
    emms-cache.el -> emms-cache.el
    emms-compat.el -> emms-compat.el
    emms-cue.el -> emms-cue.el
    emms-history.el -> emms-history.el
    emms-i18n.el -> emms-i18n.el
    emms-info-exiftool.el -> emms-info-exiftool.el
    emms-info-libtag.el -> emms-info-libtag.el
    emms-info-metaflac.el -> emms-info-metaflac.el
    emms-info-mp3info.el -> emms-info-mp3info.el
    emms-info-native.el -> emms-info-native.el
    emms-info-ogginfo.el -> emms-info-ogginfo.el
    emms-info-opusinfo.el -> emms-info-opusinfo.el
    emms-info-tinytag.el -> emms-info-tinytag.el
    emms-info.el -> emms-info.el
    emms-jack.el -> emms-jack.el
    emms-last-played.el -> emms-last-played.el
    emms-later-do.el -> emms-later-do.el
    emms-librefm-scrobbler.el -> emms-librefm-scrobbler.el
    emms-librefm-stream.el -> emms-librefm-stream.el
    emms-lyrics.el -> emms-lyrics.el
    emms-maint.el -> emms-maint.el
    emms-mark.el -> emms-mark.el
    emms-metaplaylist-mode.el -> emms-metaplaylist-mode.el
    emms-mode-line-icon.el -> emms-mode-line-icon.el
    emms-mode-line.el -> emms-mode-line.el
    emms-player-mpd.el -> emms-player-mpd.el
    emms-player-mpg321-remote.el -> emms-player-mpg321-remote.el
    emms-player-mplayer.el -> emms-player-mplayer.el
    emms-player-mpv.el -> emms-player-mpv.el
    emms-player-simple.el -> emms-player-simple.el
    emms-player-vlc.el -> emms-player-vlc.el
    emms-player-xine.el -> emms-player-xine.el
    emms-playing-time.el -> emms-playing-time.el
    emms-playlist-limit.el -> emms-playlist-limit.el
    emms-playlist-mode.el -> emms-playlist-mode.el
    emms-playlist-sort.el -> emms-playlist-sort.el
    emms-score.el -> emms-score.el
    emms-setup.el -> emms-setup.el
    emms-show-all.el -> emms-show-all.el
    emms-source-file.el -> emms-source-file.el
    emms-source-playlist.el -> emms-source-playlist.el
    emms-stream-info.el -> emms-stream-info.el
    emms-streams.el -> emms-streams.el
    emms-tag-editor.el -> emms-tag-editor.el
    emms-tag-tracktag.el -> emms-tag-tracktag.el
    emms-url.el -> emms-url.el
    emms-volume-amixer.el -> emms-volume-amixer.el
    emms-volume-mixerctl.el -> emms-volume-mixerctl.el
    emms-volume-pulse.el -> emms-volume-pulse.el
    emms-volume-sndioctl.el -> emms-volume-sndioctl.el
    emms-volume.el -> emms-volume.el
    emms.el -> emms.el
  ! doc/emms.texinfo -> emms.texinfo
Created /tmp/emmsp5qtZ2/emms-20211019.1751/emms.info
Created emms-20211019.1751.tar containing:
  emms-20211019.1751/
  emms-20211019.1751/dir
  emms-20211019.1751/emms-bookmarks.el
  emms-20211019.1751/emms-browser.el
  emms-20211019.1751/emms-cache.el
  emms-20211019.1751/emms-compat.el
  emms-20211019.1751/emms-cue.el
  emms-20211019.1751/emms-history.el
  emms-20211019.1751/emms-i18n.el
  emms-20211019.1751/emms-info-exiftool.el
  emms-20211019.1751/emms-info-libtag.el
  emms-20211019.1751/emms-info-metaflac.el
  emms-20211019.1751/emms-info-mp3info.el
  emms-20211019.1751/emms-info-native.el
  emms-20211019.1751/emms-info-ogginfo.el
  emms-20211019.1751/emms-info-opusinfo.el
  emms-20211019.1751/emms-info-tinytag.el
  emms-20211019.1751/emms-info.el
  emms-20211019.1751/emms-jack.el
  emms-20211019.1751/emms-last-played.el
  emms-20211019.1751/emms-later-do.el
  emms-20211019.1751/emms-librefm-scrobbler.el
  emms-20211019.1751/emms-librefm-stream.el
  emms-20211019.1751/emms-lyrics.el
  emms-20211019.1751/emms-maint.el
  emms-20211019.1751/emms-mark.el
  emms-20211019.1751/emms-metaplaylist-mode.el
  emms-20211019.1751/emms-mode-line-icon.el
  emms-20211019.1751/emms-mode-line.el
  emms-20211019.1751/emms-pkg.el
  emms-20211019.1751/emms-player-mpd.el
  emms-20211019.1751/emms-player-mpg321-remote.el
  emms-20211019.1751/emms-player-mplayer.el
  emms-20211019.1751/emms-player-mpv.el
  emms-20211019.1751/emms-player-simple.el
  emms-20211019.1751/emms-player-vlc.el
  emms-20211019.1751/emms-player-xine.el
  emms-20211019.1751/emms-playing-time.el
  emms-20211019.1751/emms-playlist-limit.el
  emms-20211019.1751/emms-playlist-mode.el
  emms-20211019.1751/emms-playlist-sort.el
  emms-20211019.1751/emms-score.el
  emms-20211019.1751/emms-setup.el
  emms-20211019.1751/emms-show-all.el
  emms-20211019.1751/emms-source-file.el
  emms-20211019.1751/emms-source-playlist.el
  emms-20211019.1751/emms-stream-info.el
  emms-20211019.1751/emms-streams.el
  emms-20211019.1751/emms-tag-editor.el
  emms-20211019.1751/emms-tag-tracktag.el
  emms-20211019.1751/emms-url.el
  emms-20211019.1751/emms-volume-amixer.el
  emms-20211019.1751/emms-volume-mixerctl.el
  emms-20211019.1751/emms-volume-pulse.el
  emms-20211019.1751/emms-volume-sndioctl.el
  emms-20211019.1751/emms-volume.el
  emms-20211019.1751/emms.el
  emms-20211019.1751/emms.info
Built emms in 16.567s, finished at 2021-10-19T19:30:35+0000
 ✓ Success:
4.0K -rw-r--r-- 1 root root  418 Oct 19 15:39 packages/emms-20211013.1353.entry
820K -rw-r--r-- 1 root root 820K Oct 19 15:39 packages/emms-20211013.1353.tar
4.0K -rw-r--r-- 1 root root  418 Oct 19 19:30 packages/emms-20211019.1751.entry
820K -rw-r--r-- 1 root root 820K Oct 19 19:30 packages/emms-20211019.1751.tar
4.0K -rw-r--r-- 1 root root 1.2K Oct 19 19:30 packages/emms-badge.svg
8.0K -rw-r--r-- 1 root root 5.2K Oct 19 19:30 packages/emms-bilibili-20180103.418.el
4.0K -rw-r--r-- 1 root root  271 Oct 19 19:30 packages/emms-bilibili-20180103.418.entry
4.0K -rw-r--r-- 1 root root 1.2K Oct 19 19:30 packages/emms-bilibili-badge.svg
4.0K -rw-r--r-- 1 root root  170 Oct 19 19:30 packages/emms-bilibili-readme.txt
4.0K -rw-r--r-- 1 root root  639 Oct 19 19:30 packages/emms-bilibili.log
8.0K -rw-r--r-- 1 root root 5.4K Oct 19 19:30 packages/emms-info-mediainfo-20131223.1300.el
4.0K -rw-r--r-- 1 root root  381 Oct 19 19:30 packages/emms-info-mediainfo-20131223.1300.entry
4.0K -rw-r--r-- 1 root root 1.2K Oct 19 19:30 packages/emms-info-mediainfo-badge.svg
4.0K -rw-r--r-- 1 root root  150 Oct 19 19:30 packages/emms-info-mediainfo-readme.txt
4.0K -rw-r--r-- 1 root root  755 Oct 19 19:30 packages/emms-info-mediainfo.log
 12K -rw-r--r-- 1 root root  11K Oct 19 19:30 packages/emms-mark-ext-20130529.327.el
4.0K -rw-r--r-- 1 root root  396 Oct 19 19:30 packages/emms-mark-ext-20130529.327.entry
4.0K -rw-r--r-- 1 root root 1.2K Oct 19 19:30 packages/emms-mark-ext-badge.svg
4.0K -rw-r--r-- 1 root root  252 Oct 19 19:30 packages/emms-mark-ext-readme.txt
4.0K -rw-r--r-- 1 root root  636 Oct 19 19:30 packages/emms-mark-ext.log
 12K -rw-r--r-- 1 root root  10K Oct 19 19:30 packages/emms-mode-line-cycle-20160221.1120.el
4.0K -rw-r--r-- 1 root root  384 Oct 19 19:30 packages/emms-mode-line-cycle-20160221.1120.entry
4.0K -rw-r--r-- 1 root root 1.2K Oct 19 19:30 packages/emms-mode-line-cycle-badge.svg
4.0K -rw-r--r-- 1 root root  851 Oct 19 19:30 packages/emms-mode-line-cycle-readme.txt
4.0K -rw-r--r-- 1 root root  697 Oct 19 19:30 packages/emms-mode-line-cycle.log
4.0K -rw-r--r-- 1 root root  444 Oct 19 19:30 packages/emms-player-mpv-jp-radios-20180325.1117.entry
240K -rw-r--r-- 1 root root 240K Oct 19 19:30 packages/emms-player-mpv-jp-radios-20180325.1117.tar
4.0K -rw-r--r-- 1 root root 1.2K Oct 19 19:30 packages/emms-player-mpv-jp-radios-badge.svg
4.0K -rw-r--r-- 1 root root 2.0K Oct 19 19:30 packages/emms-player-mpv-jp-radios-readme.txt
8.0K -rw-r--r-- 1 root root 5.1K Oct 19 19:30 packages/emms-player-mpv-jp-radios.log
4.0K -rw-r--r-- 1 root root  417 Oct 19 19:30 packages/emms-player-simple-mpv-20180316.1549.entry
100K -rw-r--r-- 1 root root 100K Oct 19 19:30 packages/emms-player-simple-mpv-20180316.1549.tar
4.0K -rw-r--r-- 1 root root 1.2K Oct 19 19:30 packages/emms-player-simple-mpv-badge.svg
4.0K -rw-r--r-- 1 root root 1.8K Oct 19 19:30 packages/emms-player-simple-mpv-readme.txt
4.0K -rw-r--r-- 1 root root 2.0K Oct 19 19:30 packages/emms-player-simple-mpv.log
4.0K -rw-r--r-- 1 root root  619 Oct 19 19:30 packages/emms-readme.txt
8.0K -rw-r--r-- 1 root root 4.4K Oct 19 19:30 packages/emms-soundcloud-20131221.1145.el
4.0K -rw-r--r-- 1 root root  428 Oct 19 19:30 packages/emms-soundcloud-20131221.1145.entry
4.0K -rw-r--r-- 1 root root 1.2K Oct 19 19:30 packages/emms-soundcloud-badge.svg
4.0K -rw-r--r-- 1 root root  242 Oct 19 19:30 packages/emms-soundcloud-readme.txt
4.0K -rw-r--r-- 1 root root  653 Oct 19 19:30 packages/emms-soundcloud.log
 12K -rw-r--r-- 1 root root 9.4K Oct 19 19:30 packages/emms-state-20160504.805.el
4.0K -rw-r--r-- 1 root root  404 Oct 19 19:30 packages/emms-state-20160504.805.entry
4.0K -rw-r--r-- 1 root root 1.2K Oct 19 19:30 packages/emms-state-badge.svg
4.0K -rw-r--r-- 1 root root  796 Oct 19 19:30 packages/emms-state-readme.txt
4.0K -rw-r--r-- 1 root root  615 Oct 19 19:30 packages/emms-state.log
