Package: emr
Fetcher: github
Source:  https://github.com/Wilfred/emacs-refactor.git

Updating /mnt/store/melpa/working/emr/
Copying files (->) and directories (=>)
  from /mnt/store/melpa/working/emr/
  to /tmp/emrliadHe/emr-20190414.2015
    emr-c.el -> emr-c.el
    emr-css.el -> emr-css.el
    emr-elisp.el -> emr-elisp.el
    emr-iedit.el -> emr-iedit.el
    emr-js.el -> emr-js.el
    emr-lisp.el -> emr-lisp.el
    emr-prog.el -> emr-prog.el
    emr-ruby.el -> emr-ruby.el
    emr-scheme.el -> emr-scheme.el
    emr.el -> emr.el
Created emr-20190414.2015.tar containing:
  emr-20190414.2015/
  emr-20190414.2015/emr-c.el
  emr-20190414.2015/emr-css.el
  emr-20190414.2015/emr-elisp.el
  emr-20190414.2015/emr-iedit.el
  emr-20190414.2015/emr-js.el
  emr-20190414.2015/emr-lisp.el
  emr-20190414.2015/emr-pkg.el
  emr-20190414.2015/emr-prog.el
  emr-20190414.2015/emr-ruby.el
  emr-20190414.2015/emr-scheme.el
  emr-20190414.2015/emr.el
Built emr in 3.822s, finished at Wed Jul  7 11:48:40 2021
 ✓ Success:
4.0K -rw-r--r-- 1 root root  564 Jul  7 11:48 packages/emr-20190414.2015.entry
112K -rw-r--r-- 1 root root 110K Jul  7 11:48 packages/emr-20190414.2015.tar
4.0K -rw-r--r-- 1 root root 1.2K Jul  7 11:48 packages/emr-badge.svg
4.0K -rw-r--r-- 1 root root  338 Jul  7 11:48 packages/emr-readme.txt
