Package: eterm-fn
Fetcher: github
Source:  https://github.com/oitofelix/eterm-fn.git

Updating /mnt/store/melpa/working/eterm-fn/
Copying files (->) and directories (=>)
  from /mnt/store/melpa/working/eterm-fn/
  to /tmp/eterm-fnpvFd3d/eterm-fn-20191010.2331
    eterm-fn-pkg.el -> eterm-fn-pkg.el
    eterm-fn.el -> eterm-fn.el
    eterm-fn-256color.ti -> eterm-fn-256color.ti
    eterm-fn-color.ti -> eterm-fn-color.ti
Created eterm-fn-20191010.2331.tar containing:
  eterm-fn-20191010.2331/
  eterm-fn-20191010.2331/eterm-fn-256color.ti
  eterm-fn-20191010.2331/eterm-fn-color.ti
  eterm-fn-20191010.2331/eterm-fn-pkg.el
  eterm-fn-20191010.2331/eterm-fn.el
Built eterm-fn in 3.957s, finished at Fri Mar 26 07:31:34 2021
 ✓ Success:
4.0K -rw-r--r-- 1 root root  394 Mar 26 07:31 packages/eterm-fn-20191010.2331.entry
 20K -rw-r--r-- 1 root root  20K Mar 26 07:31 packages/eterm-fn-20191010.2331.tar
4.0K -rw-r--r-- 1 root root 1.2K Mar 26 07:31 packages/eterm-fn-badge.svg
4.0K -rw-r--r-- 1 root root  659 Mar 26 07:31 packages/eterm-fn-readme.txt
