Package: farmhouse-theme
Fetcher: github
Source:  https://github.com/mattly/emacs-farmhouse-theme.git

Updating /mnt/store/melpa/working/farmhouse-theme/
Checking out origin/HEAD
Checking out 7ddc1ff13b4a3d5466bd0d33ecb86100352e83a7
Copying files (->) and directories (=>)
  from /mnt/store/melpa/working/farmhouse-theme/
  to /tmp/farmhouse-themekMB5zk/farmhouse-theme-20160713.2244
    farmhouse-dark-theme.el -> farmhouse-dark-theme.el
    farmhouse-light-theme.el -> farmhouse-light-theme.el
    farmhouse-theme-common.el -> farmhouse-theme-common.el
    farmhouse-theme-pkg.el -> farmhouse-theme-pkg.el
Created farmhouse-theme-20160713.2244.tar containing:
  farmhouse-theme-20160713.2244/
  farmhouse-theme-20160713.2244/farmhouse-dark-theme.el
  farmhouse-theme-20160713.2244/farmhouse-light-theme.el
  farmhouse-theme-20160713.2244/farmhouse-theme-common.el
  farmhouse-theme-20160713.2244/farmhouse-theme-pkg.el
Built farmhouse-theme in 4.610s, finished at 2021-11-14T12:53:03+0000
 ✓ Success:
4.0K -rw-r--r-- 1 root root  147 Nov 14 12:53 packages/farmhouse-theme-20160713.2244.entry
 32K -rw-r--r-- 1 root root  30K Nov 14 12:53 packages/farmhouse-theme-20160713.2244.tar
4.0K -rw-r--r-- 1 root root 1.2K Nov 14 12:53 packages/farmhouse-theme-badge.svg
