Package: flycheck-pyre
Fetcher: github
Source:  https://github.com/linnik/flycheck-pyre.git

Updating /mnt/store/melpa/working/flycheck-pyre/
Copying files (->) and directories (=>)
  from /mnt/store/melpa/working/flycheck-pyre/
  to /tmp/flycheck-pyreLyCkMj/flycheck-pyre-20190215.1222
    flycheck-pyre.el -> flycheck-pyre.el
    bin => bin
Created flycheck-pyre-20190215.1222.tar containing:
  flycheck-pyre-20190215.1222/
  flycheck-pyre-20190215.1222/bin/
  flycheck-pyre-20190215.1222/bin/pyrewrapper.sh
  flycheck-pyre-20190215.1222/flycheck-pyre-pkg.el
  flycheck-pyre-20190215.1222/flycheck-pyre.el
Built flycheck-pyre in 3.955s, finished at 2021-07-15T02:57:52+0000
 ✓ Success:
4.0K -rw-r--r-- 1 root root  397 Jul 15 02:57 packages/flycheck-pyre-20190215.1222.entry
 12K -rw-r--r-- 1 root root  10K Jul 15 02:57 packages/flycheck-pyre-20190215.1222.tar
4.0K -rw-r--r-- 1 root root 1.2K Jul 15 02:57 packages/flycheck-pyre-badge.svg
4.0K -rw-r--r-- 1 root root  467 Jul 15 02:57 packages/flycheck-pyre-readme.txt
