Package: flymake-rest
Fetcher: github
Source:  https://github.com/mohkale/flymake-rest.git

Updating /mnt/store/melpa/working/flymake-rest/
Checking out origin/HEAD
Checking out fd9928801cf601a221cf45508e254f405d19c819
Copying files (->) and directories (=>)
  from /mnt/store/melpa/working/flymake-rest/
  to /tmp/flymake-restJNC67i/flymake-rest-20220109.15
    flymake-rest-commands.el -> flymake-rest-commands.el
    flymake-rest-define.el -> flymake-rest-define.el
    flymake-rest-hook.el -> flymake-rest-hook.el
    flymake-rest.el -> flymake-rest.el
  ! checkers/flymake-rest-awk-gawk.el -> flymake-rest-awk-gawk.el
  ! checkers/flymake-rest-clang.el -> flymake-rest-clang.el
  ! checkers/flymake-rest-eslint.el -> flymake-rest-eslint.el
  ! checkers/flymake-rest-gcc.el -> flymake-rest-gcc.el
  ! checkers/flymake-rest-html-tidy.el -> flymake-rest-html-tidy.el
  ! checkers/flymake-rest-jq.el -> flymake-rest-jq.el
  ! checkers/flymake-rest-jsonlint.el -> flymake-rest-jsonlint.el
  ! checkers/flymake-rest-less.el -> flymake-rest-less.el
  ! checkers/flymake-rest-lua.el -> flymake-rest-lua.el
  ! checkers/flymake-rest-luacheck.el -> flymake-rest-luacheck.el
  ! checkers/flymake-rest-markdownlint.el -> flymake-rest-markdownlint.el
  ! checkers/flymake-rest-mypy.el -> flymake-rest-mypy.el
  ! checkers/flymake-rest-proselint.el -> flymake-rest-proselint.el
  ! checkers/flymake-rest-pycodestyle.el -> flymake-rest-pycodestyle.el
  ! checkers/flymake-rest-pylint.el -> flymake-rest-pylint.el
  ! checkers/flymake-rest-rubocop.el -> flymake-rest-rubocop.el
  ! checkers/flymake-rest-shellcheck.el -> flymake-rest-shellcheck.el
  ! checkers/flymake-rest-sql-lint.el -> flymake-rest-sql-lint.el
  ! checkers/flymake-rest-sqlint.el -> flymake-rest-sqlint.el
  ! checkers/flymake-rest-xmllint.el -> flymake-rest-xmllint.el
  ! checkers/flymake-rest-yamllint.el -> flymake-rest-yamllint.el
Created flymake-rest-20220109.15.tar containing:
  flymake-rest-20220109.15/
  flymake-rest-20220109.15/flymake-rest-awk-gawk.el
  flymake-rest-20220109.15/flymake-rest-clang.el
  flymake-rest-20220109.15/flymake-rest-commands.el
  flymake-rest-20220109.15/flymake-rest-define.el
  flymake-rest-20220109.15/flymake-rest-eslint.el
  flymake-rest-20220109.15/flymake-rest-gcc.el
  flymake-rest-20220109.15/flymake-rest-hook.el
  flymake-rest-20220109.15/flymake-rest-html-tidy.el
  flymake-rest-20220109.15/flymake-rest-jq.el
  flymake-rest-20220109.15/flymake-rest-jsonlint.el
  flymake-rest-20220109.15/flymake-rest-less.el
  flymake-rest-20220109.15/flymake-rest-lua.el
  flymake-rest-20220109.15/flymake-rest-luacheck.el
  flymake-rest-20220109.15/flymake-rest-markdownlint.el
  flymake-rest-20220109.15/flymake-rest-mypy.el
  flymake-rest-20220109.15/flymake-rest-pkg.el
  flymake-rest-20220109.15/flymake-rest-proselint.el
  flymake-rest-20220109.15/flymake-rest-pycodestyle.el
  flymake-rest-20220109.15/flymake-rest-pylint.el
  flymake-rest-20220109.15/flymake-rest-rubocop.el
  flymake-rest-20220109.15/flymake-rest-shellcheck.el
  flymake-rest-20220109.15/flymake-rest-sql-lint.el
  flymake-rest-20220109.15/flymake-rest-sqlint.el
  flymake-rest-20220109.15/flymake-rest-xmllint.el
  flymake-rest-20220109.15/flymake-rest-yamllint.el
  flymake-rest-20220109.15/flymake-rest.el
Built flymake-rest in 4.106s, finished at 2022-02-10T10:00:16+0000
 ✓ Success:
4.0K -rw-r--r-- 1 root root  425 Feb 10 10:00 packages/flymake-rest-20220109.15.entry
112K -rw-r--r-- 1 root root 110K Feb 10 10:00 packages/flymake-rest-20220109.15.tar
4.0K -rw-r--r-- 1 root root 1.2K Feb 10 10:00 packages/flymake-rest-badge.svg
4.0K -rw-r--r-- 1 root root  329 Feb 10 10:00 packages/flymake-rest-readme.txt
