Package: frimacs
Fetcher: github
Source:  https://github.com/pdo/frimacs.git

Updating /mnt/store/melpa/working/frimacs/
Checking out origin/HEAD
Checking out 742268f6f05f418993dc366bbca9ccc931125748
Checking out 742268f6f05f418993dc366bbca9ccc931125748
Copying files (->) and directories (=>)
  from /mnt/store/melpa/working/frimacs/
  to /tmp/frimacsrcM2pO/frimacs-20220611.1858
    frimacs-base.el -> frimacs-base.el
    frimacs-boot-mode.el -> frimacs-boot-mode.el
    frimacs-buffer-menu.el -> frimacs-buffer-menu.el
    frimacs-help-mode.el -> frimacs-help-mode.el
    frimacs-input-mode.el -> frimacs-input-mode.el
    frimacs-process-mode.el -> frimacs-process-mode.el
    frimacs-selector.el -> frimacs-selector.el
    frimacs-spad-mode.el -> frimacs-spad-mode.el
    frimacs.el -> frimacs.el
    data/fricas-standard-category-info.dat -> data/fricas-standard-category-info.dat
    data/fricas-standard-domain-info.dat -> data/fricas-standard-domain-info.dat
    data/fricas-standard-operation-info.dat -> data/fricas-standard-operation-info.dat
    data/fricas-standard-package-info.dat -> data/fricas-standard-package-info.dat
Created frimacs-20220611.1858.tar containing:
  frimacs-20220611.1858/
  frimacs-20220611.1858/data/
  frimacs-20220611.1858/data/fricas-standard-category-info.dat
  frimacs-20220611.1858/data/fricas-standard-domain-info.dat
  frimacs-20220611.1858/data/fricas-standard-operation-info.dat
  frimacs-20220611.1858/data/fricas-standard-package-info.dat
  frimacs-20220611.1858/frimacs-base.el
  frimacs-20220611.1858/frimacs-boot-mode.el
  frimacs-20220611.1858/frimacs-buffer-menu.el
  frimacs-20220611.1858/frimacs-help-mode.el
  frimacs-20220611.1858/frimacs-input-mode.el
  frimacs-20220611.1858/frimacs-pkg.el
  frimacs-20220611.1858/frimacs-process-mode.el
  frimacs-20220611.1858/frimacs-selector.el
  frimacs-20220611.1858/frimacs-spad-mode.el
  frimacs-20220611.1858/frimacs.el
Built frimacs in 4.535s, finished at 2022-06-13T06:16:54+0000
 ✓ Success:
4.0K -rw-r--r-- 1 root root  407 Jun 13 06:16 packages/frimacs-20220611.1858.entry
232K -rw-r--r-- 1 root root 230K Jun 13 06:16 packages/frimacs-20220611.1858.tar
