
 • Building package fsharp-ts-mode
From https://github.com/bbatsov/fsharp-ts-mode
Updating /mnt/store/melpa/working/fsharp-ts-mode/
Checking out 07eb9306c82a133d6723346455f6be8e0a641ac1
Copying files (->) and directories (=>)
  from /mnt/store/melpa/working/fsharp-ts-mode/
  to /tmp/fsharp-ts-mode-4rZ5SA/fsharp-ts-mode-20260728.827/
    fsharp-ts-dotnet.el -> fsharp-ts-dotnet.el
    fsharp-ts-eglot.el -> fsharp-ts-eglot.el
    fsharp-ts-info.el -> fsharp-ts-info.el
    fsharp-ts-lens.el -> fsharp-ts-lens.el
    fsharp-ts-mode.el -> fsharp-ts-mode.el
    fsharp-ts-repl.el -> fsharp-ts-repl.el
Created fsharp-ts-mode-20260728.827.tar containing:
  fsharp-ts-mode-20260728.827/
  fsharp-ts-mode-20260728.827/fsharp-ts-dotnet.el
  fsharp-ts-mode-20260728.827/fsharp-ts-eglot.el
  fsharp-ts-mode-20260728.827/fsharp-ts-info.el
  fsharp-ts-mode-20260728.827/fsharp-ts-lens.el
  fsharp-ts-mode-20260728.827/fsharp-ts-mode-pkg.el
  fsharp-ts-mode-20260728.827/fsharp-ts-mode.el
  fsharp-ts-mode-20260728.827/fsharp-ts-repl.el
Built fsharp-ts-mode in 7.290s, finished at 2026-08-03T06:24:39+0000
