Package: genrnc
Fetcher: github
Source:  https://github.com/aki2o/emacs-genrnc.git

Updating /mnt/store/melpa/working/genrnc/
Checking out da75b1966a73ad215ec2ced4522c25f4d0bf1f9a
Copying files (->) and directories (=>)
  from /mnt/store/melpa/working/genrnc/
  to /tmp/genrncjHkHPV/genrnc-20140612.1237
    genrnc.el -> genrnc.el
    trang.jar -> trang.jar
    xsd2rng.jar -> xsd2rng.jar
    xsd2rng.xsl -> xsd2rng.xsl
Created genrnc-20140612.1237.tar containing:
  genrnc-20140612.1237/
  genrnc-20140612.1237/genrnc-pkg.el
  genrnc-20140612.1237/genrnc.el
  genrnc-20140612.1237/trang.jar
  genrnc-20140612.1237/xsd2rng.jar
  genrnc-20140612.1237/xsd2rng.xsl
Built genrnc in 4.089s, finished at 2023-03-22T12:57:32+0000
 ✓ Success:
4.0K -rw-r--r-- 1 root root  469 Mar 22 12:57 packages/genrnc-20140612.1237.entry
792K -rw-r--r-- 1 root root 790K Mar 22 12:57 packages/genrnc-20140612.1237.tar
