Package: gh
Fetcher: github
Source:  https://github.com/sigma/gh.el.git

Updating /mnt/store/melpa/working/gh/
Copying files (->) and directories (=>)
  from /mnt/store/melpa/working/gh/
  to /tmp/gh8gJe8v/gh-20201222.438
    gh-api.el -> gh-api.el
    gh-auth.el -> gh-auth.el
    gh-cache.el -> gh-cache.el
    gh-comments.el -> gh-comments.el
    gh-common.el -> gh-common.el
    gh-gist.el -> gh-gist.el
    gh-issue-comments.el -> gh-issue-comments.el
    gh-issues.el -> gh-issues.el
    gh-oauth.el -> gh-oauth.el
    gh-orgs.el -> gh-orgs.el
    gh-pkg.el -> gh-pkg.el
    gh-profile.el -> gh-profile.el
    gh-pull-comments.el -> gh-pull-comments.el
    gh-pulls.el -> gh-pulls.el
    gh-repos.el -> gh-repos.el
    gh-search.el -> gh-search.el
    gh-url.el -> gh-url.el
    gh-users.el -> gh-users.el
    gh.el -> gh.el
Created gh-20201222.438.tar containing:
  gh-20201222.438/
  gh-20201222.438/gh-api.el
  gh-20201222.438/gh-auth.el
  gh-20201222.438/gh-cache.el
  gh-20201222.438/gh-comments.el
  gh-20201222.438/gh-common.el
  gh-20201222.438/gh-gist.el
  gh-20201222.438/gh-issue-comments.el
  gh-20201222.438/gh-issues.el
  gh-20201222.438/gh-oauth.el
  gh-20201222.438/gh-orgs.el
  gh-20201222.438/gh-pkg.el
  gh-20201222.438/gh-profile.el
  gh-20201222.438/gh-pull-comments.el
  gh-20201222.438/gh-pulls.el
  gh-20201222.438/gh-repos.el
  gh-20201222.438/gh-search.el
  gh-20201222.438/gh-url.el
  gh-20201222.438/gh-users.el
  gh-20201222.438/gh.el
Wrong type argument: number-or-marker-p, nil
