
 • Building package ghub
From https://github.com/magit/ghub
Updating /mnt/store/melpa/working/ghub/
Checking out 01e2bc064ab4965d332efa11fafeda2a43f338d1
Copying files (->) and directories (=>)
  from /mnt/store/melpa/working/ghub/
  to /tmp/ghub-iCV3EL/ghub-20261001.1601/
  ! lisp/ghub-graphql.el -> ghub-graphql.el
  ! lisp/ghub-legacy.el -> ghub-legacy.el
  ! lisp/ghub.el -> ghub.el
  ! lisp/gsexp.el -> gsexp.el
  ! docs/ghub.texi -> ghub.texi
    .dir-locals.el -> .dir-locals.el
Generating ghub.info
Created ghub-20261001.1601.tar containing:
  ghub-20261001.1601/
  ghub-20261001.1601/.dir-locals.el
  ghub-20261001.1601/dir
  ghub-20261001.1601/ghub-graphql.el
  ghub-20261001.1601/ghub-legacy.el
  ghub-20261001.1601/ghub-pkg.el
  ghub-20261001.1601/ghub.el
  ghub-20261001.1601/ghub.info
  ghub-20261001.1601/gsexp.el
Built ghub in 6.045s, finished at 2026-10-04T02:26:32+0000
