Package: go
Fetcher: github
Source:  https://github.com/eschulte/el-go.git

Updating /mnt/store/melpa/working/go/
Copying files (->) and directories (=>)
  from /mnt/store/melpa/working/go/
  to /tmp/goe5hz4s/go-20161111.249
    go-api.el -> go-api.el
    go-board-faces.el -> go-board-faces.el
    go-board.el -> go-board.el
    go-util.el -> go-util.el
    go.el -> go.el
    list-buffer.el -> list-buffer.el
    back-ends => back-ends
    stone.wav -> stone.wav
Created go-20161111.249.tar containing:
  go-20161111.249/
  go-20161111.249/back-ends/
  go-20161111.249/back-ends/gnugo.el
  go-20161111.249/back-ends/gtp-pipe.el
  go-20161111.249/back-ends/gtp.el
  go-20161111.249/back-ends/igs.el
  go-20161111.249/back-ends/sgf.el
  go-20161111.249/back-ends/sgf2el.el
  go-20161111.249/go-api.el
  go-20161111.249/go-board-faces.el
  go-20161111.249/go-board.el
  go-20161111.249/go-pkg.el
  go-20161111.249/go-util.el
  go-20161111.249/go.el
  go-20161111.249/list-buffer.el
  go-20161111.249/stone.wav
Built go in 2.824s, finished at Sat Jan 16 02:18:37 2021
 ✓ Success:
4.0K -rw-r--r-- 1 root root  397 Jan 16 02:18 packages/go-20161111.249.entry
120K -rw-r--r-- 1 root root 120K Jan 16 02:18 packages/go-20161111.249.tar
8.0K -rw-r--r-- 1 root root 6.2K Jan 15 23:35 packages/go-add-tags-20161123.1227.el
4.0K -rw-r--r-- 1 root root  386 Jan 15 23:35 packages/go-add-tags-20161123.1227.entry
4.0K -rw-r--r-- 1 root root 1.2K Jan 15 23:35 packages/go-add-tags-badge.svg
4.0K -rw-r--r-- 1 root root  121 Jan 15 23:35 packages/go-add-tags-readme.txt
4.0K -rw-r--r-- 1 root root  144 Jan 16 02:18 packages/go-add-tags.log
8.0K -rw-r--r-- 1 root root 7.0K Jan 15 23:35 packages/go-autocomplete-20150904.240.el
4.0K -rw-r--r-- 1 root root  321 Jan 15 23:35 packages/go-autocomplete-20150904.240.entry
4.0K -rw-r--r-- 1 root root 1.2K Jan 15 23:35 packages/go-autocomplete-badge.svg
4.0K -rw-r--r-- 1 root root  288 Jan 15 23:35 packages/go-autocomplete-readme.txt
4.0K -rw-r--r-- 1 root root  141 Jan 16 02:18 packages/go-autocomplete.log
4.0K -rw-r--r-- 1 root root 1.2K Jan 16 02:18 packages/go-badge.svg
8.0K -rw-r--r-- 1 root root 5.2K Jan 15 23:35 packages/go-capf-20200814.1046.el
4.0K -rw-r--r-- 1 root root  373 Jan 15 23:35 packages/go-capf-20200814.1046.entry
4.0K -rw-r--r-- 1 root root 1.2K Jan 15 23:35 packages/go-capf-badge.svg
4.0K -rw-r--r-- 1 root root  455 Jan 15 23:35 packages/go-capf-readme.txt
4.0K -rw-r--r-- 1 root root  114 Jan 16 02:18 packages/go-capf.log
8.0K -rw-r--r-- 1 root root 4.5K Jan 15 23:35 packages/go-complete-20190409.516.el
4.0K -rw-r--r-- 1 root root  421 Jan 15 23:35 packages/go-complete-20190409.516.entry
4.0K -rw-r--r-- 1 root root 1.2K Jan 15 23:35 packages/go-complete-badge.svg
4.0K -rw-r--r-- 1 root root  303 Jan 15 23:35 packages/go-complete-readme.txt
4.0K -rw-r--r-- 1 root root  137 Jan 16 02:18 packages/go-complete.log
 24K -rw-r--r-- 1 root root  22K Jan 15 23:35 packages/go-direx-20150316.143.el
4.0K -rw-r--r-- 1 root root  383 Jan 15 23:35 packages/go-direx-20150316.143.entry
4.0K -rw-r--r-- 1 root root 1.2K Jan 15 23:35 packages/go-direx-badge.svg
4.0K -rw-r--r-- 1 root root  245 Jan 15 23:35 packages/go-direx-readme.txt
   0 -rw-r--r-- 1 root root    0 Jan 16 02:18 packages/go-direx.log
 12K -rw-r--r-- 1 root root 8.1K Jan 15 23:35 packages/go-dlv-20200713.1202.el
4.0K -rw-r--r-- 1 root root  411 Jan 15 23:35 packages/go-dlv-20200713.1202.entry
4.0K -rw-r--r-- 1 root root 1.2K Jan 15 23:35 packages/go-dlv-badge.svg
   0 -rw-r--r-- 1 root root    0 Jan 16 02:18 packages/go-dlv.log
 16K -rw-r--r-- 1 root root  16K Jan 15 23:35 packages/go-eldoc-20170305.1427.el
4.0K -rw-r--r-- 1 root root  358 Jan 15 23:35 packages/go-eldoc-20170305.1427.entry
4.0K -rw-r--r-- 1 root root 1.2K Jan 15 23:35 packages/go-eldoc-badge.svg
4.0K -rw-r--r-- 1 root root  272 Jan 15 23:35 packages/go-eldoc-readme.txt
4.0K -rw-r--r-- 1 root root  526 Jan 15 23:35 packages/go-eldoc.log
8.0K -rw-r--r-- 1 root root 4.4K Jan 15 23:35 packages/go-errcheck-20160723.43.el
4.0K -rw-r--r-- 1 root root  288 Jan 15 23:35 packages/go-errcheck-20160723.43.entry
4.0K -rw-r--r-- 1 root root 1.2K Jan 15 23:35 packages/go-errcheck-badge.svg
4.0K -rw-r--r-- 1 root root  465 Jan 15 23:35 packages/go-errcheck.log
8.0K -rw-r--r-- 1 root root 4.9K Jan 15 23:35 packages/go-expr-completion-20200817.1750.el
4.0K -rw-r--r-- 1 root root  406 Jan 15 23:35 packages/go-expr-completion-20200817.1750.entry
4.0K -rw-r--r-- 1 root root 1.2K Jan 15 23:35 packages/go-expr-completion-badge.svg
4.0K -rw-r--r-- 1 root root  519 Jan 15 23:35 packages/go-expr-completion-readme.txt
4.0K -rw-r--r-- 1 root root  610 Jan 15 23:35 packages/go-expr-completion.log
4.0K -rw-r--r-- 1 root root 2.9K Jan 15 23:35 packages/go-fill-struct-20171225.331.el
4.0K -rw-r--r-- 1 root root  351 Jan 15 23:35 packages/go-fill-struct-20171225.331.entry
4.0K -rw-r--r-- 1 root root 1.2K Jan 15 23:35 packages/go-fill-struct-badge.svg
4.0K -rw-r--r-- 1 root root  120 Jan 15 23:35 packages/go-fill-struct-readme.txt
4.0K -rw-r--r-- 1 root root  568 Jan 15 23:35 packages/go-fill-struct.log
8.0K -rw-r--r-- 1 root root 5.1K Jan 15 23:35 packages/go-gen-test-20171023.358.el
4.0K -rw-r--r-- 1 root root  414 Jan 15 23:35 packages/go-gen-test-20171023.358.entry
4.0K -rw-r--r-- 1 root root 1.2K Jan 15 23:35 packages/go-gen-test-badge.svg
4.0K -rw-r--r-- 1 root root  110 Jan 15 23:35 packages/go-gen-test-readme.txt
4.0K -rw-r--r-- 1 root root  544 Jan 15 23:35 packages/go-gen-test.log
4.0K -rw-r--r-- 1 root root 2.8K Jan 15 23:35 packages/go-gopath-20160705.1034.el
4.0K -rw-r--r-- 1 root root  391 Jan 15 23:35 packages/go-gopath-20160705.1034.entry
4.0K -rw-r--r-- 1 root root 1.2K Jan 15 23:35 packages/go-gopath-badge.svg
4.0K -rw-r--r-- 1 root root  448 Jan 15 23:35 packages/go-gopath.log
 20K -rw-r--r-- 1 root root  20K Jan 15 23:35 packages/go-guru-20181012.330.el
4.0K -rw-r--r-- 1 root root  234 Jan 15 23:35 packages/go-guru-20181012.330.entry
4.0K -rw-r--r-- 1 root root 1.2K Jan 15 23:35 packages/go-guru-badge.svg
4.0K -rw-r--r-- 1 root root  904 Jan 15 23:35 packages/go-guru-readme.txt
4.0K -rw-r--r-- 1 root root  513 Jan 15 23:35 packages/go-guru.log
8.0K -rw-r--r-- 1 root root 6.2K Jan 15 23:35 packages/go-imenu-20181029.1029.el
4.0K -rw-r--r-- 1 root root  356 Jan 15 23:35 packages/go-imenu-20181029.1029.entry
4.0K -rw-r--r-- 1 root root 1.2K Jan 15 23:35 packages/go-imenu-badge.svg
4.0K -rw-r--r-- 1 root root  177 Jan 15 23:35 packages/go-imenu-readme.txt
4.0K -rw-r--r-- 1 root root  522 Jan 15 23:35 packages/go-imenu.log
8.0K -rw-r--r-- 1 root root 6.6K Jan 15 23:35 packages/go-impl-20170125.1552.el
4.0K -rw-r--r-- 1 root root  356 Jan 15 23:35 packages/go-impl-20170125.1552.entry
4.0K -rw-r--r-- 1 root root 1.2K Jan 15 23:35 packages/go-impl-badge.svg
4.0K -rw-r--r-- 1 root root   59 Jan 15 23:35 packages/go-impl-readme.txt
4.0K -rw-r--r-- 1 root root  518 Jan 15 23:35 packages/go-impl.log
4.0K -rw-r--r-- 1 root root  339 Jan 15 23:35 packages/go-imports-20190715.1647.entry
 20K -rw-r--r-- 1 root root  20K Jan 15 23:35 packages/go-imports-20190715.1647.tar
4.0K -rw-r--r-- 1 root root 1.2K Jan 15 23:35 packages/go-imports-badge.svg
4.0K -rw-r--r-- 1 root root  881 Jan 15 23:35 packages/go-imports-readme.txt
4.0K -rw-r--r-- 1 root root  961 Jan 15 23:35 packages/go-imports.log
112K -rw-r--r-- 1 root root 111K Jan 15 23:35 packages/go-mode-20201204.1652.el
4.0K -rw-r--r-- 1 root root  322 Jan 15 23:35 packages/go-mode-20201204.1652.entry
4.0K -rw-r--r-- 1 root root 1.2K Jan 15 23:35 packages/go-mode-badge.svg
4.0K -rw-r--r-- 1 root root  304 Jan 15 23:35 packages/go-mode-readme.txt
4.0K -rw-r--r-- 1 root root  515 Jan 15 23:35 packages/go-mode.log
8.0K -rw-r--r-- 1 root root 6.1K Jan 15 23:35 packages/go-noisegate-20200502.703.el
4.0K -rw-r--r-- 1 root root  367 Jan 15 23:35 packages/go-noisegate-20200502.703.entry
4.0K -rw-r--r-- 1 root root 1.2K Jan 15 23:35 packages/go-noisegate-badge.svg
4.0K -rw-r--r-- 1 root root  249 Jan 15 23:35 packages/go-noisegate-readme.txt
4.0K -rw-r--r-- 1 root root  557 Jan 15 23:35 packages/go-noisegate.log
8.0K -rw-r--r-- 1 root root 7.7K Jan 15 23:35 packages/go-playground-20200818.2215.el
4.0K -rw-r--r-- 1 root root  436 Jan 15 23:35 packages/go-playground-20200818.2215.entry
4.0K -rw-r--r-- 1 root root 1.2K Jan 15 23:35 packages/go-playground-badge.svg
4.0K -rw-r--r-- 1 root root 3.6K Jan 15 23:35 packages/go-playground-cli-20160503.914.el
4.0K -rw-r--r-- 1 root root  615 Jan 15 23:35 packages/go-playground-cli-20160503.914.entry
4.0K -rw-r--r-- 1 root root 1.2K Jan 15 23:35 packages/go-playground-cli-badge.svg
4.0K -rw-r--r-- 1 root root  139 Jan 15 23:35 packages/go-playground-cli-readme.txt
4.0K -rw-r--r-- 1 root root  590 Jan 15 23:35 packages/go-playground-cli.log
4.0K -rw-r--r-- 1 root root  483 Jan 15 23:35 packages/go-playground-readme.txt
4.0K -rw-r--r-- 1 root root  983 Jan 15 23:35 packages/go-playground.log
 16K -rw-r--r-- 1 root root  13K Jan 15 23:35 packages/go-projectile-20200609.131.el
4.0K -rw-r--r-- 1 root root  489 Jan 15 23:35 packages/go-projectile-20200609.131.entry
4.0K -rw-r--r-- 1 root root 1.2K Jan 15 23:35 packages/go-projectile-badge.svg
4.0K -rw-r--r-- 1 root root  155 Jan 15 23:35 packages/go-projectile-readme.txt
4.0K -rw-r--r-- 1 root root  555 Jan 15 23:35 packages/go-projectile.log
4.0K -rw-r--r-- 1 root root  287 Jan 16 02:18 packages/go-readme.txt
8.0K -rw-r--r-- 1 root root 4.1K Jan 15 23:35 packages/go-rename-20190805.2101.el
4.0K -rw-r--r-- 1 root root  217 Jan 15 23:35 packages/go-rename-20190805.2101.entry
4.0K -rw-r--r-- 1 root root 1.2K Jan 15 23:35 packages/go-rename-badge.svg
4.0K -rw-r--r-- 1 root root  266 Jan 15 23:35 packages/go-rename-readme.txt
4.0K -rw-r--r-- 1 root root  529 Jan 15 23:35 packages/go-rename.log
8.0K -rw-r--r-- 1 root root 4.1K Jan 15 23:35 packages/go-scratch-20150810.440.el
4.0K -rw-r--r-- 1 root root  374 Jan 15 23:35 packages/go-scratch-20150810.440.entry
4.0K -rw-r--r-- 1 root root 1.2K Jan 15 23:35 packages/go-scratch-badge.svg
4.0K -rw-r--r-- 1 root root   62 Jan 15 23:35 packages/go-scratch-readme.txt
4.0K -rw-r--r-- 1 root root  535 Jan 15 23:35 packages/go-scratch.log
4.0K -rw-r--r-- 1 root root  196 Jan 15 23:35 packages/go-snippets-20180113.611.entry
 32K -rw-r--r-- 1 root root  30K Jan 15 23:35 packages/go-snippets-20180113.611.tar
4.0K -rw-r--r-- 1 root root 1.2K Jan 15 23:35 packages/go-snippets-badge.svg
4.0K -rw-r--r-- 1 root root 1.7K Jan 15 23:35 packages/go-snippets.log
4.0K -rw-r--r-- 1 root root 3.9K Jan 15 23:35 packages/go-stacktracer-20150430.2142.el
4.0K -rw-r--r-- 1 root root  341 Jan 15 23:35 packages/go-stacktracer-20150430.2142.entry
4.0K -rw-r--r-- 1 root root 1.2K Jan 15 23:35 packages/go-stacktracer-badge.svg
4.0K -rw-r--r-- 1 root root 1.3K Jan 15 23:35 packages/go-stacktracer-readme.txt
4.0K -rw-r--r-- 1 root root  570 Jan 15 23:35 packages/go-stacktracer.log
 12K -rw-r--r-- 1 root root 9.1K Jan 15 23:35 packages/go-tag-20180227.411.el
4.0K -rw-r--r-- 1 root root  358 Jan 15 23:35 packages/go-tag-20180227.411.entry
4.0K -rw-r--r-- 1 root root 1.2K Jan 15 23:35 packages/go-tag-badge.svg
4.0K -rw-r--r-- 1 root root  279 Jan 15 23:35 packages/go-tag-readme.txt
4.0K -rw-r--r-- 1 root root  507 Jan 15 23:35 packages/go-tag.log
 52K -rw-r--r-- 1 root root  50K Jan 15 23:35 packages/go-translate-20201203.203.el
4.0K -rw-r--r-- 1 root root  342 Jan 15 23:35 packages/go-translate-20201203.203.entry
4.0K -rw-r--r-- 1 root root 1.2K Jan 15 23:35 packages/go-translate-badge.svg
4.0K -rw-r--r-- 1 root root  884 Jan 15 23:35 packages/go-translate-readme.txt
4.0K -rw-r--r-- 1 root root  548 Jan 15 23:35 packages/go-translate.log
