Package: grugru
Fetcher: github
Source:  https://github.com/ROCKTAKEY/grugru.git

Updating /mnt/store/melpa/working/grugru/
Checking out origin/HEAD
Checking out b4ec1f1a2cdf3a2e59227d040513d0de012ac4f6
Copying files (->) and directories (=>)
  from /mnt/store/melpa/working/grugru/
  to /tmp/grugru2DA2kp/grugru-20211114.948
    grugru-default.el -> grugru-default.el
    grugru-utils.el -> grugru-utils.el
    grugru.el -> grugru.el
Created grugru-20211114.948.tar containing:
  grugru-20211114.948/
  grugru-20211114.948/grugru-default.el
  grugru-20211114.948/grugru-pkg.el
  grugru-20211114.948/grugru-utils.el
  grugru-20211114.948/grugru.el
Built grugru in 4.836s, finished at 2021-11-14T23:57:02+0000
 ✓ Success:
4.0K -rw-r--r-- 1 root root  345 Nov 14 23:57 packages/grugru-20211114.948.entry
 72K -rw-r--r-- 1 root root  70K Nov 14 23:57 packages/grugru-20211114.948.tar
4.0K -rw-r--r-- 1 root root 1.2K Nov 14 23:57 packages/grugru-badge.svg
 12K -rw-r--r-- 1 root root  12K Nov 14 23:57 packages/grugru-readme.txt
