Package: gruvbox-theme
Fetcher: github
Source:  https://github.com/greduan/emacs-theme-gruvbox.git

Updating /mnt/store/melpa/working/gruvbox-theme/
Checking out origin/HEAD
Checking out 6c54b1f453dca09e5800da5fbce7153c26dc6b82
Checking out 6c54b1f453dca09e5800da5fbce7153c26dc6b82
Copying files (->) and directories (=>)
  from /mnt/store/melpa/working/gruvbox-theme/
  to /tmp/gruvbox-themeU9ffqD/gruvbox-theme-20220804.103
    gruvbox-dark-hard-theme.el -> gruvbox-dark-hard-theme.el
    gruvbox-dark-medium-theme.el -> gruvbox-dark-medium-theme.el
    gruvbox-dark-soft-theme.el -> gruvbox-dark-soft-theme.el
    gruvbox-light-hard-theme.el -> gruvbox-light-hard-theme.el
    gruvbox-light-medium-theme.el -> gruvbox-light-medium-theme.el
    gruvbox-light-soft-theme.el -> gruvbox-light-soft-theme.el
    gruvbox-theme.el -> gruvbox-theme.el
    gruvbox.el -> gruvbox.el
Created gruvbox-theme-20220804.103.tar containing:
  gruvbox-theme-20220804.103/
  gruvbox-theme-20220804.103/gruvbox-dark-hard-theme.el
  gruvbox-theme-20220804.103/gruvbox-dark-medium-theme.el
  gruvbox-theme-20220804.103/gruvbox-dark-soft-theme.el
  gruvbox-theme-20220804.103/gruvbox-light-hard-theme.el
  gruvbox-theme-20220804.103/gruvbox-light-medium-theme.el
  gruvbox-theme-20220804.103/gruvbox-light-soft-theme.el
  gruvbox-theme-20220804.103/gruvbox-theme-pkg.el
  gruvbox-theme-20220804.103/gruvbox-theme.el
  gruvbox-theme-20220804.103/gruvbox.el
Built gruvbox-theme in 6.260s, finished at 2022-08-04T23:52:50+0000
 ✓ Success:
4.0K -rw-r--r-- 1 root root  350 Aug  4 23:52 packages/gruvbox-theme-20220804.103.entry
120K -rw-r--r-- 1 root root 120K Aug  4 23:52 packages/gruvbox-theme-20220804.103.tar
