Package: helm-w32-launcher
Fetcher: github
Source:  https://github.com/Fanael/helm-w32-launcher.git

Updating /mnt/store/melpa/working/helm-w32-launcher/
Copying files (->) and directories (=>)
  from /mnt/store/melpa/working/helm-w32-launcher/
  to /tmp/helm-w32-launcherwlaStc/helm-w32-launcher-20141219.1829
    helm-w32-launcher.el -> helm-w32-launcher.el
    helper-src => helper-src
    license.txt -> license.txt
Created helm-w32-launcher-20141219.1829.tar containing:
  helm-w32-launcher-20141219.1829/
  helm-w32-launcher-20141219.1829/helm-w32-launcher-pkg.el
  helm-w32-launcher-20141219.1829/helm-w32-launcher.el
  helm-w32-launcher-20141219.1829/helper-src/
  helm-w32-launcher-20141219.1829/helper-src/ICommand.cs
  helm-w32-launcher-20141219.1829/helper-src/ItemLister.cs
  helm-w32-launcher-20141219.1829/helper-src/LispPrinter.cs
  helm-w32-launcher-20141219.1829/helper-src/NativeMethods.cs
  helm-w32-launcher-20141219.1829/helper-src/ProcessStarter.cs
  helm-w32-launcher-20141219.1829/helper-src/Program.cs
  helm-w32-launcher-20141219.1829/license.txt
Built helm-w32-launcher in 3.873s, finished at Wed Jul  7 12:02:24 2021
 ✓ Success:
4.0K -rw-r--r-- 1 root root  439 Jul  7 12:02 packages/helm-w32-launcher-20141219.1829.entry
 32K -rw-r--r-- 1 root root  30K Jul  7 12:02 packages/helm-w32-launcher-20141219.1829.tar
4.0K -rw-r--r-- 1 root root 1.2K Jul  7 12:02 packages/helm-w32-launcher-badge.svg
4.0K -rw-r--r-- 1 root root  335 Jul  7 12:02 packages/helm-w32-launcher-readme.txt
