Package: hl-prog-extra
Fetcher: codeberg
Source:  https://codeberg.org/ideasman42/emacs-hl-prog-extra.git

Updating /mnt/store/melpa/working/hl-prog-extra/
Checking out a573977f9734b1786a4691c9fb8e5031159027f6
Copying files (->) and directories (=>)
  from /mnt/store/melpa/working/hl-prog-extra/
  to /tmp/hl-prog-extraiI4IKj/hl-prog-extra-20230201.140
    hl-prog-extra-preset-c++-mode.el -> hl-prog-extra-preset-c++-mode.el
    hl-prog-extra-preset-c-mode.el -> hl-prog-extra-preset-c-mode.el
    hl-prog-extra-preset-lua-mode.el -> hl-prog-extra-preset-lua-mode.el
    hl-prog-extra-preset-python-mode.el -> hl-prog-extra-preset-python-mode.el
    hl-prog-extra.el -> hl-prog-extra.el
Created hl-prog-extra-20230201.140.tar containing:
  hl-prog-extra-20230201.140/
  hl-prog-extra-20230201.140/hl-prog-extra-pkg.el
  hl-prog-extra-20230201.140/hl-prog-extra-preset-c++-mode.el
  hl-prog-extra-20230201.140/hl-prog-extra-preset-c-mode.el
  hl-prog-extra-20230201.140/hl-prog-extra-preset-lua-mode.el
  hl-prog-extra-20230201.140/hl-prog-extra-preset-python-mode.el
  hl-prog-extra-20230201.140/hl-prog-extra.el
Built hl-prog-extra in 4.497s, finished at 2023-04-22T23:31:51+0000
 ✓ Success:
4.0K -rw-r--r-- 1 root root 393 Apr 22 23:31 packages/hl-prog-extra-20230201.140.entry
 52K -rw-r--r-- 1 root root 50K Apr 22 23:31 packages/hl-prog-extra-20230201.140.tar
