Package: hydra
Fetcher: github
Source:  https://github.com/abo-abo/hydra.git

Updating /mnt/store/melpa/working/hydra/
Copying files (->) and directories (=>)
  from /mnt/store/melpa/working/hydra/
  to /tmp/hydra54a9mv/hydra-20201115.1055
    hydra-examples.el -> hydra-examples.el
    hydra-ox.el -> hydra-ox.el
    hydra.el -> hydra.el
Created hydra-20201115.1055.tar containing:
  hydra-20201115.1055/
  hydra-20201115.1055/hydra-examples.el
  hydra-20201115.1055/hydra-ox.el
  hydra-20201115.1055/hydra-pkg.el
  hydra-20201115.1055/hydra.el
Built hydra in 2.981s, finished at Sun Jan 17 16:48:37 2021
 ✓ Success:
4.0K -rw-r--r-- 1 root root  349 Jan 17 16:48 packages/hydra-20201115.1055.entry
 92K -rw-r--r-- 1 root root  90K Jan 17 16:48 packages/hydra-20201115.1055.tar
4.0K -rw-r--r-- 1 root root 1.2K Jan 17 16:48 packages/hydra-badge.svg
4.0K -rw-r--r-- 1 root root 1.9K Jan 17 16:48 packages/hydra-readme.txt
