Package: idris-mode
Fetcher: github
Source:  https://github.com/idris-hackers/idris-mode.git

Updating /mnt/store/melpa/working/idris-mode/
Copying files (->) and directories (=>)
  from /mnt/store/melpa/working/idris-mode/
  to /tmp/idris-modew74TQl/idris-mode-20210222.1053
    idris-commands.el -> idris-commands.el
    idris-common-utils.el -> idris-common-utils.el
    idris-compat.el -> idris-compat.el
    idris-core.el -> idris-core.el
    idris-events.el -> idris-events.el
    idris-highlight-input.el -> idris-highlight-input.el
    idris-hole-list.el -> idris-hole-list.el
    idris-info.el -> idris-info.el
    idris-ipkg-mode.el -> idris-ipkg-mode.el
    idris-keys.el -> idris-keys.el
    idris-log.el -> idris-log.el
    idris-mode.el -> idris-mode.el
    idris-navigate.el -> idris-navigate.el
    idris-prover.el -> idris-prover.el
    idris-repl.el -> idris-repl.el
    idris-settings.el -> idris-settings.el
    idris-simple-indent.el -> idris-simple-indent.el
    idris-syntax.el -> idris-syntax.el
    idris-tree-info.el -> idris-tree-info.el
    idris-warnings-tree.el -> idris-warnings-tree.el
    idris-warnings.el -> idris-warnings.el
    inferior-idris.el -> inferior-idris.el
    logo-small.png -> logo-small.png
Created idris-mode-20210222.1053.tar containing:
  idris-mode-20210222.1053/
  idris-mode-20210222.1053/idris-commands.el
  idris-mode-20210222.1053/idris-common-utils.el
  idris-mode-20210222.1053/idris-compat.el
  idris-mode-20210222.1053/idris-core.el
  idris-mode-20210222.1053/idris-events.el
  idris-mode-20210222.1053/idris-highlight-input.el
  idris-mode-20210222.1053/idris-hole-list.el
  idris-mode-20210222.1053/idris-info.el
  idris-mode-20210222.1053/idris-ipkg-mode.el
  idris-mode-20210222.1053/idris-keys.el
  idris-mode-20210222.1053/idris-log.el
  idris-mode-20210222.1053/idris-mode-pkg.el
  idris-mode-20210222.1053/idris-mode.el
  idris-mode-20210222.1053/idris-navigate.el
  idris-mode-20210222.1053/idris-prover.el
  idris-mode-20210222.1053/idris-repl.el
  idris-mode-20210222.1053/idris-settings.el
  idris-mode-20210222.1053/idris-simple-indent.el
  idris-mode-20210222.1053/idris-syntax.el
  idris-mode-20210222.1053/idris-tree-info.el
  idris-mode-20210222.1053/idris-warnings-tree.el
  idris-mode-20210222.1053/idris-warnings.el
  idris-mode-20210222.1053/inferior-idris.el
  idris-mode-20210222.1053/logo-small.png
Built idris-mode in 4.585s, finished at Mon Feb 22 17:28:52 2021
 ✓ Success:
4.0K -rw-r--r-- 1 root root  332 Feb 22 17:28 packages/idris-mode-20210222.1053.entry
312K -rw-r--r-- 1 root root 310K Feb 22 17:28 packages/idris-mode-20210222.1053.tar
4.0K -rw-r--r-- 1 root root 1.2K Feb 22 17:28 packages/idris-mode-badge.svg
4.0K -rw-r--r-- 1 root root  150 Feb 22 17:28 packages/idris-mode-readme.txt
