Package: impatient-mode
Fetcher: github
Source:  https://github.com/skeeto/impatient-mode.git

Updating /mnt/store/melpa/working/impatient-mode/
Checking out origin/HEAD
Checking out cbddfd54242210df3e1c3b590fada5bb5423f5ed
Copying files (->) and directories (=>)
  from /mnt/store/melpa/working/impatient-mode/
  to /tmp/impatient-mode8lmrFV/impatient-mode-20200723.2117
    index.html -> index.html
    loading.html -> loading.html
    jquery.js -> jquery.js
    impatient-mode.el -> impatient-mode.el
Created impatient-mode-20200723.2117.tar containing:
  impatient-mode-20200723.2117/
  impatient-mode-20200723.2117/impatient-mode-pkg.el
  impatient-mode-20200723.2117/impatient-mode.el
  impatient-mode-20200723.2117/index.html
  impatient-mode-20200723.2117/jquery.js
  impatient-mode-20200723.2117/loading.html
Built impatient-mode in 10.219s, finished at 2021-09-23T03:28:40+0000
 ✓ Success:
4.0K -rw-r--r-- 1 root root  385 Sep 23 03:28 packages/impatient-mode-20200723.2117.entry
240K -rw-r--r-- 1 root root 240K Sep 23 03:28 packages/impatient-mode-20200723.2117.tar
4.0K -rw-r--r-- 1 root root 1.2K Sep 23 03:28 packages/impatient-mode-badge.svg
4.0K -rw-r--r-- 1 root root  991 Sep 23 03:28 packages/impatient-mode-readme.txt
