Package: impatient-showdown
Fetcher: github
Source:  https://github.com/jcs-elpa/impatient-showdown.git

Updating /mnt/store/melpa/working/impatient-showdown/
Copying files (->) and directories (=>)
  from /mnt/store/melpa/working/impatient-showdown/
  to /tmp/impatient-showdownc5yAPm/impatient-showdown-20200914.221
    impatient-showdown.el -> impatient-showdown.el
    preview.html -> preview.html
Created impatient-showdown-20200914.221.tar containing:
  impatient-showdown-20200914.221/
  impatient-showdown-20200914.221/impatient-showdown-pkg.el
  impatient-showdown-20200914.221/impatient-showdown.el
  impatient-showdown-20200914.221/preview.html
Built impatient-showdown in 3.653s, finished at Sat May 15 18:13:07 2021
 ✓ Success:
4.0K -rw-r--r-- 1 root root  452 May 15 18:13 packages/impatient-showdown-20200914.221.entry
 20K -rw-r--r-- 1 root root  20K May 15 18:13 packages/impatient-showdown-20200914.221.tar
4.0K -rw-r--r-- 1 root root 1.2K May 15 18:13 packages/impatient-showdown-badge.svg
4.0K -rw-r--r-- 1 root root   56 May 15 18:13 packages/impatient-showdown-readme.txt
