Package: indexed
Fetcher: github
Source:  https://github.com/meedstrom/indexed

Updating /mnt/store/melpa/working/indexed/
Checking out 297ce158e7cd2d0ba2d79e20d4c6178cd602255d
Copying files (->) and directories (=>)
  from /mnt/store/melpa/working/indexed/
  to /tmp/indexedmIlg9G/indexed-20250319.44
    indexed-list.el -> indexed-list.el
    indexed-org-parser.el -> indexed-org-parser.el
    indexed-roam.el -> indexed-roam.el
    indexed-x.el -> indexed-x.el
    indexed.el -> indexed.el
Created indexed-20250319.44.tar containing:
  indexed-20250319.44/
  indexed-20250319.44/indexed-list.el
  indexed-20250319.44/indexed-org-parser.el
  indexed-20250319.44/indexed-pkg.el
  indexed-20250319.44/indexed-roam.el
  indexed-20250319.44/indexed-x.el
  indexed-20250319.44/indexed.el
 ✓ Success:
  2025-03-19T10:20:20+0000  indexed-20250319.44.entry
  2025-03-19T10:20:20+0000  indexed-20250319.44.tar
Built indexed in 2.855s, finished at 2025-03-19T10:20:21+0000
