Package: j-mode
Fetcher: github
Source:  https://github.com/zellio/j-mode.git

Updating /mnt/store/melpa/working/j-mode/
Checking out origin/HEAD
Checking out e8725ac8af95498faabb2ca3ab3bd809a8f148e6
Copying files (->) and directories (=>)
  from /mnt/store/melpa/working/j-mode/
  to /tmp/j-modeXPrd0w/j-mode-20171224.1856
    j-console.el -> j-console.el
    j-font-lock.el -> j-font-lock.el
    j-help.el -> j-help.el
    j-mode.el -> j-mode.el
Created j-mode-20171224.1856.tar containing:
  j-mode-20171224.1856/
  j-mode-20171224.1856/j-console.el
  j-mode-20171224.1856/j-font-lock.el
  j-mode-20171224.1856/j-help.el
  j-mode-20171224.1856/j-mode-pkg.el
  j-mode-20171224.1856/j-mode.el
Built j-mode in 4.046s, finished at 2022-01-30T07:16:23+0000
 ✓ Success:
4.0K -rw-r--r-- 1 root root  212 Jan 30 07:16 packages/j-mode-20171224.1856.entry
 32K -rw-r--r-- 1 root root  30K Jan 30 07:16 packages/j-mode-20171224.1856.tar
4.0K -rw-r--r-- 1 root root 1.2K Jan 30 07:16 packages/j-mode-badge.svg
4.0K -rw-r--r-- 1 root root  468 Jan 30 07:16 packages/j-mode-readme.txt
