Package: jabber
Fetcher: git
Source:  https://codeberg.org/emacs-jabber/emacs-jabber.git

Cloning https://codeberg.org/emacs-jabber/emacs-jabber.git to /mnt/store/melpa/working/jabber/
Checking out origin/production
Checking out e93665085c06ef587b4739b2bf475db6f469bd00
Checking out e93665085c06ef587b4739b2bf475db6f469bd00
Copying files (->) and directories (=>)
  from /mnt/store/melpa/working/jabber/
  to /tmp/jabberYD8bVx/jabber-20220601.403
    jabber-awesome.el -> jabber-awesome.el
    jabber-festival.el -> jabber-festival.el
    jabber-gmail.el -> jabber-gmail.el
    jabber-httpupload.el -> jabber-httpupload.el
    jabber-libnotify.el -> jabber-libnotify.el
    jabber-notifications.el -> jabber-notifications.el
    jabber-ourversion.el -> jabber-ourversion.el
    jabber-ratpoison.el -> jabber-ratpoison.el
    jabber-sawfish.el -> jabber-sawfish.el
    jabber-screen.el -> jabber-screen.el
    jabber-tmux.el -> jabber-tmux.el
    jabber-wmii.el -> jabber-wmii.el
    jabber-xmessage.el -> jabber-xmessage.el
    jabber.el -> jabber.el
    jabber.texi -> jabber.texi
    CHANGELOG.org -> CHANGELOG.org
    README.org -> README.org
    deprecated.org -> deprecated.org
    jabber-httpupload.org -> jabber-httpupload.org
    jabber.org -> jabber.org
    jabber-fallback-lib/hexrgb.el -> jabber-fallback-lib/hexrgb.el
Generating /tmp/jabberYD8bVx/jabber-20220601.403/jabber.info
Created jabber-20220601.403.tar containing:
  jabber-20220601.403/
  jabber-20220601.403/CHANGELOG.org
  jabber-20220601.403/README.org
  jabber-20220601.403/deprecated.org
  jabber-20220601.403/dir
  jabber-20220601.403/jabber-awesome.el
  jabber-20220601.403/jabber-fallback-lib/
  jabber-20220601.403/jabber-fallback-lib/hexrgb.el
  jabber-20220601.403/jabber-festival.el
  jabber-20220601.403/jabber-gmail.el
  jabber-20220601.403/jabber-httpupload.el
  jabber-20220601.403/jabber-httpupload.org
  jabber-20220601.403/jabber-libnotify.el
  jabber-20220601.403/jabber-notifications.el
  jabber-20220601.403/jabber-ourversion.el
  jabber-20220601.403/jabber-pkg.el
  jabber-20220601.403/jabber-ratpoison.el
  jabber-20220601.403/jabber-sawfish.el
  jabber-20220601.403/jabber-screen.el
  jabber-20220601.403/jabber-tmux.el
  jabber-20220601.403/jabber-wmii.el
  jabber-20220601.403/jabber-xmessage.el
  jabber-20220601.403/jabber.el
  jabber-20220601.403/jabber.info
  jabber-20220601.403/jabber.org
Built jabber in 32.907s, finished at 2022-06-18T21:30:46+0000
 ✓ Success:
4.0K -rw-r--r-- 1 root root  163 Jun 18 18:32 packages/jabber-20180927.2325.entry
792K -rw-r--r-- 1 root root 790K Jun 18 18:32 packages/jabber-20180927.2325.tar
4.0K -rw-r--r-- 1 root root  361 Jun 18 21:30 packages/jabber-20220601.403.entry
1.5M -rw-r--r-- 1 root root 1.5M Jun 18 21:30 packages/jabber-20220601.403.tar
