
 • Building package jal
From https://github.com/saulotoledo/java-agent-loader
Updating /mnt/store/melpa/working/jal/
Checking out e2dac4a10a50361f1e9641ff614f4906823e4331
Copying files (->) and directories (=>)
  from /mnt/store/melpa/working/jal/
  to /tmp/jal-kkNJZq/jal-20260721.2151/
    jal-build-gradle.el -> jal-build-gradle.el
    jal-build-maven.el -> jal-build-maven.el
    jal-client-eglot.el -> jal-client-eglot.el
    jal-client-lsp.el -> jal-client-lsp.el
    jal-known-agents.el -> jal-known-agents.el
    jal-utils.el -> jal-utils.el
    jal-vars.el -> jal-vars.el
    jal.el -> jal.el
Created jal-20260721.2151.tar containing:
  jal-20260721.2151/
  jal-20260721.2151/jal-build-gradle.el
  jal-20260721.2151/jal-build-maven.el
  jal-20260721.2151/jal-client-eglot.el
  jal-20260721.2151/jal-client-lsp.el
  jal-20260721.2151/jal-known-agents.el
  jal-20260721.2151/jal-pkg.el
  jal-20260721.2151/jal-utils.el
  jal-20260721.2151/jal-vars.el
  jal-20260721.2151/jal.el
Built jal in 2.189s, finished at 2026-07-22T02:19:14+0000
