Package: jedi
Fetcher: github
Source:  https://github.com/tkf/emacs-jedi.git

Updating /mnt/store/melpa/working/jedi/
Built jedi in 4.829s, finished at 2021-07-18T13:37:01+0000
 ✓ Success:
4.0K -rw-r--r-- 1 root root 3.7K Jul 18 13:37 packages/jedi-20191011.1750.el
4.0K -rw-r--r-- 1 root root  335 Jul 18 13:37 packages/jedi-20191011.1750.entry
4.0K -rw-r--r-- 1 root root 1.2K Jul 18 13:37 packages/jedi-badge.svg
4.0K -rw-r--r-- 1 root root  406 Jul 18 13:37 packages/jedi-core-20210503.1315.entry
 80K -rw-r--r-- 1 root root  80K Jul 18 13:37 packages/jedi-core-20210503.1315.tar
4.0K -rw-r--r-- 1 root root 1.2K Jul 18 13:37 packages/jedi-core-badge.svg
   0 -rw-r--r-- 1 root root    0 Jul 18 13:37 packages/jedi-core-readme.txt
4.0K -rw-r--r-- 1 root root 1.1K Jul 18 13:37 packages/jedi-core.log
8.0K -rw-r--r-- 1 root root 5.9K Jul 18 13:37 packages/jedi-direx-20140310.936.el
4.0K -rw-r--r-- 1 root root  359 Jul 18 13:37 packages/jedi-direx-20140310.936.entry
4.0K -rw-r--r-- 1 root root 1.2K Jul 18 13:37 packages/jedi-direx-badge.svg
   0 -rw-r--r-- 1 root root    0 Jul 18 13:37 packages/jedi-direx-readme.txt
4.0K -rw-r--r-- 1 root root  215 Jul 18 13:37 packages/jedi-direx.log
   0 -rw-r--r-- 1 root root    0 Jul 18 13:37 packages/jedi-readme.txt
