Package: jonprl-mode
Fetcher: github
Source:  https://github.com/david-christiansen/jonprl-mode.git

Updating /mnt/store/melpa/working/jonprl-mode/
Checking out origin/HEAD
Checking out 6059bb64891fae45827174e044d6a87ac07172d8
Copying files (->) and directories (=>)
  from /mnt/store/melpa/working/jonprl-mode/
  to /tmp/jonprl-mode2J4WSl/jonprl-mode-20160819.59
    jonprl-compat.el -> jonprl-compat.el
    jonprl-mode.el -> jonprl-mode.el
    jonprl-icon.png -> jonprl-icon.png
Created jonprl-mode-20160819.59.tar containing:
  jonprl-mode-20160819.59/
  jonprl-mode-20160819.59/jonprl-compat.el
  jonprl-mode-20160819.59/jonprl-icon.png
  jonprl-mode-20160819.59/jonprl-mode-pkg.el
  jonprl-mode-20160819.59/jonprl-mode.el
Built jonprl-mode in 3.161s, finished at 2022-10-05T22:59:06+0000
 ✓ Success:
4.0K -rw-r--r-- 1 root root 431 Oct  5 22:59 packages/jonprl-mode-20160819.59.entry
 32K -rw-r--r-- 1 root root 30K Oct  5 22:59 packages/jonprl-mode-20160819.59.tar
