Package: k8s-mode
Fetcher: github
Source:  https://github.com/TxGVNN/emacs-k8s-mode.git

Updating /mnt/store/melpa/working/k8s-mode/
Checking out 83266cecd6a39cdf57d124270646047860bfb7ab
Copying files (->) and directories (=>)
  from /mnt/store/melpa/working/k8s-mode/
  to /tmp/k8s-modeJOSOfF/k8s-mode-20230305.1039
    k8s-mode.el -> k8s-mode.el
    snippets/k8s-mode/configmap -> snippets/k8s-mode/configmap
    snippets/k8s-mode/cronjob -> snippets/k8s-mode/cronjob
    snippets/k8s-mode/daemonset -> snippets/k8s-mode/daemonset
    snippets/k8s-mode/deployment -> snippets/k8s-mode/deployment
    snippets/k8s-mode/horizontalpodautoscaler -> snippets/k8s-mode/horizontalpodautoscaler
    snippets/k8s-mode/ing-tls -> snippets/k8s-mode/ing-tls
    snippets/k8s-mode/ingress -> snippets/k8s-mode/ingress
    snippets/k8s-mode/job -> snippets/k8s-mode/job
    snippets/k8s-mode/namespace -> snippets/k8s-mode/namespace
    snippets/k8s-mode/network-deny -> snippets/k8s-mode/network-deny
    snippets/k8s-mode/persistentvolume -> snippets/k8s-mode/persistentvolume
    snippets/k8s-mode/persistentvolumeclaim -> snippets/k8s-mode/persistentvolumeclaim
    snippets/k8s-mode/pod -> snippets/k8s-mode/pod
    snippets/k8s-mode/replicationcontroller -> snippets/k8s-mode/replicationcontroller
    snippets/k8s-mode/role -> snippets/k8s-mode/role
    snippets/k8s-mode/rolebinding -> snippets/k8s-mode/rolebinding
    snippets/k8s-mode/secret -> snippets/k8s-mode/secret
    snippets/k8s-mode/service -> snippets/k8s-mode/service
    snippets/k8s-mode/serviceaccount -> snippets/k8s-mode/serviceaccount
    snippets/k8s-mode/statefulset -> snippets/k8s-mode/statefulset
Created k8s-mode-20230305.1039.tar containing:
  k8s-mode-20230305.1039/
  k8s-mode-20230305.1039/k8s-mode-pkg.el
  k8s-mode-20230305.1039/k8s-mode.el
  k8s-mode-20230305.1039/snippets/
  k8s-mode-20230305.1039/snippets/k8s-mode/
  k8s-mode-20230305.1039/snippets/k8s-mode/configmap
  k8s-mode-20230305.1039/snippets/k8s-mode/cronjob
  k8s-mode-20230305.1039/snippets/k8s-mode/daemonset
  k8s-mode-20230305.1039/snippets/k8s-mode/deployment
  k8s-mode-20230305.1039/snippets/k8s-mode/horizontalpodautoscaler
  k8s-mode-20230305.1039/snippets/k8s-mode/ing-tls
  k8s-mode-20230305.1039/snippets/k8s-mode/ingress
  k8s-mode-20230305.1039/snippets/k8s-mode/job
  k8s-mode-20230305.1039/snippets/k8s-mode/namespace
  k8s-mode-20230305.1039/snippets/k8s-mode/network-deny
  k8s-mode-20230305.1039/snippets/k8s-mode/persistentvolume
  k8s-mode-20230305.1039/snippets/k8s-mode/persistentvolumeclaim
  k8s-mode-20230305.1039/snippets/k8s-mode/pod
  k8s-mode-20230305.1039/snippets/k8s-mode/replicationcontroller
  k8s-mode-20230305.1039/snippets/k8s-mode/role
  k8s-mode-20230305.1039/snippets/k8s-mode/rolebinding
  k8s-mode-20230305.1039/snippets/k8s-mode/secret
  k8s-mode-20230305.1039/snippets/k8s-mode/service
  k8s-mode-20230305.1039/snippets/k8s-mode/serviceaccount
  k8s-mode-20230305.1039/snippets/k8s-mode/statefulset
Built k8s-mode in 7.885s, finished at 2023-05-16T16:50:57+0000
 ✓ Success:
4.0K -rw-r--r-- 1 root root 436 May 16 16:50 packages/k8s-mode-20230305.1039.entry
 40K -rw-r--r-- 1 root root 40K May 16 16:50 packages/k8s-mode-20230305.1039.tar
