Package: linphone
Fetcher: github
Source:  https://github.com/zabbal/emacs-linphone.git

Updating /mnt/store/melpa/working/linphone/
Checking out origin/HEAD
Checking out 99af3db941b7f4e5272bb48bff96c1ce4ceac302
Copying files (->) and directories (=>)
  from /mnt/store/melpa/working/linphone/
  to /tmp/linphoneNjSBPT/linphone-20130524.1109
    linphone-modeline.el -> linphone-modeline.el
    linphone.el -> linphone.el
Created linphone-20130524.1109.tar containing:
  linphone-20130524.1109/
  linphone-20130524.1109/linphone-modeline.el
  linphone-20130524.1109/linphone-pkg.el
  linphone-20130524.1109/linphone.el
Built linphone in 3.926s, finished at 2022-12-12T09:04:40+0000
 ✓ Success:
4.0K -rw-r--r-- 1 root root 349 Dec 12 09:04 packages/linphone-20130524.1109.entry
 20K -rw-r--r-- 1 root root 20K Dec 12 09:04 packages/linphone-20130524.1109.tar
