
 • Building package magik-company
From https://github.com/reinierkof/magik-company
Updating /mnt/store/melpa/working/magik-company/
Checking out 96fbd0c04fb392d20bbf8e82934dc561ed47509f
Copying files (->) and directories (=>)
  from /mnt/store/melpa/working/magik-company/
  to /tmp/magik-company-YUDDUb/magik-company-20260904.1039/
    magik-company-annotation.el -> magik-company-annotation.el
    magik-company-buffer-cache.el -> magik-company-buffer-cache.el
    magik-company-cb-cache.el -> magik-company-cb-cache.el
    magik-company-cb.el -> magik-company-cb.el
    magik-company-exemplar-types.el -> magik-company-exemplar-types.el
    magik-company-extras.el -> magik-company-extras.el
    magik-company-prefixes.el -> magik-company-prefixes.el
    magik-company-treesitter-extras.el -> magik-company-treesitter-extras.el
    magik-company-yasnippet-handling.el -> magik-company-yasnippet-handling.el
    magik-company.el -> magik-company.el
Created magik-company-20260904.1039.tar containing:
  magik-company-20260904.1039/
  magik-company-20260904.1039/magik-company-annotation.el
  magik-company-20260904.1039/magik-company-buffer-cache.el
  magik-company-20260904.1039/magik-company-cb-cache.el
  magik-company-20260904.1039/magik-company-cb.el
  magik-company-20260904.1039/magik-company-exemplar-types.el
  magik-company-20260904.1039/magik-company-extras.el
  magik-company-20260904.1039/magik-company-pkg.el
  magik-company-20260904.1039/magik-company-prefixes.el
  magik-company-20260904.1039/magik-company-treesitter-extras.el
  magik-company-20260904.1039/magik-company-yasnippet-handling.el
  magik-company-20260904.1039/magik-company.el
Built magik-company in 3.779s, finished at 2026-09-05T16:09:07+0000
