Package: major-mode-icons
Fetcher: github
Source:  https://github.com/emacsmirror/major-mode-icons.git

Updating /mnt/store/melpa/working/major-mode-icons/
Checking out origin/HEAD
Checking out 4ea38d22cd5c3ecaddd036ad56309d42bc2cab84
Copying files (->) and directories (=>)
  from /mnt/store/melpa/working/major-mode-icons/
  to /tmp/major-mode-iconsAuAtBk/major-mode-icons-20170514.2315
    major-mode-icons.el -> major-mode-icons.el
    icons => icons
Created major-mode-icons-20170514.2315.tar containing:
  major-mode-icons-20170514.2315/
  major-mode-icons-20170514.2315/icons/
  major-mode-icons-20170514.2315/icons/Android.xpm
  major-mode-icons-20170514.2315/icons/Anonymous.xpm
  major-mode-icons-20170514.2315/icons/Apple.xpm
  major-mode-icons-20170514.2315/icons/Arch.xpm
  major-mode-icons-20170514.2315/icons/Bash.xpm
  major-mode-icons-20170514.2315/icons/BibTeX.xpm
  major-mode-icons-20170514.2315/icons/C#.xpm
  major-mode-icons-20170514.2315/icons/C++.xpm
  major-mode-icons-20170514.2315/icons/C.xpm
  major-mode-icons-20170514.2315/icons/CMD.xpm
  major-mode-icons-20170514.2315/icons/CSS.xpm
  major-mode-icons-20170514.2315/icons/CSS3.xpm
  major-mode-icons-20170514.2315/icons/Clojure.xpm
  major-mode-icons-20170514.2315/icons/ClojureScript.xpm
  major-mode-icons-20170514.2315/icons/CoffeeScript.xpm
  major-mode-icons-20170514.2315/icons/Command-Line.xpm
  major-mode-icons-20170514.2315/icons/Common-Lisp.xpm
  major-mode-icons-20170514.2315/icons/Docker.xpm
  major-mode-icons-20170514.2315/icons/Electric.xpm
  major-mode-icons-20170514.2315/icons/Emacs-Lisp.xpm
  major-mode-icons-20170514.2315/icons/Emacs.xpm
  major-mode-icons-20170514.2315/icons/Email.xpm
  major-mode-icons-20170514.2315/icons/Erlang.xpm
  major-mode-icons-20170514.2315/icons/GFW.xpm
  major-mode-icons-20170514.2315/icons/GNU.xpm
  major-mode-icons-20170514.2315/icons/Git.xpm
  major-mode-icons-20170514.2315/icons/Git2.xpm
  major-mode-icons-20170514.2315/icons/GitHub Logo.xpm
  major-mode-icons-20170514.2315/icons/GitHub Octocat.xpm
  major-mode-icons-20170514.2315/icons/GitHub.xpm
  major-mode-icons-20170514.2315/icons/Go.xpm
  major-mode-icons-20170514.2315/icons/HTML.xpm
  major-mode-icons-20170514.2315/icons/HTML5.xpm
  major-mode-icons-20170514.2315/icons/Hack.xpm
  major-mode-icons-20170514.2315/icons/Haml.xpm
  major-mode-icons-20170514.2315/icons/Haskell.xpm
  major-mode-icons-20170514.2315/icons/Java.xpm
  major-mode-icons-20170514.2315/icons/Java2.xpm
  major-mode-icons-20170514.2315/icons/JavaScript.xpm
  major-mode-icons-20170514.2315/icons/Julia.xpm
  major-mode-icons-20170514.2315/icons/Linux.xpm
  major-mode-icons-20170514.2315/icons/Linux1.xpm
  major-mode-icons-20170514.2315/icons/Linux2.xpm
  major-mode-icons-20170514.2315/icons/Lisp.xpm
  major-mode-icons-20170514.2315/icons/Mac OS X.xpm
  major-mode-icons-20170514.2315/icons/Markdown.xpm
  major-mode-icons-20170514.2315/icons/OCaml.xpm
  major-mode-icons-20170514.2315/icons/Org-mode.xpm
  major-mode-icons-20170514.2315/icons/PHP.xpm
  major-mode-icons-20170514.2315/icons/Python.xpm
  major-mode-icons-20170514.2315/icons/R.xpm
  major-mode-icons-20170514.2315/icons/R_new.xpm
  major-mode-icons-20170514.2315/icons/Rails.xpm
  major-mode-icons-20170514.2315/icons/Ruby.xpm
  major-mode-icons-20170514.2315/icons/Rust.xpm
  major-mode-icons-20170514.2315/icons/SAS.xpm
  major-mode-icons-20170514.2315/icons/Sass.xpm
  major-mode-icons-20170514.2315/icons/Scala.xpm
  major-mode-icons-20170514.2315/icons/Scheme.xpm
  major-mode-icons-20170514.2315/icons/Shell.xpm
  major-mode-icons-20170514.2315/icons/Slim.xpm
  major-mode-icons-20170514.2315/icons/Spacemacs.xpm
  major-mode-icons-20170514.2315/icons/Swift.xpm
  major-mode-icons-20170514.2315/icons/TeX.xpm
  major-mode-icons-20170514.2315/icons/Ubuntu.xpm
  major-mode-icons-20170514.2315/icons/Windows.xpm
  major-mode-icons-20170514.2315/icons/XML.xpm
  major-mode-icons-20170514.2315/icons/YAML.xpm
  major-mode-icons-20170514.2315/icons/analysis.xpm
  major-mode-icons-20170514.2315/icons/archive.xpm
  major-mode-icons-20170514.2315/icons/audio.xpm
  major-mode-icons-20170514.2315/icons/autohotkey.xpm
  major-mode-icons-20170514.2315/icons/bug.xpm
  major-mode-icons-20170514.2315/icons/calculator.xpm
  major-mode-icons-20170514.2315/icons/calendar.xpm
  major-mode-icons-20170514.2315/icons/chat.xpm
  major-mode-icons-20170514.2315/icons/code.xpm
  major-mode-icons-20170514.2315/icons/code1.xpm
  major-mode-icons-20170514.2315/icons/compile.xpm
  major-mode-icons-20170514.2315/icons/config.xpm
  major-mode-icons-20170514.2315/icons/cygwin.xpm
  major-mode-icons-20170514.2315/icons/diary.xpm
  major-mode-icons-20170514.2315/icons/diff.xpm
  major-mode-icons-20170514.2315/icons/dim.xpm
  major-mode-icons-20170514.2315/icons/disk.xpm
  major-mode-icons-20170514.2315/icons/document.xpm
  major-mode-icons-20170514.2315/icons/e-palm_tree.xpm
  major-mode-icons-20170514.2315/icons/edit.xpm
  major-mode-icons-20170514.2315/icons/ext-png.xpm
  major-mode-icons-20170514.2315/icons/ext-svg.xpm
  major-mode-icons-20170514.2315/icons/ext-tex.xpm
  major-mode-icons-20170514.2315/icons/ext-xpm.xpm
  major-mode-icons-20170514.2315/icons/file.xpm
  major-mode-icons-20170514.2315/icons/find.xpm
  major-mode-icons-20170514.2315/icons/golden.xpm
  major-mode-icons-20170514.2315/icons/hacker.xpm
  major-mode-icons-20170514.2315/icons/hardware.xpm
  major-mode-icons-20170514.2315/icons/helm.xpm
  major-mode-icons-20170514.2315/icons/icy.xpm
  major-mode-icons-20170514.2315/icons/idea.xpm
  major-mode-icons-20170514.2315/icons/inf-ruby.xpm
  major-mode-icons-20170514.2315/icons/info.xpm
  major-mode-icons-20170514.2315/icons/inspect.xpm
  major-mode-icons-20170514.2315/icons/keyboard.xpm
  major-mode-icons-20170514.2315/icons/mark.xpm
  major-mode-icons-20170514.2315/icons/msys.xpm
  major-mode-icons-20170514.2315/icons/network.xpm
  major-mode-icons-20170514.2315/icons/octave.xpm
  major-mode-icons-20170514.2315/icons/password.xpm
  major-mode-icons-20170514.2315/icons/plan.xpm
  major-mode-icons-20170514.2315/icons/powershell.xpm
  major-mode-icons-20170514.2315/icons/question.xpm
  major-mode-icons-20170514.2315/icons/rainbow.xpm
  major-mode-icons-20170514.2315/icons/security.xpm
  major-mode-icons-20170514.2315/icons/star.xpm
  major-mode-icons-20170514.2315/icons/sync.xpm
  major-mode-icons-20170514.2315/icons/term.xpm
  major-mode-icons-20170514.2315/icons/todo.xpm
  major-mode-icons-20170514.2315/icons/vcs.xpm
  major-mode-icons-20170514.2315/icons/warning.xpm
  major-mode-icons-20170514.2315/icons/web.xpm
  major-mode-icons-20170514.2315/icons/yas.xpm
  major-mode-icons-20170514.2315/major-mode-icons-pkg.el
  major-mode-icons-20170514.2315/major-mode-icons.el
Built major-mode-icons in 4.483s, finished at 2022-02-10T13:12:02+0000
 ✓ Success:
4.0K -rw-r--r-- 1 root root  359 Feb 10 13:12 packages/major-mode-icons-20170514.2315.entry
332K -rw-r--r-- 1 root root 330K Feb 10 13:12 packages/major-mode-icons-20170514.2315.tar
4.0K -rw-r--r-- 1 root root  384 Feb 10 10:16 packages/major-mode-icons-20200127.512.entry
332K -rw-r--r-- 1 root root 330K Feb 10 10:16 packages/major-mode-icons-20200127.512.tar
4.0K -rw-r--r-- 1 root root 1.2K Feb 10 13:12 packages/major-mode-icons-badge.svg
4.0K -rw-r--r-- 1 root root  184 Feb 10 13:12 packages/major-mode-icons-readme.txt
