Package: mandoku
Fetcher: github
Source:  https://github.com/mandoku/mandoku.git

Updating /mnt/store/melpa/working/mandoku/
Copying files (->) and directories (=>)
  from /mnt/store/melpa/working/mandoku/
  to /tmp/mandoku4Vdjhz/mandoku-20180403.1106
  ! lisp/mandoku-annot.el -> mandoku-annot.el
  ! lisp/mandoku-cbeta.el -> mandoku-cbeta.el
  ! lisp/mandoku-dict.el -> mandoku-dict.el
  ! lisp/mandoku-github.el -> mandoku-github.el
  ! lisp/mandoku-images.el -> mandoku-images.el
  ! lisp/mandoku-init.el -> mandoku-init.el
  ! lisp/mandoku-link.el -> mandoku-link.el
  ! lisp/mandoku-remote.el -> mandoku-remote.el
  ! lisp/mandoku-trans.el -> mandoku-trans.el
  ! lisp/mandoku-two-columns.el -> mandoku-two-columns.el
  ! lisp/mandoku.el -> mandoku.el
  ! lisp/w32-registry.el -> w32-registry.el
  ! lisp/mandoku-settings.org -> mandoku-settings.org
Created mandoku-20180403.1106.tar containing:
  mandoku-20180403.1106/
  mandoku-20180403.1106/mandoku-annot.el
  mandoku-20180403.1106/mandoku-cbeta.el
  mandoku-20180403.1106/mandoku-dict.el
  mandoku-20180403.1106/mandoku-github.el
  mandoku-20180403.1106/mandoku-images.el
  mandoku-20180403.1106/mandoku-init.el
  mandoku-20180403.1106/mandoku-link.el
  mandoku-20180403.1106/mandoku-pkg.el
  mandoku-20180403.1106/mandoku-remote.el
  mandoku-20180403.1106/mandoku-settings.org
  mandoku-20180403.1106/mandoku-trans.el
  mandoku-20180403.1106/mandoku-two-columns.el
  mandoku-20180403.1106/mandoku.el
  mandoku-20180403.1106/w32-registry.el
Built mandoku in 3.359s, finished at Fri Mar 19 04:05:58 2021
 ✓ Success:
4.0K -rw-r--r-- 1 root root  412 Mar 19 04:05 packages/mandoku-20180403.1106.entry
880K -rw-r--r-- 1 root root 880K Mar 19 04:05 packages/mandoku-20180403.1106.tar
4.0K -rw-r--r-- 1 root root 1.2K Mar 19 04:05 packages/mandoku-badge.svg
4.0K -rw-r--r-- 1 root root 1.2K Mar 19 04:05 packages/mandoku-readme.txt
 72K -rw-r--r-- 1 root root  72K Mar 19 04:05 packages/mandoku-tls-20171118.240.el
4.0K -rw-r--r-- 1 root root  575 Mar 19 01:04 packages/mandoku-tls-20171118.240.entry
4.0K -rw-r--r-- 1 root root 1.2K Mar 19 01:04 packages/mandoku-tls-badge.svg
   0 -rw-r--r-- 1 root root    0 Mar 19 01:04 packages/mandoku-tls-readme.txt
4.0K -rw-r--r-- 1 root root  137 Mar 19 04:05 packages/mandoku-tls.log
