Package: math-symbol-lists
Fetcher: github
Source:  https://github.com/vspinu/math-symbol-lists.git

Updating /mnt/store/melpa/working/math-symbol-lists/
Checking out origin/HEAD
Checking out 590d9f09f8ad9aab747b97f077396a2035dcf50f
Copying files (->) and directories (=>)
  from /mnt/store/melpa/working/math-symbol-lists/
  to /tmp/math-symbol-listsoSL1bo/math-symbol-lists-20200131.2338
    math-symbol-lists.el -> math-symbol-lists.el
    msl-build.el -> msl-build.el
Created math-symbol-lists-20200131.2338.tar containing:
  math-symbol-lists-20200131.2338/
  math-symbol-lists-20200131.2338/math-symbol-lists-pkg.el
  math-symbol-lists-20200131.2338/math-symbol-lists.el
  math-symbol-lists-20200131.2338/msl-build.el
Built math-symbol-lists in 5.114s, finished at 2022-02-14T19:40:50+0000
 ✓ Success:
4.0K -rw-r--r-- 1 root root  415 Feb 14 19:40 packages/math-symbol-lists-20200131.2338.entry
192K -rw-r--r-- 1 root root 190K Feb 14 19:40 packages/math-symbol-lists-20200131.2338.tar
4.0K -rw-r--r-- 1 root root 1.2K Feb 14 19:40 packages/math-symbol-lists-badge.svg
4.0K -rw-r--r-- 1 root root  817 Feb 14 19:40 packages/math-symbol-lists-readme.txt
