
 • Building package meep
From https://codeberg.org/ideasman42/emacs-meep
Updating /mnt/store/melpa/working/meep/
Checking out eaf7e5a069ab3a37ec87150a50f45021e64150eb
Copying files (->) and directories (=>)
  from /mnt/store/melpa/working/meep/
  to /tmp/meep-gNfR68/meep-20260725.1226/
    meep-preset-clojure-mode.el -> meep-preset-clojure-mode.el
    meep-preset-cmake-mode.el -> meep-preset-cmake-mode.el
    meep-preset-emacs-lisp-mode.el -> meep-preset-emacs-lisp-mode.el
    meep-preset-haskell-mode.el -> meep-preset-haskell-mode.el
    meep-preset-html-mode.el -> meep-preset-html-mode.el
    meep-preset-lisp-mode.el -> meep-preset-lisp-mode.el
    meep-preset-lua-mode.el -> meep-preset-lua-mode.el
    meep-preset-markdown-mode.el -> meep-preset-markdown-mode.el
    meep-preset-org-mode.el -> meep-preset-org-mode.el
    meep-preset-rst-mode.el -> meep-preset-rst-mode.el
    meep-preset-ruby-mode.el -> meep-preset-ruby-mode.el
    meep-preset-scheme-mode.el -> meep-preset-scheme-mode.el
    meep-region-mark.el -> meep-region-mark.el
    meep.el -> meep.el
Created meep-20260725.1226.tar containing:
  meep-20260725.1226/
  meep-20260725.1226/meep-pkg.el
  meep-20260725.1226/meep-preset-clojure-mode.el
  meep-20260725.1226/meep-preset-cmake-mode.el
  meep-20260725.1226/meep-preset-emacs-lisp-mode.el
  meep-20260725.1226/meep-preset-haskell-mode.el
  meep-20260725.1226/meep-preset-html-mode.el
  meep-20260725.1226/meep-preset-lisp-mode.el
  meep-20260725.1226/meep-preset-lua-mode.el
  meep-20260725.1226/meep-preset-markdown-mode.el
  meep-20260725.1226/meep-preset-org-mode.el
  meep-20260725.1226/meep-preset-rst-mode.el
  meep-20260725.1226/meep-preset-ruby-mode.el
  meep-20260725.1226/meep-preset-scheme-mode.el
  meep-20260725.1226/meep-region-mark.el
  meep-20260725.1226/meep.el
Built meep in 6.302s, finished at 2026-07-25T13:02:00+0000
