Package: merlin
Fetcher: github
Source:  https://github.com/ocaml/merlin.git

Updating /mnt/store/melpa/working/merlin/
Copying files (->) and directories (=>)
  from /mnt/store/melpa/working/merlin/
  to /tmp/merlin9ae8Th/merlin-20210129.1443
  ! emacs/merlin-ac.el -> merlin-ac.el
  ! emacs/merlin-cap.el -> merlin-cap.el
  ! emacs/merlin-company.el -> merlin-company.el
  ! emacs/merlin-iedit.el -> merlin-iedit.el
  ! emacs/merlin-imenu.el -> merlin-imenu.el
  ! emacs/merlin-xref.el -> merlin-xref.el
  ! emacs/merlin.el -> merlin.el
Created merlin-20210129.1443.tar containing:
  merlin-20210129.1443/
  merlin-20210129.1443/merlin-ac.el
  merlin-20210129.1443/merlin-cap.el
  merlin-20210129.1443/merlin-company.el
  merlin-20210129.1443/merlin-iedit.el
  merlin-20210129.1443/merlin-imenu.el
  merlin-20210129.1443/merlin-pkg.el
  merlin-20210129.1443/merlin-xref.el
  merlin-20210129.1443/merlin.el
Built merlin in 4.805s, finished at Fri Feb 12 03:55:46 2021
 ✓ Success:
4.0K -rw-r--r-- 1 root root  356 Feb 12 03:55 packages/merlin-20210129.1443.entry
112K -rw-r--r-- 1 root root 110K Feb 12 03:55 packages/merlin-20210129.1443.tar
4.0K -rw-r--r-- 1 root root 1.2K Feb 12 03:55 packages/merlin-badge.svg
 28K -rw-r--r-- 1 root root  28K Feb 12 03:55 packages/merlin-eldoc-20190830.517.el
4.0K -rw-r--r-- 1 root root  414 Feb 12 00:44 packages/merlin-eldoc-20190830.517.entry
4.0K -rw-r--r-- 1 root root 1.2K Feb 12 00:44 packages/merlin-eldoc-badge.svg
4.0K -rw-r--r-- 1 root root  252 Feb 12 03:55 packages/merlin-eldoc-readme.txt
4.0K -rw-r--r-- 1 root root  138 Feb 12 03:55 packages/merlin-eldoc.log
4.0K -rw-r--r-- 1 root root  247 Feb 12 03:55 packages/merlin-readme.txt
