Package: multi-web-mode
Fetcher: github
Source:  https://github.com/fgallina/multi-web-mode.git

Updating /mnt/store/melpa/working/multi-web-mode/
Copying files (->) and directories (=>)
  from /mnt/store/melpa/working/multi-web-mode/
  to /tmp/multi-web-modeMBXiOG/multi-web-mode-20130824.354
    multi-web-mode.el -> multi-web-mode.el
    mweb-example-config.el -> mweb-example-config.el
Created multi-web-mode-20130824.354.tar containing:
  multi-web-mode-20130824.354/
  multi-web-mode-20130824.354/multi-web-mode-pkg.el
  multi-web-mode-20130824.354/multi-web-mode.el
  multi-web-mode-20130824.354/mweb-example-config.el
Built multi-web-mode in 13.386s, finished at 2021-07-14T17:26:03+0000
 ✓ Success:
4.0K -rw-r--r-- 1 root root  382 Jul 14 17:25 packages/multi-web-mode-20130824.354.entry
 20K -rw-r--r-- 1 root root  20K Jul 14 17:25 packages/multi-web-mode-20130824.354.tar
4.0K -rw-r--r-- 1 root root 1.2K Jul 14 17:26 packages/multi-web-mode-badge.svg
4.0K -rw-r--r-- 1 root root  292 Jul 14 17:25 packages/multi-web-mode-readme.txt
