Package: mykie
Fetcher: github
Source:  https://github.com/yuutayamada/mykie-el.git

Cloning https://github.com/yuutayamada/mykie-el.git to /mnt/store/melpa/working/mykie/
Checking out origin/HEAD
Checking out 7676f0e883af1d1054e404e97691f3c13aba196f
Copying files (->) and directories (=>)
  from /mnt/store/melpa/working/mykie/
  to /tmp/mykie5VnxAM/mykie-20150808.2205
  ! lisp/helm-mykie-keywords.el -> helm-mykie-keywords.el
  ! lisp/mykie.el -> mykie.el
Created mykie-20150808.2205.tar containing:
  mykie-20150808.2205/
  mykie-20150808.2205/helm-mykie-keywords.el
  mykie-20150808.2205/mykie-pkg.el
  mykie-20150808.2205/mykie.el
Built mykie in 5.123s, finished at 2021-09-22T03:59:11+0000
 ✓ Success:
4.0K -rw-r--r-- 1 root root  418 Sep 22 03:59 packages/mykie-20150808.2205.entry
 52K -rw-r--r-- 1 root root  50K Sep 22 03:59 packages/mykie-20150808.2205.tar
4.0K -rw-r--r-- 1 root root 1.2K Sep 22 03:59 packages/mykie-badge.svg
4.0K -rw-r--r-- 1 root root  799 Sep 22 03:59 packages/mykie-readme.txt
