Package: netease-cloud-music
Fetcher: github
Source:  https://github.com/SpringHan/netease-cloud-music.el.git

Updating /mnt/store/melpa/working/netease-cloud-music/
Checking out origin/HEAD
Checking out d821e0359883ae5ccc12a1cb0f684909cbde98a3
Copying files (->) and directories (=>)
  from /mnt/store/melpa/working/netease-cloud-music/
  to /tmp/netease-cloud-musicf0zm8h/netease-cloud-music-20211030.1339
    netease-cloud-music-functions.el -> netease-cloud-music-functions.el
    netease-cloud-music-ui.el -> netease-cloud-music-ui.el
    netease-cloud-music.el -> netease-cloud-music.el
Created netease-cloud-music-20211030.1339.tar containing:
  netease-cloud-music-20211030.1339/
  netease-cloud-music-20211030.1339/netease-cloud-music-functions.el
  netease-cloud-music-20211030.1339/netease-cloud-music-pkg.el
  netease-cloud-music-20211030.1339/netease-cloud-music-ui.el
  netease-cloud-music-20211030.1339/netease-cloud-music.el
Built netease-cloud-music in 5.161s, finished at 2021-11-12T03:21:56+0000
 ✓ Success:
4.0K -rw-r--r-- 1 root root  392 Nov 12 03:21 packages/netease-cloud-music-20211030.1339.entry
152K -rw-r--r-- 1 root root 150K Nov 12 03:21 packages/netease-cloud-music-20211030.1339.tar
4.0K -rw-r--r-- 1 root root 1.2K Nov 12 03:21 packages/netease-cloud-music-badge.svg
4.0K -rw-r--r-- 1 root root  286 Nov 12 03:21 packages/netease-cloud-music-readme.txt
