Package: nofrils-acme-theme
Fetcher: gitlab
Source:  https://gitlab.com/esessoms/nofrils-theme.git

Updating /mnt/store/melpa/working/nofrils-acme-theme/
Checking out 98ad7bfaff1d85b33dc162645670285b067c6f92
Copying files (->) and directories (=>)
  from /mnt/store/melpa/working/nofrils-acme-theme/
  to /tmp/nofrils-acme-themeNS3sAq/nofrils-acme-theme-20180620.1248
    nofrils-acme-theme.el -> nofrils-acme-theme.el
    nofrils-dark-theme.el -> nofrils-dark-theme.el
    nofrils-light-theme.el -> nofrils-light-theme.el
    nofrils-sepia-theme.el -> nofrils-sepia-theme.el
Created nofrils-acme-theme-20180620.1248.tar containing:
  nofrils-acme-theme-20180620.1248/
  nofrils-acme-theme-20180620.1248/nofrils-acme-theme-pkg.el
  nofrils-acme-theme-20180620.1248/nofrils-acme-theme.el
  nofrils-acme-theme-20180620.1248/nofrils-dark-theme.el
  nofrils-acme-theme-20180620.1248/nofrils-light-theme.el
  nofrils-acme-theme-20180620.1248/nofrils-sepia-theme.el
Built nofrils-acme-theme in 4.665s, finished at 2023-04-21T05:09:01+0000
 ✓ Success:
4.0K -rw-r--r-- 1 root root 391 Apr 21 05:09 packages/nofrils-acme-theme-20180620.1248.entry
 20K -rw-r--r-- 1 root root 20K Apr 21 05:09 packages/nofrils-acme-theme-20180620.1248.tar
