Package: notmuch-labeler
Fetcher: github
Source:  https://github.com/DamienCassou/notmuch-labeler.git

Updating /mnt/store/melpa/working/notmuch-labeler/
Checking out d65d1129555d368243df4770ecc1e7ccb88efc58
Copying files (->) and directories (=>)
  from /mnt/store/melpa/working/notmuch-labeler/
  to /tmp/notmuch-labelerh3TmmH/notmuch-labeler-20131230.1719
    notmuch-labeler-folder.el -> notmuch-labeler-folder.el
    notmuch-labeler-plug.el -> notmuch-labeler-plug.el
    notmuch-labeler.el -> notmuch-labeler.el
Created notmuch-labeler-20131230.1719.tar containing:
  notmuch-labeler-20131230.1719/
  notmuch-labeler-20131230.1719/notmuch-labeler-folder.el
  notmuch-labeler-20131230.1719/notmuch-labeler-pkg.el
  notmuch-labeler-20131230.1719/notmuch-labeler-plug.el
  notmuch-labeler-20131230.1719/notmuch-labeler.el
Built notmuch-labeler in 4.281s, finished at 2023-04-06T13:21:34+0000
 ✓ Success:
4.0K -rw-r--r-- 1 root root 436 Apr  6 13:21 packages/notmuch-labeler-20131230.1719.entry
 32K -rw-r--r-- 1 root root 30K Apr  6 13:21 packages/notmuch-labeler-20131230.1719.tar
