Package: nsis-mode
Fetcher: github
Source:  https://github.com/mattfidler/nsis-mode.git

Updating /mnt/store/melpa/working/nsis-mode/
Checking out 0a2e6ece2fe682dced4d31688b38bb472a877cdf
Copying files (->) and directories (=>)
  from /mnt/store/melpa/working/nsis-mode/
  to /tmp/nsis-modeSNe2MV/nsis-mode-20190615.1827
    nsis-mode.el -> nsis-mode.el
    nsis-mode.texi -> nsis-mode.texi
Generating /tmp/nsis-modeSNe2MV/nsis-mode-20190615.1827/nsis-mode.info
Created nsis-mode-20190615.1827.tar containing:
  nsis-mode-20190615.1827/
  nsis-mode-20190615.1827/dir
  nsis-mode-20190615.1827/nsis-mode-pkg.el
  nsis-mode-20190615.1827/nsis-mode.el
  nsis-mode-20190615.1827/nsis-mode.info
Built nsis-mode in 7.053s, finished at 2023-03-14T11:38:38+0000
 ✓ Success:
4.0K -rw-r--r-- 1 root root 288 Mar 14 11:38 packages/nsis-mode-20190615.1827.entry
 92K -rw-r--r-- 1 root root 90K Mar 14 11:38 packages/nsis-mode-20190615.1827.tar
