Package: ob-ipython
Fetcher: github
Source:  https://github.com/gregsexton/ob-ipython.git

Updating /mnt/store/melpa/working/ob-ipython/
Checking out origin/HEAD
Checking out 7147455230841744fb5b95dcbe03320313a77124
Copying files (->) and directories (=>)
  from /mnt/store/melpa/working/ob-ipython/
  to /tmp/ob-ipythonCeAzsb/ob-ipython-20180224.953
    ob-ipython.el -> ob-ipython.el
    client.py -> client.py
Created ob-ipython-20180224.953.tar containing:
  ob-ipython-20180224.953/
  ob-ipython-20180224.953/client.py
  ob-ipython-20180224.953/ob-ipython-pkg.el
  ob-ipython-20180224.953/ob-ipython.el
Built ob-ipython in 5.658s, finished at 2022-05-17T01:44:44+0000
 ✓ Success:
4.0K -rw-r--r-- 1 root root  548 May 17 01:44 packages/ob-ipython-20180224.953.entry
 40K -rw-r--r-- 1 root root  40K May 17 01:44 packages/ob-ipython-20180224.953.tar
4.0K -rw-r--r-- 1 root root 1.2K May 17 01:44 packages/ob-ipython-badge.svg
4.0K -rw-r--r-- 1 root root   67 May 17 01:44 packages/ob-ipython-readme.txt
