Package: ob-rust
Fetcher: github
Source:  https://github.com/micanzhang/ob-rust.git

Updating /mnt/store/melpa/working/ob-rust/
Copying files (->) and directories (=>)
  from /mnt/store/melpa/working/ob-rust/
  to /tmp/ob-rustR3obum/ob-rust-20180911.1535
    ob-rust.el -> ob-rust.el
    test-ob-rust.el -> test-ob-rust.el
Created ob-rust-20180911.1535.tar containing:
  ob-rust-20180911.1535/
  ob-rust-20180911.1535/ob-rust-pkg.el
  ob-rust-20180911.1535/ob-rust.el
  ob-rust-20180911.1535/test-ob-rust.el
Built ob-rust in 3.171s, finished at Thu Jan 14 20:08:21 2021
 ✓ Success:
4.0K -rw-r--r-- 1 root root  304 Jan 14 20:08 packages/ob-rust-20180911.1535.entry
 20K -rw-r--r-- 1 root root  20K Jan 14 20:08 packages/ob-rust-20180911.1535.tar
4.0K -rw-r--r-- 1 root root 1.2K Jan 14 20:08 packages/ob-rust-badge.svg
4.0K -rw-r--r-- 1 root root  856 Jan 14 20:08 packages/ob-rust-readme.txt
