Package: org-newtab
Fetcher: github
Source:  https://github.com/Zweihander-Main/org-newtab.git

Updating /mnt/store/melpa/working/org-newtab/
Checking out 2a64ed98b4be3780c41526e3f023db78012c273d
Copying files (->) and directories (=>)
  from /mnt/store/melpa/working/org-newtab/
  to /tmp/org-newtab74zywp/org-newtab-20240223.358
  ! lisp/org-newtab-agenda.el -> org-newtab-agenda.el
  ! lisp/org-newtab-item.el -> org-newtab-item.el
  ! lisp/org-newtab-mode.el -> org-newtab-mode.el
  ! lisp/org-newtab-server.el -> org-newtab-server.el
  ! lisp/org-newtab-store.el -> org-newtab-store.el
  ! lisp/org-newtab.el -> org-newtab.el
Created org-newtab-20240223.358.tar containing:
  org-newtab-20240223.358/
  org-newtab-20240223.358/org-newtab-agenda.el
  org-newtab-20240223.358/org-newtab-item.el
  org-newtab-20240223.358/org-newtab-mode.el
  org-newtab-20240223.358/org-newtab-pkg.el
  org-newtab-20240223.358/org-newtab-server.el
  org-newtab-20240223.358/org-newtab-store.el
  org-newtab-20240223.358/org-newtab.el
 ✓ Success:
  2024-02-25T00:57:57+0000  org-newtab-20240222.413.entry
  2024-02-25T00:57:56+0000  org-newtab-20240222.413.tar
  2024-02-25T02:40:49+0000  org-newtab-20240223.358.entry
  2024-02-25T02:40:49+0000  org-newtab-20240223.358.tar
Built org-newtab in 3.999s, finished at 2024-02-25T02:40:50+0000
