Package: org-doing
Fetcher: github
Source:  https://github.com/emacsattic/org-doing.git

Updating /mnt/store/melpa/working/org-doing/
Copying files (->) and directories (=>)
  from /mnt/store/melpa/working/org-doing/
  to /tmp/org-doingdwAjo4/org-doing-20161017.1620
    org-doing.el -> org-doing.el
    bin => bin
Created org-doing-20161017.1620.tar containing:
  org-doing-20161017.1620/
  org-doing-20161017.1620/bin/
  org-doing-20161017.1620/bin/org-doing
  org-doing-20161017.1620/org-doing-pkg.el
  org-doing-20161017.1620/org-doing.el
Built org-doing in 5.096s, finished at 2021-07-16T09:13:08+0000
 ✓ Success:
4.0K -rw-r--r-- 1 root root  304 Jul 16 09:13 packages/org-doing-20161017.1620.entry
 12K -rw-r--r-- 1 root root  10K Jul 16 09:13 packages/org-doing-20161017.1620.tar
4.0K -rw-r--r-- 1 root root 1.2K Jul 16 09:13 packages/org-doing-badge.svg
