Package: org-pomodoro
Fetcher: github
Source:  https://github.com/marcinkoziej/org-pomodoro.git

Updating /mnt/store/melpa/working/org-pomodoro/
Checking out origin/HEAD
Checking out aa07c11318f91219336197e62c47bc7a3d090479
Copying files (->) and directories (=>)
  from /mnt/store/melpa/working/org-pomodoro/
  to /tmp/org-pomodorowScjIJ/org-pomodoro-20190530.1445
    org-pomodoro-pidgin.el -> org-pomodoro-pidgin.el
    org-pomodoro.el -> org-pomodoro.el
    resources => resources
Created org-pomodoro-20190530.1445.tar containing:
  org-pomodoro-20190530.1445/
  org-pomodoro-20190530.1445/org-pomodoro-pidgin.el
  org-pomodoro-20190530.1445/org-pomodoro-pkg.el
  org-pomodoro-20190530.1445/org-pomodoro.el
  org-pomodoro-20190530.1445/resources/
  org-pomodoro-20190530.1445/resources/bell.wav
  org-pomodoro-20190530.1445/resources/bell_multiple.wav
  org-pomodoro-20190530.1445/resources/tick.wav
Built org-pomodoro in 4.407s, finished at 2022-02-11T03:55:10+0000
 ✓ Success:
4.0K -rw-r--r-- 1 root root  395 Feb 11 03:55 packages/org-pomodoro-20190530.1445.entry
152K -rw-r--r-- 1 root root 150K Feb 11 03:55 packages/org-pomodoro-20190530.1445.tar
4.0K -rw-r--r-- 1 root root 1.2K Feb 11 03:55 packages/org-pomodoro-badge.svg
4.0K -rw-r--r-- 1 root root  423 Feb 11 03:55 packages/org-pomodoro-readme.txt
