
 • Building package org-roam-gt
From https://github.com/dmgerman/org-roam-gt
Updating /mnt/store/melpa/working/org-roam-gt/
Checking out 7b06c24e10eb2faf3323142137c7393e0045bb1e
Copying files (->) and directories (=>)
  from /mnt/store/melpa/working/org-roam-gt/
  to /tmp/org-roam-gt-6oQPrc/org-roam-gt-20260906.1838/
    org-roam-gt-capture.el -> org-roam-gt-capture.el
    org-roam-gt-refile.el -> org-roam-gt-refile.el
    org-roam-gt-transient.el -> org-roam-gt-transient.el
    org-roam-gt.el -> org-roam-gt.el
    dir -> dir
    org-roam-gt.info -> org-roam-gt.info
Created org-roam-gt-20260906.1838.tar containing:
  org-roam-gt-20260906.1838/
  org-roam-gt-20260906.1838/dir
  org-roam-gt-20260906.1838/org-roam-gt-capture.el
  org-roam-gt-20260906.1838/org-roam-gt-pkg.el
  org-roam-gt-20260906.1838/org-roam-gt-refile.el
  org-roam-gt-20260906.1838/org-roam-gt-transient.el
  org-roam-gt-20260906.1838/org-roam-gt.el
  org-roam-gt-20260906.1838/org-roam-gt.info
Built org-roam-gt in 3.274s, finished at 2026-09-13T03:56:36+0000
