Package: org-re-reveal-ref
Fetcher: gitlab
Source:  https://gitlab.com/oer/org-re-reveal-ref.git

Updating /mnt/store/melpa/working/org-re-reveal-ref/
Copying files (->) and directories (=>)
  from /mnt/store/melpa/working/org-re-reveal-ref/
  to /tmp/org-re-reveal-refbJITi5/org-re-reveal-ref-20210104.1650
    org-re-reveal-ref.el -> org-re-reveal-ref.el
    LICENSES => LICENSES
    README.org -> README.org
    references.bib -> references.bib
Created org-re-reveal-ref-20210104.1650.tar containing:
  org-re-reveal-ref-20210104.1650/
  org-re-reveal-ref-20210104.1650/LICENSES/
  org-re-reveal-ref-20210104.1650/LICENSES/GPL-3.0-or-later.txt
  org-re-reveal-ref-20210104.1650/README.org
  org-re-reveal-ref-20210104.1650/org-re-reveal-ref-pkg.el
  org-re-reveal-ref-20210104.1650/org-re-reveal-ref.el
  org-re-reveal-ref-20210104.1650/references.bib
Built org-re-reveal-ref in 4.549s, finished at Thu Jan 21 03:32:04 2021
 ✓ Success:
4.0K -rw-r--r-- 1 root root  502 Jan 21 03:32 packages/org-re-reveal-ref-20210104.1650.entry
 60K -rw-r--r-- 1 root root  60K Jan 21 03:32 packages/org-re-reveal-ref-20210104.1650.tar
4.0K -rw-r--r-- 1 root root 1.2K Jan 21 03:32 packages/org-re-reveal-ref-badge.svg
4.0K -rw-r--r-- 1 root root 1.9K Jan 21 03:32 packages/org-re-reveal-ref-readme.txt
