Package: org-social
Fetcher: github
Source:  https://github.com/tanrax/org-social.el

Updating /mnt/store/melpa/working/org-social/
Checking out 7a1edb97f7cd1401cef3abb0bb0b2966a9484fe8
Copying files (->) and directories (=>)
  from /mnt/store/melpa/working/org-social/
  to /tmp/org-socialcURKhY/org-social-20251105.745
    org-social-feed.el -> org-social-feed.el
    org-social-file.el -> org-social-file.el
    org-social-notifications.el -> org-social-notifications.el
    org-social-parser.el -> org-social-parser.el
    org-social-partial-fetch.el -> org-social-partial-fetch.el
    org-social-polls.el -> org-social-polls.el
    org-social-raw.el -> org-social-raw.el
    org-social-relay.el -> org-social-relay.el
    org-social-ui.el -> org-social-ui.el
    org-social-user-queue.el -> org-social-user-queue.el
    org-social-validator.el -> org-social-validator.el
    org-social-variables.el -> org-social-variables.el
    org-social.el -> org-social.el
  ! ui/org-social-ui-components.el -> org-social-ui-components.el
  ! ui/org-social-ui-core.el -> org-social-ui-core.el
  ! ui/org-social-ui-utils.el -> org-social-ui-utils.el
  ! ui/buffers/org-social-ui-discover.el -> org-social-ui-discover.el
  ! ui/buffers/org-social-ui-groups.el -> org-social-ui-groups.el
  ! ui/buffers/org-social-ui-notifications.el -> org-social-ui-notifications.el
  ! ui/buffers/org-social-ui-profile.el -> org-social-ui-profile.el
  ! ui/buffers/org-social-ui-search.el -> org-social-ui-search.el
  ! ui/buffers/org-social-ui-thread.el -> org-social-ui-thread.el
  ! ui/buffers/org-social-ui-timeline.el -> org-social-ui-timeline.el
Created org-social-20251105.745.tar containing:
  org-social-20251105.745/
  org-social-20251105.745/org-social-feed.el
  org-social-20251105.745/org-social-file.el
  org-social-20251105.745/org-social-notifications.el
  org-social-20251105.745/org-social-parser.el
  org-social-20251105.745/org-social-partial-fetch.el
  org-social-20251105.745/org-social-pkg.el
  org-social-20251105.745/org-social-polls.el
  org-social-20251105.745/org-social-raw.el
  org-social-20251105.745/org-social-relay.el
  org-social-20251105.745/org-social-ui-components.el
  org-social-20251105.745/org-social-ui-core.el
  org-social-20251105.745/org-social-ui-discover.el
  org-social-20251105.745/org-social-ui-groups.el
  org-social-20251105.745/org-social-ui-notifications.el
  org-social-20251105.745/org-social-ui-profile.el
  org-social-20251105.745/org-social-ui-search.el
  org-social-20251105.745/org-social-ui-thread.el
  org-social-20251105.745/org-social-ui-timeline.el
  org-social-20251105.745/org-social-ui-utils.el
  org-social-20251105.745/org-social-ui.el
  org-social-20251105.745/org-social-user-queue.el
  org-social-20251105.745/org-social-validator.el
  org-social-20251105.745/org-social-variables.el
  org-social-20251105.745/org-social.el
 ✓ Success:
  2025-11-05T07:18:15+0000  org-social-20251030.757.entry
  2025-11-05T07:18:15+0000  org-social-20251030.757.tar
  2025-11-05T09:44:43+0000  org-social-20251105.745.entry
  2025-11-05T09:44:43+0000  org-social-20251105.745.tar
Built org-social in 4.090s, finished at 2025-11-05T09:44:44+0000
