Package: org2blog
Fetcher: github
Source:  https://github.com/org2blog/org2blog.git

Updating /mnt/store/melpa/working/org2blog/
Checking out origin/HEAD
Checking out 6d99c6b4130b2bc489d9f407ea57149eeb169e4c
Checking out 6d99c6b4130b2bc489d9f407ea57149eeb169e4c
Copying files (->) and directories (=>)
  from /mnt/store/melpa/working/org2blog/
  to /tmp/org2blogLyXf4h/org2blog-20220811.51
    org2blog-autoloads.el -> org2blog-autoloads.el
    org2blog-pkg.el -> org2blog-pkg.el
    org2blog-test-system.el -> org2blog-test-system.el
    org2blog.el -> org2blog.el
    ox-wp.el -> ox-wp.el
    README.org -> README.org
Created org2blog-20220811.51.tar containing:
  org2blog-20220811.51/
  org2blog-20220811.51/README.org
  org2blog-20220811.51/org2blog-autoloads.el
  org2blog-20220811.51/org2blog-pkg.el
  org2blog-20220811.51/org2blog-test-system.el
  org2blog-20220811.51/org2blog.el
  org2blog-20220811.51/ox-wp.el
Built org2blog in 5.578s, finished at 2022-08-22T01:15:57+0000
 ✓ Success:
4.0K -rw-r--r-- 1 root root  501 Aug 22 01:15 packages/org2blog-20220811.51.entry
220K -rw-r--r-- 1 root root 220K Aug 22 01:15 packages/org2blog-20220811.51.tar
