Package: org2jekyll
Fetcher: github
Source:  https://github.com/ardumont/org2jekyll.git

Updating /mnt/store/melpa/working/org2jekyll/
Copying files (->) and directories (=>)
  from /mnt/store/melpa/working/org2jekyll/
  to /tmp/org2jekyllu8atYX/org2jekyll-20200622.1519
    org2jekyll-utilities.el -> org2jekyll-utilities.el
    org2jekyll.el -> org2jekyll.el
Created org2jekyll-20200622.1519.tar containing:
  org2jekyll-20200622.1519/
  org2jekyll-20200622.1519/org2jekyll-pkg.el
  org2jekyll-20200622.1519/org2jekyll-utilities.el
  org2jekyll-20200622.1519/org2jekyll.el
Built org2jekyll in 3.256s, finished at Sat Feb 20 15:32:10 2021
 ✓ Success:
4.0K -rw-r--r-- 1 root root  549 Feb 20 15:32 packages/org2jekyll-20200622.1519.entry
 40K -rw-r--r-- 1 root root  40K Feb 20 15:32 packages/org2jekyll-20200622.1519.tar
4.0K -rw-r--r-- 1 root root 1.2K Feb 20 15:32 packages/org2jekyll-badge.svg
4.0K -rw-r--r-- 1 root root  701 Feb 20 15:32 packages/org2jekyll-readme.txt
