
 • Building package package-build
From https://github.com/melpa/package-build
Updating /mnt/store/melpa/working/package-build/
Checking out 4e9248a949531b1c781926dcbcf3768c4eccfc75
Copying files (->) and directories (=>)
  from /mnt/store/melpa/working/package-build/
  to /tmp/package-build-Ozh3Xu/package-build-20261010.1908/
    package-build-badges.el -> package-build-badges.el
    package-build.el -> package-build.el
    package-recipe-mode.el -> package-recipe-mode.el
    package-recipe.el -> package-recipe.el
    package-build.mk -> package-build.mk
Created package-build-20261010.1908.tar containing:
  package-build-20261010.1908/
  package-build-20261010.1908/package-build-badges.el
  package-build-20261010.1908/package-build-pkg.el
  package-build-20261010.1908/package-build.el
  package-build-20261010.1908/package-build.mk
  package-build-20261010.1908/package-recipe-mode.el
  package-build-20261010.1908/package-recipe.el
Built package-build in 6.295s, finished at 2026-10-11T03:26:50+0000
