Package: project-butler
Fetcher: codeberg
Source:  https://codeberg.org/jabbo/project-butler

Updating /mnt/store/melpa/working/project-butler/
Checking out 7a20dd1e0672942ba971978baffa063b399151ef
Copying files (->) and directories (=>)
  from /mnt/store/melpa/working/project-butler/
  to /tmp/project-butlerLiLzkC/project-butler-20240718.1920
    project-butler.el -> project-butler.el
    project-butler.info -> project-butler.info
Created project-butler-20240718.1920.tar containing:
  project-butler-20240718.1920/
  project-butler-20240718.1920/dir
  project-butler-20240718.1920/project-butler-pkg.el
  project-butler-20240718.1920/project-butler.el
  project-butler-20240718.1920/project-butler.info
 ✓ Success:
  2025-04-03T15:44:34+0000  project-butler-20240718.1920.entry
  2025-04-03T15:44:34+0000  project-butler-20240718.1920.tar
Built project-butler in 6.594s, finished at 2025-04-03T15:44:36+0000
