Package: purescript-mode
Fetcher: github
Source:  https://github.com/purescript-emacs/purescript-mode.git

Updating /mnt/store/melpa/working/purescript-mode/
Checking out eacc61aaafe6055b5f278c9843558f220f18b153
Copying files (->) and directories (=>)
  from /mnt/store/melpa/working/purescript-mode/
  to /tmp/purescript-modeW3qnK0/purescript-mode-20230309.1301
    purescript-align-imports.el -> purescript-align-imports.el
    purescript-collapse.el -> purescript-collapse.el
    purescript-decl-scan.el -> purescript-decl-scan.el
    purescript-font-lock.el -> purescript-font-lock.el
    purescript-indent.el -> purescript-indent.el
    purescript-indentation.el -> purescript-indentation.el
    purescript-mode.el -> purescript-mode.el
    purescript-move-nested.el -> purescript-move-nested.el
    purescript-navigate-imports.el -> purescript-navigate-imports.el
    purescript-presentation-mode.el -> purescript-presentation-mode.el
    purescript-show.el -> purescript-show.el
    purescript-simple-indent.el -> purescript-simple-indent.el
    purescript-sort-imports.el -> purescript-sort-imports.el
    purescript-str.el -> purescript-str.el
    purescript-string.el -> purescript-string.el
    purescript-unicode-input-method.el -> purescript-unicode-input-method.el
    purescript-utils.el -> purescript-utils.el
    purescript-yas.el -> purescript-yas.el
    purescript-mode.texi -> purescript-mode.texi
    NEWS -> NEWS
    snippets => snippets
Generating /tmp/purescript-modeW3qnK0/purescript-mode-20230309.1301/purescript-mode.info
