Package: python-info
Fetcher: github
Source:  https://github.com/Wilfred/python-info.git

Updating /mnt/store/melpa/working/python-info/
Copying files (->) and directories (=>)
  from /mnt/store/melpa/working/python-info/
  to /tmp/python-infotB91Ee/python-info-20151228.1852
    python-info.el -> python-info.el
    python.info -> python.info
    python.texi -> python.texi
Created python-info-20151228.1852.tar containing:
  python-info-20151228.1852/
  python-info-20151228.1852/dir
  python-info-20151228.1852/python-info-pkg.el
  python-info-20151228.1852/python-info.el
  python-info-20151228.1852/python.info
Built python-info in 1.609s, finished at 2021-07-18T23:59:32+0000
 ✓ Success:
4.0K -rw-r--r-- 1 root root  150 Jul 18 23:59 packages/python-info-20151228.1852.entry
 11M -rw-r--r-- 1 root root  11M Jul 18 23:59 packages/python-info-20151228.1852.tar
4.0K -rw-r--r-- 1 root root 1.2K Jul 18 23:59 packages/python-info-badge.svg
4.0K -rw-r--r-- 1 root root  160 Jul 18 23:59 packages/python-info-readme.txt
