Package: python-mode
Fetcher: gitlab
Source:  https://gitlab.com/python-mode-devs/python-mode.git

Updating /mnt/store/melpa/working/python-mode/
Checking out origin/HEAD
Checking out 1799058ed7ee9b51f2ba819d98d5e6e59e196cda
Copying files (->) and directories (=>)
  from /mnt/store/melpa/working/python-mode/
  to /tmp/python-mode1WftGw/python-mode-20220922.814
    python-mode.el -> python-mode.el
    completion/pycomplete.el -> completion/pycomplete.el
    completion/pycomplete.py -> completion/pycomplete.py
Created python-mode-20220922.814.tar containing:
  python-mode-20220922.814/
  python-mode-20220922.814/completion/
  python-mode-20220922.814/completion/pycomplete.el
  python-mode-20220922.814/completion/pycomplete.py
  python-mode-20220922.814/python-mode-pkg.el
  python-mode-20220922.814/python-mode.el
Built python-mode in 5.400s, finished at 2022-09-22T09:32:54+0000
 ✓ Success:
4.0K -rw-r--r-- 1 root root  499 Sep 22 05:58 packages/python-mode-20220921.701.entry
980K -rw-r--r-- 1 root root 980K Sep 22 05:58 packages/python-mode-20220921.701.tar
4.0K -rw-r--r-- 1 root root  499 Sep 22 09:32 packages/python-mode-20220922.814.entry
980K -rw-r--r-- 1 root root 980K Sep 22 09:32 packages/python-mode-20220922.814.tar
