Package: rime
Fetcher: github
Source:  https://github.com/DogLooksGood/emacs-rime.git

Updating /mnt/store/melpa/working/rime/
Checking out origin/HEAD
Checking out e6a89e9fa9eabc32063bffb2eacfcece46f7a049
Copying files (->) and directories (=>)
  from /mnt/store/melpa/working/rime/
  to /tmp/rimex48LUF/rime-20220421.1811
    rime-predicates.el -> rime-predicates.el
    rime.el -> rime.el
    lib.c -> lib.c
    Makefile -> Makefile
Created rime-20220421.1811.tar containing:
  rime-20220421.1811/
  rime-20220421.1811/Makefile
  rime-20220421.1811/lib.c
  rime-20220421.1811/rime-pkg.el
  rime-20220421.1811/rime-predicates.el
  rime-20220421.1811/rime.el
Built rime in 4.423s, finished at 2022-05-16T14:43:49+0000
 ✓ Success:
4.0K -rw-r--r-- 1 root root  394 May 16 14:43 packages/rime-20220421.1811.entry
 72K -rw-r--r-- 1 root root  70K May 16 14:43 packages/rime-20220421.1811.tar
4.0K -rw-r--r-- 1 root root 1.2K May 16 14:43 packages/rime-badge.svg
4.0K -rw-r--r-- 1 root root 3.1K May 16 14:43 packages/rime-readme.txt
