Package: semi
Fetcher: github
Source:  https://github.com/wanderlust/semi.git

Updating /mnt/store/melpa/working/semi/
Checking out origin/HEAD
Checking out 509f6f0bc2f5d020c63e47d9ad89410dc20bcb6f
Copying files (->) and directories (=>)
  from /mnt/store/melpa/working/semi/
  to /tmp/semiiAhIjg/semi-20210613.948
    mail-mime-setup.el -> mail-mime-setup.el
    mime-edit.el -> mime-edit.el
    mime-image.el -> mime-image.el
    mime-mac.el -> mime-mac.el
    mime-partial.el -> mime-partial.el
    mime-pgp.el -> mime-pgp.el
    mime-play.el -> mime-play.el
    mime-setup.el -> mime-setup.el
    mime-shr.el -> mime-shr.el
    mime-signature.el -> mime-signature.el
    mime-tnef.el -> mime-tnef.el
    mime-vcard.el -> mime-vcard.el
    mime-view.el -> mime-view.el
    mime-w3.el -> mime-w3.el
    semi-def.el -> semi-def.el
    semi-pkg.el -> semi-pkg.el
    semi-setup.el -> semi-setup.el
    signature.el -> signature.el
    mime-ui-en.texi -> mime-ui-en.texi
    mime-ui-ja.texi -> mime-ui-ja.texi
