
 • Building package shazam
From https://github.com/kickingvegas/shazam
Cloning https://github.com/kickingvegas/shazam
Checking out a2488513bfb2df0fc125c51a2b1f5655a0ebbe26
Copying files (->) and directories (=>)
  from /mnt/store/melpa/working/shazam/
  to /tmp/shazam-gZLQVE/shazam-20260820.2025/
  ! lisp/shazam.el -> shazam.el
  ! docs/shazam.texi -> shazam.texi
  ! docs/images => images
Generating shazam.info
Created shazam-20260820.2025.tar containing:
  shazam-20260820.2025/
  shazam-20260820.2025/dir
  shazam-20260820.2025/images/
  shazam-20260820.2025/images/default-yellow.png
  shazam-20260820.2025/images/shazam-screenshot.png
  shazam-20260820.2025/shazam-pkg.el
  shazam-20260820.2025/shazam.el
  shazam-20260820.2025/shazam.info
Built shazam in 4.620s, finished at 2026-08-24T00:43:20+0000
