
 • Building package shexc-ts-mode
From https://github.com/ericprud/shexc-mode-for-emacs
Updating /mnt/store/melpa/working/shexc-ts-mode/
Checking out 991beb5616d197b61b59ea36c0b23e21ac8026d1
Copying files (->) and directories (=>)
  from /mnt/store/melpa/working/shexc-ts-mode/
  to /tmp/shexc-ts-mode-wzYvvs/shexc-ts-mode-20260723.741/
    rdf-bgp.el -> rdf-bgp.el
    rdf-core.el -> rdf-core.el
    rdf-isomorphism.el -> rdf-isomorphism.el
    rdf-join.el -> rdf-join.el
    rdf-model.el -> rdf-model.el
    rdf-store.el -> rdf-store.el
    rdf-turtle.el -> rdf-turtle.el
    shex-manifest-browser.el -> shex-manifest-browser.el
    shex-validate.el -> shex-validate.el
    shexc-shexj.el -> shexc-shexj.el
    shexc-shexpath.el -> shexc-shexpath.el
    shexc-shexr.el -> shexc-shexr.el
    shexc-ts-mode-convert.el -> shexc-ts-mode-convert.el
    shexc-ts-mode.el -> shexc-ts-mode.el
    try-packages.el -> try-packages.el
    turtle-ts-mode.el -> turtle-ts-mode.el
Created shexc-ts-mode-20260723.741.tar containing:
  shexc-ts-mode-20260723.741/
  shexc-ts-mode-20260723.741/rdf-bgp.el
  shexc-ts-mode-20260723.741/rdf-core.el
  shexc-ts-mode-20260723.741/rdf-isomorphism.el
  shexc-ts-mode-20260723.741/rdf-join.el
  shexc-ts-mode-20260723.741/rdf-model.el
  shexc-ts-mode-20260723.741/rdf-store.el
  shexc-ts-mode-20260723.741/rdf-turtle.el
  shexc-ts-mode-20260723.741/shex-manifest-browser.el
  shexc-ts-mode-20260723.741/shex-validate.el
  shexc-ts-mode-20260723.741/shexc-shexj.el
  shexc-ts-mode-20260723.741/shexc-shexpath.el
  shexc-ts-mode-20260723.741/shexc-shexr.el
  shexc-ts-mode-20260723.741/shexc-ts-mode-convert.el
  shexc-ts-mode-20260723.741/shexc-ts-mode-pkg.el
  shexc-ts-mode-20260723.741/shexc-ts-mode.el
  shexc-ts-mode-20260723.741/try-packages.el
  shexc-ts-mode-20260723.741/turtle-ts-mode.el
Built shexc-ts-mode in 3.027s, finished at 2026-07-23T16:06:49+0000
