Package: simplenote2
Fetcher: github
Source:  https://github.com/alpha22jp/simplenote2.el.git

Updating /mnt/store/melpa/working/simplenote2/
Copying files (->) and directories (=>)
  from /mnt/store/melpa/working/simplenote2/
  to /tmp/simplenote25zJ7qe/simplenote2-20161130.1409
    simplenote2-list.el -> simplenote2-list.el
    simplenote2.el -> simplenote2.el
Created simplenote2-20161130.1409.tar containing:
  simplenote2-20161130.1409/
  simplenote2-20161130.1409/simplenote2-list.el
  simplenote2-20161130.1409/simplenote2-pkg.el
  simplenote2-20161130.1409/simplenote2.el
Built simplenote2 in 4.235s, finished at Wed Jul  7 09:19:38 2021
 ✓ Success:
4.0K -rw-r--r-- 1 root root  343 Jul  7 09:19 packages/simplenote2-20161130.1409.entry
 60K -rw-r--r-- 1 root root  60K Jul  7 09:19 packages/simplenote2-20161130.1409.tar
4.0K -rw-r--r-- 1 root root 1.2K Jul  7 09:19 packages/simplenote2-badge.svg
4.0K -rw-r--r-- 1 root root  426 Jul  7 09:19 packages/simplenote2-readme.txt
