Package: simple-mpc
Fetcher: github
Source:  https://github.com/jorenvo/simple-mpc.git

Updating /mnt/store/melpa/working/simple-mpc/
Checking out 57ee14ada8aec477ddde5e4f632c8d3d99a66535
Copying files (->) and directories (=>)
  from /mnt/store/melpa/working/simple-mpc/
  to /tmp/simple-mpcY1WqB0/simple-mpc-20220216.102
    simple-mpc-current-playlist.el -> simple-mpc-current-playlist.el
    simple-mpc-mode.el -> simple-mpc-mode.el
    simple-mpc-query.el -> simple-mpc-query.el
    simple-mpc-utils.el -> simple-mpc-utils.el
    simple-mpc-vars.el -> simple-mpc-vars.el
    simple-mpc.el -> simple-mpc.el
Created simple-mpc-20220216.102.tar containing:
  simple-mpc-20220216.102/
  simple-mpc-20220216.102/simple-mpc-current-playlist.el
  simple-mpc-20220216.102/simple-mpc-mode.el
  simple-mpc-20220216.102/simple-mpc-pkg.el
  simple-mpc-20220216.102/simple-mpc-query.el
  simple-mpc-20220216.102/simple-mpc-utils.el
  simple-mpc-20220216.102/simple-mpc-vars.el
  simple-mpc-20220216.102/simple-mpc.el
Built simple-mpc in 3.857s, finished at 2023-01-22T18:48:10+0000
 ✓ Success:
4.0K -rw-r--r-- 1 root root 395 Jan 22 18:48 packages/simple-mpc-20220216.102.entry
 40K -rw-r--r-- 1 root root 40K Jan 22 18:48 packages/simple-mpc-20220216.102.tar
