Package: slurm-mode
Fetcher: github
Source:  https://github.com/ffevotte/slurm.el.git

Updating /mnt/store/melpa/working/slurm-mode/
Checking out 4e6ac09245313cf4018b8e5784b2fca8604269d7
Copying files (->) and directories (=>)
  from /mnt/store/melpa/working/slurm-mode/
  to /tmp/slurm-modeB1YhW1/slurm-mode-20210519.1109
    slurm-mode.el -> slurm-mode.el
    slurm-pkg.el -> slurm-pkg.el
    slurm-script-mode.el -> slurm-script-mode.el
Created slurm-mode-20210519.1109.tar containing:
  slurm-mode-20210519.1109/
  slurm-mode-20210519.1109/slurm-mode-pkg.el
  slurm-mode-20210519.1109/slurm-mode.el
  slurm-mode-20210519.1109/slurm-pkg.el
  slurm-mode-20210519.1109/slurm-script-mode.el
Built slurm-mode in 4.317s, finished at 2023-03-17T11:29:28+0000
 ✓ Success:
4.0K -rw-r--r-- 1 root root 221 Mar 17 11:29 packages/slurm-mode-20210519.1109.entry
 40K -rw-r--r-- 1 root root 40K Mar 17 11:29 packages/slurm-mode-20210519.1109.tar
