Package: sml-basis
Fetcher: github
Source:  https://github.com/lassik/emacs-sml-basis.git

Updating /mnt/store/melpa/working/sml-basis/
Copying files (->) and directories (=>)
  from /mnt/store/melpa/working/sml-basis/
  to /tmp/sml-basisZL5IN3/sml-basis-20210518.2040
    sml-basis-data.el -> sml-basis-data.el
    sml-basis.el -> sml-basis.el
Created sml-basis-20210518.2040.tar containing:
  sml-basis-20210518.2040/
  sml-basis-20210518.2040/sml-basis-data.el
  sml-basis-20210518.2040/sml-basis-pkg.el
  sml-basis-20210518.2040/sml-basis.el
Built sml-basis in 8.566s, finished at Thu May 27 13:53:54 2021
 ✓ Success:
4.0K -rw-r--r-- 1 root root  383 May 27 13:53 packages/sml-basis-20210518.2040.entry
152K -rw-r--r-- 1 root root 150K May 27 13:53 packages/sml-basis-20210518.2040.tar
4.0K -rw-r--r-- 1 root root 1.2K May 27 13:53 packages/sml-basis-badge.svg
4.0K -rw-r--r-- 1 root root  417 May 27 13:53 packages/sml-basis-readme.txt
