Package: swift-mode
Fetcher: github
Source:  https://github.com/swift-emacs/swift-mode.git

Updating /mnt/store/melpa/working/swift-mode/
Checking out origin/HEAD
Checking out 4ec7c7328d0f09bf323c8be2db3be248bf30827a
Copying files (->) and directories (=>)
  from /mnt/store/melpa/working/swift-mode/
  to /tmp/swift-modeE1S1D0/swift-mode-20210925.430
    src-autoloads.el -> src-autoloads.el
    swift-mode-beginning-of-defun.el -> swift-mode-beginning-of-defun.el
    swift-mode-font-lock.el -> swift-mode-font-lock.el
    swift-mode-imenu.el -> swift-mode-imenu.el
    swift-mode-indent.el -> swift-mode-indent.el
    swift-mode-lexer.el -> swift-mode-lexer.el
    swift-mode-repl.el -> swift-mode-repl.el
    swift-mode-standard-types.el -> swift-mode-standard-types.el
    swift-mode.el -> swift-mode.el
Created swift-mode-20210925.430.tar containing:
  swift-mode-20210925.430/
  swift-mode-20210925.430/src-autoloads.el
  swift-mode-20210925.430/swift-mode-beginning-of-defun.el
  swift-mode-20210925.430/swift-mode-font-lock.el
  swift-mode-20210925.430/swift-mode-imenu.el
  swift-mode-20210925.430/swift-mode-indent.el
  swift-mode-20210925.430/swift-mode-lexer.el
  swift-mode-20210925.430/swift-mode-pkg.el
  swift-mode-20210925.430/swift-mode-repl.el
  swift-mode-20210925.430/swift-mode-standard-types.el
  swift-mode-20210925.430/swift-mode.el
Built swift-mode in 10.768s, finished at 2021-10-04T13:56:52+0000
 ✓ Success:
4.0K -rw-r--r-- 1 root root  319 Oct  4 13:56 packages/swift-mode-20210925.430.entry
440K -rw-r--r-- 1 root root 440K Oct  4 13:56 packages/swift-mode-20210925.430.tar
4.0K -rw-r--r-- 1 root root 1.2K Oct  4 13:56 packages/swift-mode-badge.svg
4.0K -rw-r--r-- 1 root root   51 Oct  4 13:56 packages/swift-mode-readme.txt
