Package: swift3-mode
Fetcher: github
Source:  https://github.com/taku0/swift3-mode.git

Updating /mnt/store/melpa/working/swift3-mode/
Checking out origin/HEAD
Checking out ea34d46bf9a4293e75ffdac9500d34989316d9e9
Copying files (->) and directories (=>)
  from /mnt/store/melpa/working/swift3-mode/
  to /tmp/swift3-modeqr2RQG/swift3-mode-20160918.1250
    swift3-mode-beginning-of-defun.el -> swift3-mode-beginning-of-defun.el
    swift3-mode-font-lock.el -> swift3-mode-font-lock.el
    swift3-mode-indent.el -> swift3-mode-indent.el
    swift3-mode-lexer.el -> swift3-mode-lexer.el
    swift3-mode-repl.el -> swift3-mode-repl.el
    swift3-mode.el -> swift3-mode.el
Created swift3-mode-20160918.1250.tar containing:
  swift3-mode-20160918.1250/
  swift3-mode-20160918.1250/swift3-mode-beginning-of-defun.el
  swift3-mode-20160918.1250/swift3-mode-font-lock.el
  swift3-mode-20160918.1250/swift3-mode-indent.el
  swift3-mode-20160918.1250/swift3-mode-lexer.el
  swift3-mode-20160918.1250/swift3-mode-pkg.el
  swift3-mode-20160918.1250/swift3-mode-repl.el
  swift3-mode-20160918.1250/swift3-mode.el
Built swift3-mode in 4.125s, finished at 2022-10-18T17:51:10+0000
 ✓ Success:
4.0K -rw-r--r-- 1 root root  290 Oct 18 17:51 packages/swift3-mode-20160918.1250.entry
112K -rw-r--r-- 1 root root 110K Oct 18 17:51 packages/swift3-mode-20160918.1250.tar
