Package: symbols-outline
Fetcher: github
Source:  https://github.com/liushihao456/symbols-outline.el.git

Updating /mnt/store/melpa/working/symbols-outline/
Checking out 8c4e722507577456e583cf4d87a047527e91a1bd
Copying files (->) and directories (=>)
  from /mnt/store/melpa/working/symbols-outline/
  to /tmp/symbols-outline3KC5A1/symbols-outline-20230823.1542
    symbols-outline-ctags.el -> symbols-outline-ctags.el
    symbols-outline-follow-mode.el -> symbols-outline-follow-mode.el
    symbols-outline-lsp.el -> symbols-outline-lsp.el
    symbols-outline-nerd-icon.el -> symbols-outline-nerd-icon.el
    symbols-outline-node.el -> symbols-outline-node.el
    symbols-outline-svg-icon.el -> symbols-outline-svg-icon.el
    symbols-outline.el -> symbols-outline.el
    icons => icons
Created symbols-outline-20230823.1542.tar containing:
  symbols-outline-20230823.1542/
  symbols-outline-20230823.1542/icons/
  symbols-outline-20230823.1542/icons/alias.svg
  symbols-outline-20230823.1542/icons/annotation.svg
  symbols-outline-20230823.1542/icons/array.svg
  symbols-outline-20230823.1542/icons/boolean.svg
  symbols-outline-20230823.1542/icons/chapter.svg
  symbols-outline-20230823.1542/icons/chevron-down.svg
  symbols-outline-20230823.1542/icons/chevron-right.svg
  symbols-outline-20230823.1542/icons/class.svg
  symbols-outline-20230823.1542/icons/const.svg
  symbols-outline-20230823.1542/icons/constant.svg
  symbols-outline-20230823.1542/icons/constructor.svg
  symbols-outline-20230823.1542/icons/custom.svg
  symbols-outline-20230823.1542/icons/derivedMode.svg
  symbols-outline-20230823.1542/icons/enum.svg
  symbols-outline-20230823.1542/icons/enumerator.svg
  symbols-outline-20230823.1542/icons/enummember.svg
  symbols-outline-20230823.1542/icons/error.svg
  symbols-outline-20230823.1542/icons/event.svg
  symbols-outline-20230823.1542/icons/externvar.svg
  symbols-outline-20230823.1542/icons/face.svg
  symbols-outline-20230823.1542/icons/field.svg
  symbols-outline-20230823.1542/icons/file.svg
  symbols-outline-20230823.1542/icons/function.svg
  symbols-outline-20230823.1542/icons/group.svg
  symbols-outline-20230823.1542/icons/inline.svg
  symbols-outline-20230823.1542/icons/interface.svg
  symbols-outline-20230823.1542/icons/key.svg
  symbols-outline-20230823.1542/icons/l4subsection.svg
  symbols-outline-20230823.1542/icons/l5subsection.svg
  symbols-outline-20230823.1542/icons/local.svg
  symbols-outline-20230823.1542/icons/macro.svg
  symbols-outline-20230823.1542/icons/macroparam.svg
  symbols-outline-20230823.1542/icons/majorMode.svg
  symbols-outline-20230823.1542/icons/member.svg
  symbols-outline-20230823.1542/icons/method.svg
  symbols-outline-20230823.1542/icons/minorMode.svg
  symbols-outline-20230823.1542/icons/misc.svg
  symbols-outline-20230823.1542/icons/module.svg
  symbols-outline-20230823.1542/icons/namespace.svg
  symbols-outline-20230823.1542/icons/null.svg
  symbols-outline-20230823.1542/icons/number.svg
  symbols-outline-20230823.1542/icons/object.svg
  symbols-outline-20230823.1542/icons/operator.svg
  symbols-outline-20230823.1542/icons/package.svg
  symbols-outline-20230823.1542/icons/parameter.svg
  symbols-outline-20230823.1542/icons/part.svg
  symbols-outline-20230823.1542/icons/property.svg
  symbols-outline-20230823.1542/icons/prototype.svg
  symbols-outline-20230823.1542/icons/section.svg
  symbols-outline-20230823.1542/icons/string.svg
  symbols-outline-20230823.1542/icons/struct.svg
  symbols-outline-20230823.1542/icons/subsection.svg
  symbols-outline-20230823.1542/icons/subst.svg
  symbols-outline-20230823.1542/icons/subsubsection.svg
  symbols-outline-20230823.1542/icons/tag.svg
  symbols-outline-20230823.1542/icons/tparam.svg
  symbols-outline-20230823.1542/icons/typedef.svg
  symbols-outline-20230823.1542/icons/typeparameter.svg
  symbols-outline-20230823.1542/icons/union.svg
  symbols-outline-20230823.1542/icons/unknown.svg
  symbols-outline-20230823.1542/icons/using.svg
  symbols-outline-20230823.1542/icons/variable.svg
  symbols-outline-20230823.1542/symbols-outline-ctags.el
  symbols-outline-20230823.1542/symbols-outline-follow-mode.el
  symbols-outline-20230823.1542/symbols-outline-lsp.el
  symbols-outline-20230823.1542/symbols-outline-nerd-icon.el
  symbols-outline-20230823.1542/symbols-outline-node.el
  symbols-outline-20230823.1542/symbols-outline-pkg.el
  symbols-outline-20230823.1542/symbols-outline-svg-icon.el
  symbols-outline-20230823.1542/symbols-outline.el
 ✓ Success:
  2023-08-23T17:01:02+0000  symbols-outline-20230823.1542.entry
  2023-08-23T17:01:02+0000  symbols-outline-20230823.1542.tar
  2023-08-23T13:42:46+0000  symbols-outline-20230823.958.entry
  2023-08-23T13:42:46+0000  symbols-outline-20230823.958.tar
Built symbols-outline in 4.914s, finished at 2023-08-23T17:01:04+0000
