
 • Building package synaxis
From https://git.thanosapollo.org/synaxis
Updating /mnt/store/melpa/working/synaxis/
Checking out 5f2edb9b19a2ea0c6e3cfdce1100ab160ca3a552
Copying files (->) and directories (=>)
  from /mnt/store/melpa/working/synaxis/
  to /tmp/synaxis-L5t2TV/synaxis-20260730.1047/
  ! lisp/synaxis-db.el -> synaxis-db.el
  ! lisp/synaxis-edit.el -> synaxis-edit.el
  ! lisp/synaxis-fetch.el -> synaxis-fetch.el
  ! lisp/synaxis-filter.el -> synaxis-filter.el
  ! lisp/synaxis-ol.el -> synaxis-ol.el
  ! lisp/synaxis-parse.el -> synaxis-parse.el
  ! lisp/synaxis-scrape.el -> synaxis-scrape.el
  ! lisp/synaxis-search.el -> synaxis-search.el
  ! lisp/synaxis-show.el -> synaxis-show.el
  ! lisp/synaxis-tl.el -> synaxis-tl.el
  ! lisp/synaxis.el -> synaxis.el
Created synaxis-20260730.1047.tar containing:
  synaxis-20260730.1047/
  synaxis-20260730.1047/synaxis-db.el
  synaxis-20260730.1047/synaxis-edit.el
  synaxis-20260730.1047/synaxis-fetch.el
  synaxis-20260730.1047/synaxis-filter.el
  synaxis-20260730.1047/synaxis-ol.el
  synaxis-20260730.1047/synaxis-parse.el
  synaxis-20260730.1047/synaxis-pkg.el
  synaxis-20260730.1047/synaxis-scrape.el
  synaxis-20260730.1047/synaxis-search.el
  synaxis-20260730.1047/synaxis-show.el
  synaxis-20260730.1047/synaxis-tl.el
  synaxis-20260730.1047/synaxis.el
Built synaxis in 3.508s, finished at 2026-08-02T10:11:58+0000
