Package: synosaurus
Fetcher: github
Source:  https://github.com/hpdeifel/synosaurus.git

Updating /mnt/store/melpa/working/synosaurus/
Copying files (->) and directories (=>)
  from /mnt/store/melpa/working/synosaurus/
  to /tmp/synosaurusci8d8q/synosaurus-20191125.552
    synosaurus-openthesaurus.el -> synosaurus-openthesaurus.el
    synosaurus-pkg.el -> synosaurus-pkg.el
    synosaurus-wordnet.el -> synosaurus-wordnet.el
    synosaurus.el -> synosaurus.el
Created synosaurus-20191125.552.tar containing:
  synosaurus-20191125.552/
  synosaurus-20191125.552/synosaurus-openthesaurus.el
  synosaurus-20191125.552/synosaurus-pkg.el
  synosaurus-20191125.552/synosaurus-wordnet.el
  synosaurus-20191125.552/synosaurus.el
Built synosaurus in 3.536s, finished at Sun Mar 21 23:57:51 2021
 ✓ Success:
4.0K -rw-r--r-- 1 root root  356 Mar 21 23:57 packages/synosaurus-20191125.552.entry
 20K -rw-r--r-- 1 root root  20K Mar 21 23:57 packages/synosaurus-20191125.552.tar
4.0K -rw-r--r-- 1 root root 1.2K Mar 21 23:57 packages/synosaurus-badge.svg
4.0K -rw-r--r-- 1 root root  353 Mar 21 23:57 packages/synosaurus-readme.txt
