Package: tikz
Fetcher: github
Source:  https://github.com/emiliotorres/tikz.git

Updating /mnt/store/melpa/working/tikz/
Checking out origin/HEAD
Checking out f9ea0793affa34be29e1861bfa559fd248b7d22e
Copying files (->) and directories (=>)
  from /mnt/store/melpa/working/tikz/
  to /tmp/tikzeDeeSd/tikz-20210927.1704
    tikz.el -> tikz.el
    templates => templates
Created tikz-20210927.1704.tar containing:
  tikz-20210927.1704/
  tikz-20210927.1704/templates/
  tikz-20210927.1704/templates/defs.tex
  tikz-20210927.1704/templates/defs_tikz.tex
  tikz-20210927.1704/templates/tikz-preamble-template.tex
  tikz-20210927.1704/tikz-pkg.el
  tikz-20210927.1704/tikz.el
Built tikz in 4.158s, finished at 2021-12-30T01:56:55+0000
 ✓ Success:
4.0K -rw-r--r-- 1 root root  364 Dec 30 01:56 packages/tikz-20210927.1704.entry
 20K -rw-r--r-- 1 root root  20K Dec 30 01:56 packages/tikz-20210927.1704.tar
4.0K -rw-r--r-- 1 root root 1.2K Dec 30 01:56 packages/tikz-badge.svg
4.0K -rw-r--r-- 1 root root 1.6K Dec 30 01:56 packages/tikz-readme.txt
