Package: tomatinho
Fetcher: github
Source:  https://github.com/konr/tomatinho.git

Updating /mnt/store/melpa/working/tomatinho/
Copying files (->) and directories (=>)
  from /mnt/store/melpa/working/tomatinho/
  to /tmp/tomatinho1U942A/tomatinho-20180621.1748
    tomatinho.el -> tomatinho.el
    tick.wav -> tick.wav
    tack.wav -> tack.wav
Created tomatinho-20180621.1748.tar containing:
  tomatinho-20180621.1748/
  tomatinho-20180621.1748/tack.wav
  tomatinho-20180621.1748/tick.wav
  tomatinho-20180621.1748/tomatinho-pkg.el
  tomatinho-20180621.1748/tomatinho.el
Built tomatinho in 3.453s, finished at Tue Jul  6 02:12:16 2021
 ✓ Success:
4.0K -rw-r--r-- 1 root root  350 Jul  6 02:12 packages/tomatinho-20180621.1748.entry
 40K -rw-r--r-- 1 root root  40K Jul  6 02:12 packages/tomatinho-20180621.1748.tar
4.0K -rw-r--r-- 1 root root 1.2K Jul  6 02:12 packages/tomatinho-badge.svg
4.0K -rw-r--r-- 1 root root  236 Jul  6 02:12 packages/tomatinho-readme.txt
