Package: use-package
Fetcher: github
Source:  https://github.com/jwiegley/use-package.git

Updating /mnt/store/melpa/working/use-package/
Copying files (->) and directories (=>)
  from /mnt/store/melpa/working/use-package/
  to /tmp/use-packagerEeCpA/use-package-20201110.2133
    use-package-bind-key.el -> use-package-bind-key.el
    use-package-core.el -> use-package-core.el
    use-package-delight.el -> use-package-delight.el
    use-package-diminish.el -> use-package-diminish.el
    use-package-ensure.el -> use-package-ensure.el
    use-package-jump.el -> use-package-jump.el
    use-package-lint.el -> use-package-lint.el
    use-package.el -> use-package.el
    use-package.texi -> use-package.texi
Created /tmp/use-packagerEeCpA/use-package-20201110.2133/use-package.info
Created use-package-20201110.2133.tar containing:
  use-package-20201110.2133/
  use-package-20201110.2133/dir
  use-package-20201110.2133/use-package-bind-key.el
  use-package-20201110.2133/use-package-core.el
  use-package-20201110.2133/use-package-delight.el
  use-package-20201110.2133/use-package-diminish.el
  use-package-20201110.2133/use-package-ensure.el
  use-package-20201110.2133/use-package-jump.el
  use-package-20201110.2133/use-package-lint.el
  use-package-20201110.2133/use-package-pkg.el
  use-package-20201110.2133/use-package.el
  use-package-20201110.2133/use-package.info
Built use-package in 8.104s, finished at Wed Jul  7 09:26:51 2021
 ✓ Success:
4.0K -rw-r--r-- 1 root root  474 Jul  7 09:26 packages/use-package-20201110.2133.entry
140K -rw-r--r-- 1 root root 140K Jul  7 09:26 packages/use-package-20201110.2133.tar
4.0K -rw-r--r-- 1 root root 1.2K Jul  7 09:26 packages/use-package-badge.svg
4.0K -rw-r--r-- 1 root root 1.4K Jul  7 09:26 packages/use-package-chords-20181024.2322.el
4.0K -rw-r--r-- 1 root root  559 Jul  7 09:26 packages/use-package-chords-20181024.2322.entry
4.0K -rw-r--r-- 1 root root 1.2K Jul  7 09:26 packages/use-package-chords-badge.svg
4.0K -rw-r--r-- 1 root root  139 Jul  7 09:26 packages/use-package-chords-readme.txt
4.0K -rw-r--r-- 1 root root  593 Jul  7 09:26 packages/use-package-chords.log
4.0K -rw-r--r-- 1 root root 2.5K Jul  7 09:26 packages/use-package-el-get-20180131.505.el
4.0K -rw-r--r-- 1 root root  463 Jul  7 09:26 packages/use-package-el-get-20180131.505.entry
4.0K -rw-r--r-- 1 root root 1.2K Jul  7 09:26 packages/use-package-el-get-badge.svg
4.0K -rw-r--r-- 1 root root  152 Jul  7 09:26 packages/use-package-el-get-readme.txt
4.0K -rw-r--r-- 1 root root  596 Jul  7 09:26 packages/use-package-el-get.log
4.0K -rw-r--r-- 1 root root 2.8K Jul  7 09:26 packages/use-package-ensure-system-package-20180913.1501.el
4.0K -rw-r--r-- 1 root root  534 Jul  7 09:26 packages/use-package-ensure-system-package-20180913.1501.entry
4.0K -rw-r--r-- 1 root root 1.2K Jul  7 09:26 packages/use-package-ensure-system-package-badge.svg
4.0K -rw-r--r-- 1 root root  124 Jul  7 09:26 packages/use-package-ensure-system-package-readme.txt
4.0K -rw-r--r-- 1 root root  698 Jul  7 09:26 packages/use-package-ensure-system-package.log
4.0K -rw-r--r-- 1 root root 3.2K Jul  7 09:26 packages/use-package-hydra-20181228.745.el
4.0K -rw-r--r-- 1 root root  457 Jul  7 06:13 packages/use-package-hydra-20181228.745.entry
4.0K -rw-r--r-- 1 root root 1.2K Jul  7 06:13 packages/use-package-hydra-badge.svg
4.0K -rw-r--r-- 1 root root  104 Jul  7 06:13 packages/use-package-hydra-readme.txt
4.0K -rw-r--r-- 1 root root  153 Jul  7 09:26 packages/use-package-hydra.log
4.0K -rw-r--r-- 1 root root  432 Jul  7 09:26 packages/use-package-readme.txt
