Package: vagrant-tramp
Fetcher: github
Source:  https://github.com/dougm/vagrant-tramp.git

Updating /mnt/store/melpa/working/vagrant-tramp/
Checking out 2b7a4fabd328961384da06e0e302250cd97edc47
Copying files (->) and directories (=>)
  from /mnt/store/melpa/working/vagrant-tramp/
  to /tmp/vagrant-trampU1GEqw/vagrant-tramp-20220508.52
    vagrant-tramp.el -> vagrant-tramp.el
    bin => bin
Created vagrant-tramp-20220508.52.tar containing:
  vagrant-tramp-20220508.52/
  vagrant-tramp-20220508.52/bin/
  vagrant-tramp-20220508.52/bin/vagrant-tramp-ssh
  vagrant-tramp-20220508.52/vagrant-tramp-pkg.el
  vagrant-tramp-20220508.52/vagrant-tramp.el
Built vagrant-tramp in 4.592s, finished at 2023-02-04T10:15:20+0000
 ✓ Success:
4.0K -rw-r--r-- 1 root root 399 Feb  4 10:15 packages/vagrant-tramp-20220508.52.entry
 20K -rw-r--r-- 1 root root 20K Feb  4 10:15 packages/vagrant-tramp-20220508.52.tar
