Package: vc-check-status
Fetcher: github
Source:  https://github.com/thisirs/vc-check-status.git

Updating /mnt/store/melpa/working/vc-check-status/
Checking out origin/HEAD
Checking out d95ef8f0799cd3dd83726ffa9b01b076f378ce34
Checking out d95ef8f0799cd3dd83726ffa9b01b076f378ce34
Copying files (->) and directories (=>)
  from /mnt/store/melpa/working/vc-check-status/
  to /tmp/vc-check-statusp1doxe/vc-check-status-20210216.1525
    vc-check-status.el -> vc-check-status.el
    vc-git-check-status.el -> vc-git-check-status.el
Created vc-check-status-20210216.1525.tar containing:
  vc-check-status-20210216.1525/
  vc-check-status-20210216.1525/vc-check-status-pkg.el
  vc-check-status-20210216.1525/vc-check-status.el
  vc-check-status-20210216.1525/vc-git-check-status.el
Failed to fetch badge
Built vc-check-status in 4.452s, finished at 2022-07-04T15:55:10+0000
 ✓ Success:
4.0K -rw-r--r-- 1 root root 399 Jul  4 15:55 packages/vc-check-status-20210216.1525.entry
 20K -rw-r--r-- 1 root root 20K Jul  4 15:55 packages/vc-check-status-20210216.1525.tar
