Package: weather-metno
Fetcher: github
Source:  https://github.com/ruediger/weather-metno-el.git

Updating /mnt/store/melpa/working/weather-metno/
Checking out origin/HEAD
Checking out bfc7137095e0ee71aad70ac46f2af677f3c051b6
Copying files (->) and directories (=>)
  from /mnt/store/melpa/working/weather-metno/
  to /tmp/weather-metnopZv8WO/weather-metno-20150901.107
    org-weather-metno.el -> org-weather-metno.el
    weather-metno-mode-line.el -> weather-metno-mode-line.el
    weather-metno-query.el -> weather-metno-query.el
    weather-metno.el -> weather-metno.el
Created weather-metno-20150901.107.tar containing:
  weather-metno-20150901.107/
  weather-metno-20150901.107/org-weather-metno.el
  weather-metno-20150901.107/weather-metno-mode-line.el
  weather-metno-20150901.107/weather-metno-pkg.el
  weather-metno-20150901.107/weather-metno-query.el
  weather-metno-20150901.107/weather-metno.el
Built weather-metno in 5.094s, finished at 2022-11-20T10:50:23+0000
 ✓ Success:
4.0K -rw-r--r-- 1 root root 403 Nov 20 10:50 packages/weather-metno-20150901.107.entry
 60K -rw-r--r-- 1 root root 60K Nov 20 10:50 packages/weather-metno-20150901.107.tar
