Package: wordel
Fetcher: github
Source:  https://github.com/progfolio/wordel.git

Updating /mnt/store/melpa/working/wordel/
Checking out origin/HEAD
Checking out 5a1f9a45c3d1fa58c3de5183c4456572ae861d49
Copying files (->) and directories (=>)
  from /mnt/store/melpa/working/wordel/
  to /tmp/wordelKcNisR/wordel-20220225.1907
    wordel.el -> wordel.el
    words => words
Created wordel-20220225.1907.tar containing:
  wordel-20220225.1907/
  wordel-20220225.1907/wordel-pkg.el
  wordel-20220225.1907/wordel.el
  wordel-20220225.1907/words/
  wordel-20220225.1907/words/scrabble
  wordel-20220225.1907/words/wordle
Built wordel in 7.713s, finished at 2022-04-06T09:15:07+0000
 ✓ Success:
4.0K -rw-r--r-- 1 root root  392 Apr  6 09:15 packages/wordel-20220225.1907.entry
680K -rw-r--r-- 1 root root 680K Apr  6 09:15 packages/wordel-20220225.1907.tar
4.0K -rw-r--r-- 1 root root 1.2K Apr  6 09:15 packages/wordel-badge.svg
4.0K -rw-r--r-- 1 root root   10 Apr  6 09:15 packages/wordel-readme.txt
