Package: xml-quotes
Fetcher: github
Source:  https://github.com/ndw/xml-quotes.git

Updating /mnt/store/melpa/working/xml-quotes/
Checking out origin/HEAD
Checking out 8fc21e43b45f9a50b24642412f05afcc3a316a1f
Checking out 8fc21e43b45f9a50b24642412f05afcc3a316a1f
Copying files (->) and directories (=>)
  from /mnt/store/melpa/working/xml-quotes/
  to /tmp/xml-quotesr3qQnU/xml-quotes-20200301.1222
    mail-signature-quotes.el -> mail-signature-quotes.el
    xml-quotes.el -> xml-quotes.el
Created xml-quotes-20200301.1222.tar containing:
  xml-quotes-20200301.1222/
  xml-quotes-20200301.1222/mail-signature-quotes.el
  xml-quotes-20200301.1222/xml-quotes-pkg.el
  xml-quotes-20200301.1222/xml-quotes.el
Built xml-quotes in 7.627s, finished at 2022-08-03T11:26:51+0000
 ✓ Success:
4.0K -rw-r--r-- 1 root root 361 Aug  3 11:26 packages/xml-quotes-20200301.1222.entry
 32K -rw-r--r-- 1 root root 30K Aug  3 11:26 packages/xml-quotes-20200301.1222.tar
