
 • Building package yeetube
From https://git.thanosapollo.org/yeetube
Updating /mnt/store/melpa/working/yeetube/
Checking out b1bd707084b224b52511da69d467086fda7d2d06
Copying files (->) and directories (=>)
  from /mnt/store/melpa/working/yeetube/
  to /tmp/yeetube-k2qZWO/yeetube-20260906.708/
    yeetube-backend.el -> yeetube-backend.el
    yeetube-download.el -> yeetube-download.el
    yeetube-mpv.el -> yeetube-mpv.el
    yeetube-ol.el -> yeetube-ol.el
    yeetube-scraper.el -> yeetube-scraper.el
    yeetube-ui.el -> yeetube-ui.el
    yeetube-youtube.el -> yeetube-youtube.el
    yeetube.el -> yeetube.el
Created yeetube-20260906.708.tar containing:
  yeetube-20260906.708/
  yeetube-20260906.708/yeetube-backend.el
  yeetube-20260906.708/yeetube-download.el
  yeetube-20260906.708/yeetube-mpv.el
  yeetube-20260906.708/yeetube-ol.el
  yeetube-20260906.708/yeetube-pkg.el
  yeetube-20260906.708/yeetube-scraper.el
  yeetube-20260906.708/yeetube-ui.el
  yeetube-20260906.708/yeetube-youtube.el
  yeetube-20260906.708/yeetube.el
Built yeetube in 5.341s, finished at 2026-09-27T00:34:13+0000
