Package: zenscript-mode
Fetcher: github
Source:  https://github.com/eutro/zenscript-mode.git

Updating /mnt/store/melpa/working/zenscript-mode/
Checking out origin/HEAD
Checking out c33b4525502459fe60dd76b383e19919d450aeb8
Copying files (->) and directories (=>)
  from /mnt/store/melpa/working/zenscript-mode/
  to /tmp/zenscript-modewJExvh/zenscript-mode-20210102.1350
    zenscript-common.el -> zenscript-common.el
    zenscript-completion.el -> zenscript-completion.el
    zenscript-highlighting.el -> zenscript-highlighting.el
    zenscript-indentation.el -> zenscript-indentation.el
    zenscript-language.el -> zenscript-language.el
    zenscript-mode.el -> zenscript-mode.el
    zenscript-parser.el -> zenscript-parser.el
Created zenscript-mode-20210102.1350.tar containing:
  zenscript-mode-20210102.1350/
  zenscript-mode-20210102.1350/zenscript-common.el
  zenscript-mode-20210102.1350/zenscript-completion.el
  zenscript-mode-20210102.1350/zenscript-highlighting.el
  zenscript-mode-20210102.1350/zenscript-indentation.el
  zenscript-mode-20210102.1350/zenscript-language.el
  zenscript-mode-20210102.1350/zenscript-mode-pkg.el
  zenscript-mode-20210102.1350/zenscript-mode.el
  zenscript-mode-20210102.1350/zenscript-parser.el
Built zenscript-mode in 3.532s, finished at 2022-02-17T19:59:55+0000
 ✓ Success:
4.0K -rw-r--r-- 1 root root  220 Feb 17 19:59 packages/zenscript-mode-20210102.1350.entry
132K -rw-r--r-- 1 root root 130K Feb 17 19:59 packages/zenscript-mode-20210102.1350.tar
4.0K -rw-r--r-- 1 root root 1.2K Feb 17 19:59 packages/zenscript-mode-badge.svg
4.0K -rw-r--r-- 1 root root   26 Feb 17 19:59 packages/zenscript-mode-readme.txt
