Package: all-the-icons
Fetcher: github
Source:  https://github.com/domtronn/all-the-icons.el.git

Updating /mnt/store/melpa/working/all-the-icons/
Checking out origin/HEAD
Checking out 0e8820dffec876ab89e262c5cd3dd8ec1b07cb86
Checking out 0e8820dffec876ab89e262c5cd3dd8ec1b07cb86
Copying files (->) and directories (=>)
  from /mnt/store/melpa/working/all-the-icons/
  to /tmp/all-the-iconsthNbJ0/all-the-icons-20220620.249
    all-the-icons-faces.el -> all-the-icons-faces.el
    all-the-icons.el -> all-the-icons.el
    data => data
Created all-the-icons-20220620.249.tar containing:
  all-the-icons-20220620.249/
  all-the-icons-20220620.249/all-the-icons-faces.el
  all-the-icons-20220620.249/all-the-icons-pkg.el
  all-the-icons-20220620.249/all-the-icons.el
  all-the-icons-20220620.249/data/
  all-the-icons-20220620.249/data/data-alltheicons.el
  all-the-icons-20220620.249/data/data-faicons.el
  all-the-icons-20220620.249/data/data-fileicons.el
  all-the-icons-20220620.249/data/data-material.el
  all-the-icons-20220620.249/data/data-octicons.el
  all-the-icons-20220620.249/data/data-weathericons.el
Built all-the-icons in 4.548s, finished at 2022-06-20T11:35:32+0000
 ✓ Success:
4.0K -rw-r--r-- 1 root root  392 Jun 20 11:35 packages/all-the-icons-20220620.249.entry
200K -rw-r--r-- 1 root root 200K Jun 20 11:35 packages/all-the-icons-20220620.249.tar
