Package: async
Fetcher: github
Source:  https://github.com/jwiegley/emacs-async.git

Updating /mnt/store/melpa/working/async/
Checking out origin/HEAD
Checking out 73f825fd739875e4b8e10d47d497df402bbb61e7
Copying files (->) and directories (=>)
  from /mnt/store/melpa/working/async/
  to /tmp/asyncP1MUr1/async-20220820.530
    async-bytecomp.el -> async-bytecomp.el
    async.el -> async.el
    dired-async.el -> dired-async.el
    smtpmail-async.el -> smtpmail-async.el
Created async-20220820.530.tar containing:
  async-20220820.530/
  async-20220820.530/async-bytecomp.el
  async-20220820.530/async-pkg.el
  async-20220820.530/async.el
  async-20220820.530/dired-async.el
  async-20220820.530/smtpmail-async.el
Built async in 3.330s, finished at 2022-09-10T15:44:40+0000
 ✓ Success:
4.0K -rw-r--r-- 1 root root 343 Sep 10 15:44 packages/async-20220820.530.entry
 60K -rw-r--r-- 1 root root 60K Sep 10 15:44 packages/async-20220820.530.tar
