Package: autodisass-java-bytecode
Fetcher: github
Source:  https://github.com/gbalats/autodisass-java-bytecode.git

Updating /mnt/store/melpa/working/autodisass-java-bytecode/
Checking out origin/HEAD
Checking out 3d61dbe266133c950b39e880f78d142751c7dc4c
Copying files (->) and directories (=>)
  from /mnt/store/melpa/working/autodisass-java-bytecode/
  to /tmp/autodisass-java-bytecodeDT5Ika/autodisass-java-bytecode-20151005.1612
    ad-javap-mode.el -> ad-javap-mode.el
    autodisass-java-bytecode-pkg.el -> autodisass-java-bytecode-pkg.el
    autodisass-java-bytecode.el -> autodisass-java-bytecode.el
Created autodisass-java-bytecode-20151005.1612.tar containing:
  autodisass-java-bytecode-20151005.1612/
  autodisass-java-bytecode-20151005.1612/ad-javap-mode.el
  autodisass-java-bytecode-20151005.1612/autodisass-java-bytecode-pkg.el
  autodisass-java-bytecode-20151005.1612/autodisass-java-bytecode.el
Built autodisass-java-bytecode in 3.167s, finished at 2021-08-27T14:32:37+0000
 ✓ Success:
4.0K -rw-r--r-- 1 root root  364 Aug 27 14:32 packages/autodisass-java-bytecode-20151005.1612.entry
 20K -rw-r--r-- 1 root root  20K Aug 27 14:32 packages/autodisass-java-bytecode-20151005.1612.tar
4.0K -rw-r--r-- 1 root root 1.2K Aug 27 14:32 packages/autodisass-java-bytecode-badge.svg
4.0K -rw-r--r-- 1 root root  440 Aug 27 14:32 packages/autodisass-java-bytecode-readme.txt
