Package: base16-theme
Fetcher: github
Source:  https://github.com/belak/base16-emacs.git

Updating /mnt/store/melpa/working/base16-theme/
Copying files (->) and directories (=>)
  from /mnt/store/melpa/working/base16-theme/
  to /tmp/base16-themeqv9tjL/base16-theme-20180206.53
    base16-theme-pkg.el -> base16-theme-pkg.el
    base16-theme.el -> base16-theme.el
  ! build/base16-3024-theme.el -> base16-3024-theme.el
  ! build/base16-apathy-theme.el -> base16-apathy-theme.el
  ! build/base16-ashes-theme.el -> base16-ashes-theme.el
  ! build/base16-atelier-cave-light-theme.el -> base16-atelier-cave-light-theme.el
  ! build/base16-atelier-cave-theme.el -> base16-atelier-cave-theme.el
  ! build/base16-atelier-dune-light-theme.el -> base16-atelier-dune-light-theme.el
  ! build/base16-atelier-dune-theme.el -> base16-atelier-dune-theme.el
  ! build/base16-atelier-estuary-light-theme.el -> base16-atelier-estuary-light-theme.el
  ! build/base16-atelier-estuary-theme.el -> base16-atelier-estuary-theme.el
  ! build/base16-atelier-forest-light-theme.el -> base16-atelier-forest-light-theme.el
  ! build/base16-atelier-forest-theme.el -> base16-atelier-forest-theme.el
  ! build/base16-atelier-heath-light-theme.el -> base16-atelier-heath-light-theme.el
  ! build/base16-atelier-heath-theme.el -> base16-atelier-heath-theme.el
  ! build/base16-atelier-lakeside-light-theme.el -> base16-atelier-lakeside-light-theme.el
  ! build/base16-atelier-lakeside-theme.el -> base16-atelier-lakeside-theme.el
  ! build/base16-atelier-plateau-light-theme.el -> base16-atelier-plateau-light-theme.el
  ! build/base16-atelier-plateau-theme.el -> base16-atelier-plateau-theme.el
  ! build/base16-atelier-savanna-light-theme.el -> base16-atelier-savanna-light-theme.el
  ! build/base16-atelier-savanna-theme.el -> base16-atelier-savanna-theme.el
  ! build/base16-atelier-seaside-light-theme.el -> base16-atelier-seaside-light-theme.el
  ! build/base16-atelier-seaside-theme.el -> base16-atelier-seaside-theme.el
  ! build/base16-atelier-sulphurpool-light-theme.el -> base16-atelier-sulphurpool-light-theme.el
  ! build/base16-atelier-sulphurpool-theme.el -> base16-atelier-sulphurpool-theme.el
  ! build/base16-bespin-theme.el -> base16-bespin-theme.el
  ! build/base16-brewer-theme.el -> base16-brewer-theme.el
  ! build/base16-bright-theme.el -> base16-bright-theme.el
  ! build/base16-brushtrees-dark-theme.el -> base16-brushtrees-dark-theme.el
  ! build/base16-brushtrees-theme.el -> base16-brushtrees-theme.el
  ! build/base16-chalk-theme.el -> base16-chalk-theme.el
  ! build/base16-circus-theme.el -> base16-circus-theme.el
  ! build/base16-classic-dark-theme.el -> base16-classic-dark-theme.el
  ! build/base16-classic-light-theme.el -> base16-classic-light-theme.el
  ! build/base16-codeschool-theme.el -> base16-codeschool-theme.el
  ! build/base16-cupcake-theme.el -> base16-cupcake-theme.el
  ! build/base16-cupertino-theme.el -> base16-cupertino-theme.el
  ! build/base16-darktooth-theme.el -> base16-darktooth-theme.el
  ! build/base16-default-dark-theme.el -> base16-default-dark-theme.el
  ! build/base16-default-light-theme.el -> base16-default-light-theme.el
  ! build/base16-dracula-theme.el -> base16-dracula-theme.el
  ! build/base16-eighties-theme.el -> base16-eighties-theme.el
  ! build/base16-embers-theme.el -> base16-embers-theme.el
  ! build/base16-flat-theme.el -> base16-flat-theme.el
  ! build/base16-github-theme.el -> base16-github-theme.el
  ! build/base16-google-dark-theme.el -> base16-google-dark-theme.el
  ! build/base16-google-light-theme.el -> base16-google-light-theme.el
  ! build/base16-grayscale-dark-theme.el -> base16-grayscale-dark-theme.el
  ! build/base16-grayscale-light-theme.el -> base16-grayscale-light-theme.el
  ! build/base16-greenscreen-theme.el -> base16-greenscreen-theme.el
  ! build/base16-gruvbox-dark-hard-theme.el -> base16-gruvbox-dark-hard-theme.el
  ! build/base16-gruvbox-dark-medium-theme.el -> base16-gruvbox-dark-medium-theme.el
  ! build/base16-gruvbox-dark-pale-theme.el -> base16-gruvbox-dark-pale-theme.el
  ! build/base16-gruvbox-dark-soft-theme.el -> base16-gruvbox-dark-soft-theme.el
  ! build/base16-gruvbox-light-hard-theme.el -> base16-gruvbox-light-hard-theme.el
  ! build/base16-gruvbox-light-medium-theme.el -> base16-gruvbox-light-medium-theme.el
  ! build/base16-gruvbox-light-soft-theme.el -> base16-gruvbox-light-soft-theme.el
  ! build/base16-harmonic-dark-theme.el -> base16-harmonic-dark-theme.el
  ! build/base16-harmonic-light-theme.el -> base16-harmonic-light-theme.el
  ! build/base16-hopscotch-theme.el -> base16-hopscotch-theme.el
  ! build/base16-icy-theme.el -> base16-icy-theme.el
  ! build/base16-irblack-theme.el -> base16-irblack-theme.el
  ! build/base16-isotope-theme.el -> base16-isotope-theme.el
  ! build/base16-macintosh-theme.el -> base16-macintosh-theme.el
  ! build/base16-marrakesh-theme.el -> base16-marrakesh-theme.el
  ! build/base16-materia-theme.el -> base16-materia-theme.el
  ! build/base16-material-darker-theme.el -> base16-material-darker-theme.el
  ! build/base16-material-lighter-theme.el -> base16-material-lighter-theme.el
  ! build/base16-material-palenight-theme.el -> base16-material-palenight-theme.el
  ! build/base16-material-theme.el -> base16-material-theme.el
  ! build/base16-mellow-purple-theme.el -> base16-mellow-purple-theme.el
  ! build/base16-mexico-light-theme.el -> base16-mexico-light-theme.el
  ! build/base16-mocha-theme.el -> base16-mocha-theme.el
  ! build/base16-monokai-theme.el -> base16-monokai-theme.el
  ! build/base16-nord-theme.el -> base16-nord-theme.el
  ! build/base16-ocean-theme.el -> base16-ocean-theme.el
  ! build/base16-oceanicnext-theme.el -> base16-oceanicnext-theme.el
  ! build/base16-one-light-theme.el -> base16-one-light-theme.el
  ! build/base16-onedark-theme.el -> base16-onedark-theme.el
  ! build/base16-paraiso-theme.el -> base16-paraiso-theme.el
  ! build/base16-phd-theme.el -> base16-phd-theme.el
  ! build/base16-pico-theme.el -> base16-pico-theme.el
  ! build/base16-pop-theme.el -> base16-pop-theme.el
  ! build/base16-porple-theme.el -> base16-porple-theme.el
  ! build/base16-railscasts-theme.el -> base16-railscasts-theme.el
  ! build/base16-rebecca-theme.el -> base16-rebecca-theme.el
  ! build/base16-seti-theme.el -> base16-seti-theme.el
  ! build/base16-shapeshifter-theme.el -> base16-shapeshifter-theme.el
  ! build/base16-solarflare-theme.el -> base16-solarflare-theme.el
  ! build/base16-solarized-dark-theme.el -> base16-solarized-dark-theme.el
  ! build/base16-solarized-light-theme.el -> base16-solarized-light-theme.el
  ! build/base16-spacemacs-theme.el -> base16-spacemacs-theme.el
  ! build/base16-summerfruit-dark-theme.el -> base16-summerfruit-dark-theme.el
  ! build/base16-summerfruit-light-theme.el -> base16-summerfruit-light-theme.el
  ! build/base16-tomorrow-night-theme.el -> base16-tomorrow-night-theme.el
  ! build/base16-tomorrow-theme.el -> base16-tomorrow-theme.el
  ! build/base16-tube-theme.el -> base16-tube-theme.el
  ! build/base16-twilight-theme.el -> base16-twilight-theme.el
  ! build/base16-unikitty-dark-theme.el -> base16-unikitty-dark-theme.el
  ! build/base16-unikitty-light-theme.el -> base16-unikitty-light-theme.el
  ! build/base16-woodland-theme.el -> base16-woodland-theme.el
  ! build/base16-xcode-dusk-theme.el -> base16-xcode-dusk-theme.el
  ! build/base16-zenburn-theme.el -> base16-zenburn-theme.el
Created base16-theme-20180206.53.tar containing:
  base16-theme-20180206.53/
  base16-theme-20180206.53/base16-3024-theme.el
  base16-theme-20180206.53/base16-apathy-theme.el
  base16-theme-20180206.53/base16-ashes-theme.el
  base16-theme-20180206.53/base16-atelier-cave-light-theme.el
  base16-theme-20180206.53/base16-atelier-cave-theme.el
  base16-theme-20180206.53/base16-atelier-dune-light-theme.el
  base16-theme-20180206.53/base16-atelier-dune-theme.el
  base16-theme-20180206.53/base16-atelier-estuary-light-theme.el
  base16-theme-20180206.53/base16-atelier-estuary-theme.el
  base16-theme-20180206.53/base16-atelier-forest-light-theme.el
  base16-theme-20180206.53/base16-atelier-forest-theme.el
  base16-theme-20180206.53/base16-atelier-heath-light-theme.el
  base16-theme-20180206.53/base16-atelier-heath-theme.el
  base16-theme-20180206.53/base16-atelier-lakeside-light-theme.el
  base16-theme-20180206.53/base16-atelier-lakeside-theme.el
  base16-theme-20180206.53/base16-atelier-plateau-light-theme.el
  base16-theme-20180206.53/base16-atelier-plateau-theme.el
  base16-theme-20180206.53/base16-atelier-savanna-light-theme.el
  base16-theme-20180206.53/base16-atelier-savanna-theme.el
  base16-theme-20180206.53/base16-atelier-seaside-light-theme.el
  base16-theme-20180206.53/base16-atelier-seaside-theme.el
  base16-theme-20180206.53/base16-atelier-sulphurpool-light-theme.el
  base16-theme-20180206.53/base16-atelier-sulphurpool-theme.el
  base16-theme-20180206.53/base16-bespin-theme.el
  base16-theme-20180206.53/base16-brewer-theme.el
  base16-theme-20180206.53/base16-bright-theme.el
  base16-theme-20180206.53/base16-brushtrees-dark-theme.el
  base16-theme-20180206.53/base16-brushtrees-theme.el
  base16-theme-20180206.53/base16-chalk-theme.el
  base16-theme-20180206.53/base16-circus-theme.el
  base16-theme-20180206.53/base16-classic-dark-theme.el
  base16-theme-20180206.53/base16-classic-light-theme.el
  base16-theme-20180206.53/base16-codeschool-theme.el
  base16-theme-20180206.53/base16-cupcake-theme.el
  base16-theme-20180206.53/base16-cupertino-theme.el
  base16-theme-20180206.53/base16-darktooth-theme.el
  base16-theme-20180206.53/base16-default-dark-theme.el
  base16-theme-20180206.53/base16-default-light-theme.el
  base16-theme-20180206.53/base16-dracula-theme.el
  base16-theme-20180206.53/base16-eighties-theme.el
  base16-theme-20180206.53/base16-embers-theme.el
  base16-theme-20180206.53/base16-flat-theme.el
  base16-theme-20180206.53/base16-github-theme.el
  base16-theme-20180206.53/base16-google-dark-theme.el
  base16-theme-20180206.53/base16-google-light-theme.el
  base16-theme-20180206.53/base16-grayscale-dark-theme.el
  base16-theme-20180206.53/base16-grayscale-light-theme.el
  base16-theme-20180206.53/base16-greenscreen-theme.el
  base16-theme-20180206.53/base16-gruvbox-dark-hard-theme.el
  base16-theme-20180206.53/base16-gruvbox-dark-medium-theme.el
  base16-theme-20180206.53/base16-gruvbox-dark-pale-theme.el
  base16-theme-20180206.53/base16-gruvbox-dark-soft-theme.el
  base16-theme-20180206.53/base16-gruvbox-light-hard-theme.el
  base16-theme-20180206.53/base16-gruvbox-light-medium-theme.el
  base16-theme-20180206.53/base16-gruvbox-light-soft-theme.el
  base16-theme-20180206.53/base16-harmonic-dark-theme.el
  base16-theme-20180206.53/base16-harmonic-light-theme.el
  base16-theme-20180206.53/base16-hopscotch-theme.el
  base16-theme-20180206.53/base16-icy-theme.el
  base16-theme-20180206.53/base16-irblack-theme.el
  base16-theme-20180206.53/base16-isotope-theme.el
  base16-theme-20180206.53/base16-macintosh-theme.el
  base16-theme-20180206.53/base16-marrakesh-theme.el
  base16-theme-20180206.53/base16-materia-theme.el
  base16-theme-20180206.53/base16-material-darker-theme.el
  base16-theme-20180206.53/base16-material-lighter-theme.el
  base16-theme-20180206.53/base16-material-palenight-theme.el
  base16-theme-20180206.53/base16-material-theme.el
  base16-theme-20180206.53/base16-mellow-purple-theme.el
  base16-theme-20180206.53/base16-mexico-light-theme.el
  base16-theme-20180206.53/base16-mocha-theme.el
  base16-theme-20180206.53/base16-monokai-theme.el
  base16-theme-20180206.53/base16-nord-theme.el
  base16-theme-20180206.53/base16-ocean-theme.el
  base16-theme-20180206.53/base16-oceanicnext-theme.el
  base16-theme-20180206.53/base16-one-light-theme.el
  base16-theme-20180206.53/base16-onedark-theme.el
  base16-theme-20180206.53/base16-paraiso-theme.el
  base16-theme-20180206.53/base16-phd-theme.el
  base16-theme-20180206.53/base16-pico-theme.el
  base16-theme-20180206.53/base16-pop-theme.el
  base16-theme-20180206.53/base16-porple-theme.el
  base16-theme-20180206.53/base16-railscasts-theme.el
  base16-theme-20180206.53/base16-rebecca-theme.el
  base16-theme-20180206.53/base16-seti-theme.el
  base16-theme-20180206.53/base16-shapeshifter-theme.el
  base16-theme-20180206.53/base16-solarflare-theme.el
  base16-theme-20180206.53/base16-solarized-dark-theme.el
  base16-theme-20180206.53/base16-solarized-light-theme.el
  base16-theme-20180206.53/base16-spacemacs-theme.el
  base16-theme-20180206.53/base16-summerfruit-dark-theme.el
  base16-theme-20180206.53/base16-summerfruit-light-theme.el
  base16-theme-20180206.53/base16-theme-pkg.el
  base16-theme-20180206.53/base16-theme.el
  base16-theme-20180206.53/base16-tomorrow-night-theme.el
  base16-theme-20180206.53/base16-tomorrow-theme.el
  base16-theme-20180206.53/base16-tube-theme.el
  base16-theme-20180206.53/base16-twilight-theme.el
  base16-theme-20180206.53/base16-unikitty-dark-theme.el
  base16-theme-20180206.53/base16-unikitty-light-theme.el
  base16-theme-20180206.53/base16-woodland-theme.el
  base16-theme-20180206.53/base16-xcode-dusk-theme.el
  base16-theme-20180206.53/base16-zenburn-theme.el
Built base16-theme in 4.289s, finished at Wed Jul  7 11:35:12 2021
 ✓ Success:
4.0K -rw-r--r-- 1 root root  356 Jul  7 11:35 packages/base16-theme-20180206.53.entry
232K -rw-r--r-- 1 root root 230K Jul  7 11:35 packages/base16-theme-20180206.53.tar
4.0K -rw-r--r-- 1 root root 1.2K Jul  7 11:35 packages/base16-theme-badge.svg
4.0K -rw-r--r-- 1 root root  229 Jul  7 11:35 packages/base16-theme-readme.txt
