Package: bbdb-vcard
Fetcher: github
Source:  https://github.com/tohojo/bbdb-vcard.git

Updating /mnt/store/melpa/working/bbdb-vcard/
Checking out origin/HEAD
Checking out 113c66115ce68316e209f51ebce56de8dded3606
Copying files (->) and directories (=>)
  from /mnt/store/melpa/working/bbdb-vcard/
  to /tmp/bbdb-vcardkzqk7d/bbdb-vcard-20210325.2208
    bbdb-vcard-vcard21.el -> bbdb-vcard-vcard21.el
    bbdb-vcard.el -> bbdb-vcard.el
    bbdb-vcard.texi -> bbdb-vcard.texi
Generating /tmp/bbdb-vcardkzqk7d/bbdb-vcard-20210325.2208/bbdb-vcard.info
Created bbdb-vcard-20210325.2208.tar containing:
  bbdb-vcard-20210325.2208/
  bbdb-vcard-20210325.2208/bbdb-vcard-pkg.el
  bbdb-vcard-20210325.2208/bbdb-vcard-vcard21.el
  bbdb-vcard-20210325.2208/bbdb-vcard.el
  bbdb-vcard-20210325.2208/bbdb-vcard.info
  bbdb-vcard-20210325.2208/dir
Built bbdb-vcard in 6.831s, finished at 2022-10-17T09:25:20+0000
 ✓ Success:
4.0K -rw-r--r-- 1 root root  572 Oct 17 09:25 packages/bbdb-vcard-20210325.2208.entry
112K -rw-r--r-- 1 root root 110K Oct 17 09:25 packages/bbdb-vcard-20210325.2208.tar
