Package: bitbucket
Fetcher: github
Source:  https://github.com/tjaartvdwalt/bitbucket.el.git

Updating /mnt/store/melpa/working/bitbucket/
Checking out origin/HEAD
Checking out 5e663da1bd38a14c1ecf4d66a79d4321ac833bcf
Copying files (->) and directories (=>)
  from /mnt/store/melpa/working/bitbucket/
  to /tmp/bitbucket4xIXNH/bitbucket-20170405.446
    bitbucket-api.el -> bitbucket-api.el
    bitbucket-http.el -> bitbucket-http.el
    bitbucket-issues.el -> bitbucket-issues.el
    bitbucket.el -> bitbucket.el
Created bitbucket-20170405.446.tar containing:
  bitbucket-20170405.446/
  bitbucket-20170405.446/bitbucket-api.el
  bitbucket-20170405.446/bitbucket-http.el
  bitbucket-20170405.446/bitbucket-issues.el
  bitbucket-20170405.446/bitbucket-pkg.el
  bitbucket-20170405.446/bitbucket.el
Built bitbucket in 4.204s, finished at 2021-09-05T01:54:34+0000
 ✓ Success:
4.0K -rw-r--r-- 1 root root  453 Sep  5 01:54 packages/bitbucket-20170405.446.entry
 20K -rw-r--r-- 1 root root  20K Sep  5 01:54 packages/bitbucket-20170405.446.tar
4.0K -rw-r--r-- 1 root root 1.2K Sep  5 01:54 packages/bitbucket-badge.svg
4.0K -rw-r--r-- 1 root root  116 Sep  5 01:54 packages/bitbucket-readme.txt
