Package: bpr
Fetcher: github
Source:  https://github.com/ilya-babanov/emacs-bpr.git

Updating /mnt/store/melpa/working/bpr/
Checking out origin/HEAD
Checking out 7f3c787ed80ac0e83447192ac5450dfa7110ade1
Copying files (->) and directories (=>)
  from /mnt/store/melpa/working/bpr/
  to /tmp/bpr9sYC19/bpr-20180220.1844
    bpr.el -> bpr.el
    test-bpr.el -> test-bpr.el
Created bpr-20180220.1844.tar containing:
  bpr-20180220.1844/
  bpr-20180220.1844/bpr-pkg.el
  bpr-20180220.1844/bpr.el
  bpr-20180220.1844/test-bpr.el
Built bpr in 7.981s, finished at 2022-04-27T09:55:45+0000
 ✓ Success:
4.0K -rw-r--r-- 1 root root  395 Apr 27 09:55 packages/bpr-20180220.1844.entry
 32K -rw-r--r-- 1 root root  30K Apr 27 09:55 packages/bpr-20180220.1844.tar
4.0K -rw-r--r-- 1 root root 1.2K Apr 27 09:55 packages/bpr-badge.svg
4.0K -rw-r--r-- 1 root root  146 Apr 27 09:55 packages/bpr-readme.txt
