Package: bqn-mode
Fetcher: github
Source:  https://github.com/museoa/bqn-mode.git

Updating /mnt/store/melpa/working/bqn-mode/
Checking out 7c15e57a9a75a1d63fbf4c1a234b42568dcf2df0
Copying files (->) and directories (=>)
  from /mnt/store/melpa/working/bqn-mode/
  to /tmp/bqn-modeArimu7/bqn-mode-20230418.213
    bqn-glyph-mode.el -> bqn-glyph-mode.el
    bqn-keymap-mode.el -> bqn-keymap-mode.el
    bqn-mode.el -> bqn-mode.el
    bqn-symbols-doc.el -> bqn-symbols-doc.el
Created bqn-mode-20230418.213.tar containing:
  bqn-mode-20230418.213/
  bqn-mode-20230418.213/bqn-glyph-mode.el
  bqn-mode-20230418.213/bqn-keymap-mode.el
  bqn-mode-20230418.213/bqn-mode-pkg.el
  bqn-mode-20230418.213/bqn-mode.el
  bqn-mode-20230418.213/bqn-symbols-doc.el
Built bqn-mode in 4.656s, finished at 2023-04-18T06:38:12+0000
 ✓ Success:
4.0K -rw-r--r-- 1 root root 334 Apr 18 06:38 packages/bqn-mode-20230418.213.entry
 92K -rw-r--r-- 1 root root 90K Apr 18 06:38 packages/bqn-mode-20230418.213.tar
