Package: burly
Fetcher: github
Source:  https://github.com/alphapapa/burly.el.git

Updating /mnt/store/melpa/working/burly/
Copying files (->) and directories (=>)
  from /mnt/store/melpa/working/burly/
  to /tmp/burly0vcf4P/burly-20201211.58
    burly.el -> burly.el
    burly.info -> burly.info
Created burly-20201211.58.tar containing:
  burly-20201211.58/
  burly-20201211.58/burly-pkg.el
  burly-20201211.58/burly.el
  burly-20201211.58/burly.info
  burly-20201211.58/dir
Built burly in 3.531s, finished at Sun Feb  7 10:09:54 2021
 ✓ Success:
4.0K -rw-r--r-- 1 root root  381 Feb  7 10:09 packages/burly-20201211.58.entry
 40K -rw-r--r-- 1 root root  40K Feb  7 10:09 packages/burly-20201211.58.tar
4.0K -rw-r--r-- 1 root root 1.2K Feb  7 10:09 packages/burly-badge.svg
4.0K -rw-r--r-- 1 root root 1.3K Feb  7 10:09 packages/burly-readme.txt
