Package: cacoo
Fetcher: github
Source:  https://github.com/kiwanami/emacs-cacoo.git

Updating /mnt/store/melpa/working/cacoo/
Checking out origin/HEAD
Checking out c9fa04fbe97639b24698709530361c2bb5f3273c
Copying files (->) and directories (=>)
  from /mnt/store/melpa/working/cacoo/
  to /tmp/cacoo8k9FnV/cacoo-20120319.2359
    cacoo-pkg.el -> cacoo-pkg.el
    cacoo-plugins.el -> cacoo-plugins.el
    cacoo.el -> cacoo.el
Created cacoo-20120319.2359.tar containing:
  cacoo-20120319.2359/
  cacoo-20120319.2359/cacoo-pkg.el
  cacoo-20120319.2359/cacoo-plugins.el
  cacoo-20120319.2359/cacoo.el
Built cacoo in 7.036s, finished at 2022-09-30T17:19:28+0000
 ✓ Success:
4.0K -rw-r--r-- 1 root root 393 Sep 30 17:19 packages/cacoo-20120319.2359.entry
 92K -rw-r--r-- 1 root root 90K Sep 30 17:19 packages/cacoo-20120319.2359.tar
