Package: calfw-gcal
Fetcher: github
Source:  https://github.com/myuhe/calfw-gcal.el.git

Updating /mnt/store/melpa/working/calfw-gcal/
Checking out origin/HEAD
Checking out 14aab20687d6cc9e6c5ddb9e11984c4e14c3d870
Checking out 14aab20687d6cc9e6c5ddb9e11984c4e14c3d870
Copying files (->) and directories (=>)
  from /mnt/store/melpa/working/calfw-gcal/
  to /tmp/calfw-gcala7vZA9/calfw-gcal-20120111.1000
    calfw-gcal.el -> calfw-gcal.el
    insertEvent.py -> insertEvent.py
Created calfw-gcal-20120111.1000.tar containing:
  calfw-gcal-20120111.1000/
  calfw-gcal-20120111.1000/calfw-gcal-pkg.el
  calfw-gcal-20120111.1000/calfw-gcal.el
  calfw-gcal-20120111.1000/insertEvent.py
Built calfw-gcal in 6.057s, finished at 2022-07-27T20:46:45+0000
 ✓ Success:
4.0K -rw-r--r-- 1 root root 356 Jul 27 20:46 packages/calfw-gcal-20120111.1000.entry
 20K -rw-r--r-- 1 root root 20K Jul 27 20:46 packages/calfw-gcal-20120111.1000.tar
