Package: casual-bookmarks
Fetcher: github
Source:  https://github.com/kickingvegas/casual-bookmarks

Updating /mnt/store/melpa/working/casual-bookmarks/
Checking out b7ec29808ffc1be9c11361f07127ba89870ad59a
Copying files (->) and directories (=>)
  from /mnt/store/melpa/working/casual-bookmarks/
  to /tmp/casual-bookmarksckW9r3/casual-bookmarks-20241021.2311
  ! lisp/casual-bookmarks-settings.el -> casual-bookmarks-settings.el
  ! lisp/casual-bookmarks-utils.el -> casual-bookmarks-utils.el
  ! lisp/casual-bookmarks-version.el -> casual-bookmarks-version.el
  ! lisp/casual-bookmarks.el -> casual-bookmarks.el
Created casual-bookmarks-20241021.2311.tar containing:
  casual-bookmarks-20241021.2311/
  casual-bookmarks-20241021.2311/casual-bookmarks-pkg.el
  casual-bookmarks-20241021.2311/casual-bookmarks-settings.el
  casual-bookmarks-20241021.2311/casual-bookmarks-utils.el
  casual-bookmarks-20241021.2311/casual-bookmarks-version.el
  casual-bookmarks-20241021.2311/casual-bookmarks.el
 ✓ Success:
  2024-10-25T06:56:27+0000  casual-bookmarks-20241021.2311.entry
  2024-10-25T06:56:27+0000  casual-bookmarks-20241021.2311.tar
Built casual-bookmarks in 3.236s, finished at 2024-10-25T06:56:28+0000
