Package: chronometrist-key-values
Fetcher: git
Source:  https://tildegit.org/contrapunctus/chronometrist.git

Updating /mnt/store/melpa/working/chronometrist-key-values/
Checking out origin/dev
Checking out 36336367efdb49fbdfb0a07cdd85eb02c6a70a42
Copying files (->) and directories (=>)
  from /mnt/store/melpa/working/chronometrist-key-values/
  to /tmp/chronometrist-key-valuesAwlrLG/chronometrist-key-values-20211118.1235
  ! elisp/chronometrist-key-values.el -> chronometrist-key-values.el
  ! elisp/chronometrist-spark.el -> chronometrist-spark.el
  ! elisp/chronometrist-key-values.org -> chronometrist-key-values.org
  ! elisp/chronometrist-spark.org -> chronometrist-spark.org
Created chronometrist-key-values-20211118.1235.tar containing:
  chronometrist-key-values-20211118.1235/
  chronometrist-key-values-20211118.1235/chronometrist-key-values-pkg.el
  chronometrist-key-values-20211118.1235/chronometrist-key-values.el
  chronometrist-key-values-20211118.1235/chronometrist-key-values.org
  chronometrist-key-values-20211118.1235/chronometrist-spark.el
  chronometrist-key-values-20211118.1235/chronometrist-spark.org
Built chronometrist-key-values in 4.439s, finished at 2022-01-03T19:17:01+0000
 ✓ Success:
4.0K -rw-r--r-- 1 root root  448 Jan  3 19:17 packages/chronometrist-key-values-20211118.1235.entry
 72K -rw-r--r-- 1 root root  70K Jan  3 19:17 packages/chronometrist-key-values-20211118.1235.tar
4.0K -rw-r--r-- 1 root root 1.2K Jan  3 19:17 packages/chronometrist-key-values-badge.svg
4.0K -rw-r--r-- 1 root root  329 Jan  3 19:17 packages/chronometrist-key-values-readme.txt
