Package: cider
Fetcher: github
Source:  https://github.com/clojure-emacs/cider.git

Updating /mnt/store/melpa/working/cider/
Checking out origin/HEAD
Checking out adfc1c940d452ace7d1dbea543024d422f60364c
Copying files (->) and directories (=>)
  from /mnt/store/melpa/working/cider/
  to /tmp/cider1gXjqs/cider-20210930.859
    cider-apropos.el -> cider-apropos.el
    cider-browse-ns.el -> cider-browse-ns.el
    cider-browse-spec.el -> cider-browse-spec.el
    cider-cheatsheet.el -> cider-cheatsheet.el
    cider-classpath.el -> cider-classpath.el
    cider-client.el -> cider-client.el
    cider-clojuredocs.el -> cider-clojuredocs.el
    cider-common.el -> cider-common.el
    cider-compat.el -> cider-compat.el
    cider-completion.el -> cider-completion.el
    cider-connection.el -> cider-connection.el
    cider-debug.el -> cider-debug.el
    cider-doc.el -> cider-doc.el
    cider-eldoc.el -> cider-eldoc.el
    cider-eval.el -> cider-eval.el
    cider-find.el -> cider-find.el
    cider-format.el -> cider-format.el
    cider-inspector.el -> cider-inspector.el
    cider-jar.el -> cider-jar.el
    cider-macroexpansion.el -> cider-macroexpansion.el
    cider-mode.el -> cider-mode.el
    cider-ns.el -> cider-ns.el
    cider-overlays.el -> cider-overlays.el
    cider-popup.el -> cider-popup.el
    cider-profile.el -> cider-profile.el
    cider-repl-history.el -> cider-repl-history.el
    cider-repl.el -> cider-repl.el
    cider-resolve.el -> cider-resolve.el
    cider-scratch.el -> cider-scratch.el
    cider-selector.el -> cider-selector.el
    cider-stacktrace.el -> cider-stacktrace.el
    cider-test.el -> cider-test.el
    cider-tracing.el -> cider-tracing.el
    cider-util.el -> cider-util.el
    cider-xref.el -> cider-xref.el
    cider.el -> cider.el
    nrepl-client.el -> nrepl-client.el
    nrepl-dict.el -> nrepl-dict.el
Created cider-20210930.859.tar containing:
  cider-20210930.859/
  cider-20210930.859/cider-apropos.el
  cider-20210930.859/cider-browse-ns.el
  cider-20210930.859/cider-browse-spec.el
  cider-20210930.859/cider-cheatsheet.el
  cider-20210930.859/cider-classpath.el
  cider-20210930.859/cider-client.el
  cider-20210930.859/cider-clojuredocs.el
  cider-20210930.859/cider-common.el
  cider-20210930.859/cider-compat.el
  cider-20210930.859/cider-completion.el
  cider-20210930.859/cider-connection.el
  cider-20210930.859/cider-debug.el
  cider-20210930.859/cider-doc.el
  cider-20210930.859/cider-eldoc.el
  cider-20210930.859/cider-eval.el
  cider-20210930.859/cider-find.el
  cider-20210930.859/cider-format.el
  cider-20210930.859/cider-inspector.el
  cider-20210930.859/cider-jar.el
  cider-20210930.859/cider-macroexpansion.el
  cider-20210930.859/cider-mode.el
  cider-20210930.859/cider-ns.el
  cider-20210930.859/cider-overlays.el
  cider-20210930.859/cider-pkg.el
  cider-20210930.859/cider-popup.el
  cider-20210930.859/cider-profile.el
  cider-20210930.859/cider-repl-history.el
  cider-20210930.859/cider-repl.el
  cider-20210930.859/cider-resolve.el
  cider-20210930.859/cider-scratch.el
  cider-20210930.859/cider-selector.el
  cider-20210930.859/cider-stacktrace.el
  cider-20210930.859/cider-test.el
  cider-20210930.859/cider-tracing.el
  cider-20210930.859/cider-util.el
  cider-20210930.859/cider-xref.el
  cider-20210930.859/cider.el
  cider-20210930.859/nrepl-client.el
  cider-20210930.859/nrepl-dict.el
Built cider in 8.657s, finished at 2021-09-30T10:48:50+0000
 ✓ Success:
4.0K -rw-r--r-- 1 root root  767 Sep 30 07:04 packages/cider-20210929.1032.entry
860K -rw-r--r-- 1 root root 860K Sep 30 07:04 packages/cider-20210929.1032.tar
4.0K -rw-r--r-- 1 root root  770 Sep 30 10:48 packages/cider-20210930.859.entry
860K -rw-r--r-- 1 root root 860K Sep 30 10:48 packages/cider-20210930.859.tar
4.0K -rw-r--r-- 1 root root 1.2K Sep 30 10:48 packages/cider-badge.svg
4.0K -rw-r--r-- 1 root root 3.1K Sep 30 10:48 packages/cider-decompile-20151122.537.el
4.0K -rw-r--r-- 1 root root  398 Sep 30 10:48 packages/cider-decompile-20151122.537.entry
4.0K -rw-r--r-- 1 root root 1.2K Sep 30 10:48 packages/cider-decompile-badge.svg
4.0K -rw-r--r-- 1 root root  350 Sep 30 10:48 packages/cider-decompile-readme.txt
4.0K -rw-r--r-- 1 root root  658 Sep 30 10:48 packages/cider-decompile.log
4.0K -rw-r--r-- 1 root root 2.6K Sep 30 10:48 packages/cider-eval-sexp-fu-20190311.2152.el
4.0K -rw-r--r-- 1 root root  430 Sep 30 10:48 packages/cider-eval-sexp-fu-20190311.2152.entry
4.0K -rw-r--r-- 1 root root 1.2K Sep 30 10:48 packages/cider-eval-sexp-fu-badge.svg
4.0K -rw-r--r-- 1 root root  132 Sep 30 10:48 packages/cider-eval-sexp-fu-readme.txt
4.0K -rw-r--r-- 1 root root  684 Sep 30 10:48 packages/cider-eval-sexp-fu.log
8.0K -rw-r--r-- 1 root root 7.0K Sep 30 07:04 packages/cider-hydra-20190816.1121.el
4.0K -rw-r--r-- 1 root root  440 Sep 30 07:04 packages/cider-hydra-20190816.1121.entry
4.0K -rw-r--r-- 1 root root 1.2K Sep 30 07:04 packages/cider-hydra-badge.svg
4.0K -rw-r--r-- 1 root root 1.3K Sep 30 07:04 packages/cider-hydra-readme.txt
4.0K -rw-r--r-- 1 root root  168 Sep 30 10:48 packages/cider-hydra.log
4.0K -rw-r--r-- 1 root root  568 Sep 30 10:48 packages/cider-readme.txt
