Package: cl-format
Fetcher: gitlab
Source:  https://gitlab.com/akater/elisp-cl-format.git

Updating /mnt/store/melpa/working/cl-format/
Checking out origin/HEAD
Checking out ad1a4fb6bc91e65ea90bcf6792cc5a1be5380f9d
Copying files (->) and directories (=>)
  from /mnt/store/melpa/working/cl-format/
  to /tmp/cl-formatTMz2HZ/cl-format-20210831.530
    cl-format-builtins.el -> cl-format-builtins.el
    cl-format-def.el -> cl-format-def.el
    cl-format-pkg.el -> cl-format-pkg.el
    cl-format.el -> cl-format.el
    clisp-format.el -> clisp-format.el
Created cl-format-20210831.530.tar containing:
  cl-format-20210831.530/
  cl-format-20210831.530/cl-format-builtins.el
  cl-format-20210831.530/cl-format-def.el
  cl-format-20210831.530/cl-format-pkg.el
  cl-format-20210831.530/cl-format.el
  cl-format-20210831.530/clisp-format.el
Built cl-format in 8.069s, finished at 2022-03-26T02:29:08+0000
 ✓ Success:
4.0K -rw-r--r-- 1 root root  344 Mar 26 02:29 packages/cl-format-20210831.530.entry
152K -rw-r--r-- 1 root root 150K Mar 26 02:29 packages/cl-format-20210831.530.tar
4.0K -rw-r--r-- 1 root root 1.2K Mar 26 02:29 packages/cl-format-badge.svg
4.0K -rw-r--r-- 1 root root 1.5K Mar 26 02:29 packages/cl-format-readme.txt
