Package: clj-refactor
Fetcher: github
Source:  https://github.com/clojure-emacs/clj-refactor.el.git

Updating /mnt/store/melpa/working/clj-refactor/
Checking out origin/HEAD
Checking out 363b95c5d2855abc93ac011e9adc778cf7a773e5
Copying files (->) and directories (=>)
  from /mnt/store/melpa/working/clj-refactor/
  to /tmp/clj-refactorTR7kuU/clj-refactor-20211117.1008
    clj-refactor-compat.el -> clj-refactor-compat.el
    clj-refactor.el -> clj-refactor.el
    CHANGELOG.md -> CHANGELOG.md
Created clj-refactor-20211117.1008.tar containing:
  clj-refactor-20211117.1008/
  clj-refactor-20211117.1008/CHANGELOG.md
  clj-refactor-20211117.1008/clj-refactor-compat.el
  clj-refactor-20211117.1008/clj-refactor-pkg.el
  clj-refactor-20211117.1008/clj-refactor.el
Built clj-refactor in 5.061s, finished at 2021-11-29T15:57:20+0000
 ✓ Success:
4.0K -rw-r--r-- 1 root root  709 Nov 29 15:57 packages/clj-refactor-20211117.1008.entry
200K -rw-r--r-- 1 root root 200K Nov 29 15:57 packages/clj-refactor-20211117.1008.tar
4.0K -rw-r--r-- 1 root root 1.2K Nov 29 15:57 packages/clj-refactor-badge.svg
4.0K -rw-r--r-- 1 root root   66 Nov 29 15:57 packages/clj-refactor-readme.txt
