Package: code-review
Fetcher: github
Source:  https://github.com/wandersoncferreira/code-review.git

Updating /mnt/store/melpa/working/code-review/
Checking out origin/HEAD
Checking out a62c78e56b2c65012730909cb40f9c893f431b7d
Copying files (->) and directories (=>)
  from /mnt/store/melpa/working/code-review/
  to /tmp/code-reviewlxJuxr/code-review-20211127.1907
    code-review-comment.el -> code-review-comment.el
    code-review-core.el -> code-review-core.el
    code-review-db.el -> code-review-db.el
    code-review-github.el -> code-review-github.el
    code-review-gitlab.el -> code-review-gitlab.el
    code-review-section.el -> code-review-section.el
    code-review-utils.el -> code-review-utils.el
    code-review.el -> code-review.el
Created code-review-20211127.1907.tar containing:
  code-review-20211127.1907/
  code-review-20211127.1907/code-review-comment.el
  code-review-20211127.1907/code-review-core.el
  code-review-20211127.1907/code-review-db.el
  code-review-20211127.1907/code-review-github.el
  code-review-20211127.1907/code-review-gitlab.el
  code-review-20211127.1907/code-review-pkg.el
  code-review-20211127.1907/code-review-section.el
  code-review-20211127.1907/code-review-utils.el
  code-review-20211127.1907/code-review.el
Built code-review in 5.012s, finished at 2021-11-28T01:04:59+0000
 ✓ Success:
4.0K -rw-r--r-- 1 root root  678 Nov 28 01:04 packages/code-review-20211127.1907.entry
180K -rw-r--r-- 1 root root 180K Nov 28 01:04 packages/code-review-20211127.1907.tar
4.0K -rw-r--r-- 1 root root 1.2K Nov 28 01:04 packages/code-review-badge.svg
4.0K -rw-r--r-- 1 root root  132 Nov 28 01:04 packages/code-review-readme.txt
