
 • Building package color-theme-sanityinc-tomorrow
From https://github.com/purcell/color-theme-sanityinc-tomorrow
Updating /mnt/store/melpa/working/color-theme-sanityinc-tomorrow/
Checking out 3b7af324a7391fba53d07bef4495e9e4e8cbcece
Copying files (->) and directories (=>)
  from /mnt/store/melpa/working/color-theme-sanityinc-tomorrow/
  to /tmp/color-theme-sanityinc-tomorrow-4Nvnhd/color-theme-sanityinc-tomorrow-20261008.2124/
    color-theme-sanityinc-tomorrow.el -> color-theme-sanityinc-tomorrow.el
    sanityinc-tomorrow-blue-theme.el -> sanityinc-tomorrow-blue-theme.el
    sanityinc-tomorrow-bright-theme.el -> sanityinc-tomorrow-bright-theme.el
    sanityinc-tomorrow-day-theme.el -> sanityinc-tomorrow-day-theme.el
    sanityinc-tomorrow-eighties-theme.el -> sanityinc-tomorrow-eighties-theme.el
    sanityinc-tomorrow-night-theme.el -> sanityinc-tomorrow-night-theme.el
Created color-theme-sanityinc-tomorrow-20261008.2124.tar containing:
  color-theme-sanityinc-tomorrow-20261008.2124/
  color-theme-sanityinc-tomorrow-20261008.2124/color-theme-sanityinc-tomorrow-pkg.el
  color-theme-sanityinc-tomorrow-20261008.2124/color-theme-sanityinc-tomorrow.el
  color-theme-sanityinc-tomorrow-20261008.2124/sanityinc-tomorrow-blue-theme.el
  color-theme-sanityinc-tomorrow-20261008.2124/sanityinc-tomorrow-bright-theme.el
  color-theme-sanityinc-tomorrow-20261008.2124/sanityinc-tomorrow-day-theme.el
  color-theme-sanityinc-tomorrow-20261008.2124/sanityinc-tomorrow-eighties-theme.el
  color-theme-sanityinc-tomorrow-20261008.2124/sanityinc-tomorrow-night-theme.el
Built color-theme-sanityinc-tomorrow in 3.462s, finished at 2026-10-10T18:17:26+0000
