Package: comb
Fetcher: github
Source:  https://github.com/cyrus-and/comb.git

Updating /mnt/store/melpa/working/comb/
Copying files (->) and directories (=>)
  from /mnt/store/melpa/working/comb/
  to /tmp/combGC4pE9/comb-20201010.1147
    comb-browse.el -> comb-browse.el
    comb-common.el -> comb-common.el
    comb-configure.el -> comb-configure.el
    comb-filter.el -> comb-filter.el
    comb-report.el -> comb-report.el
    comb-search.el -> comb-search.el
    comb-session.el -> comb-session.el
    comb.el -> comb.el
Created comb-20201010.1147.tar containing:
  comb-20201010.1147/
  comb-20201010.1147/comb-browse.el
  comb-20201010.1147/comb-common.el
  comb-20201010.1147/comb-configure.el
  comb-20201010.1147/comb-filter.el
  comb-20201010.1147/comb-pkg.el
  comb-20201010.1147/comb-report.el
  comb-20201010.1147/comb-search.el
  comb-20201010.1147/comb-session.el
  comb-20201010.1147/comb.el
Built comb in 2.766s, finished at Sun Apr  4 11:02:53 2021
 ✓ Success:
4.0K -rw-r--r-- 1 root root  359 Apr  4 11:02 packages/comb-20201010.1147.entry
 72K -rw-r--r-- 1 root root  70K Apr  4 11:02 packages/comb-20201010.1147.tar
4.0K -rw-r--r-- 1 root root 1.2K Apr  4 11:02 packages/comb-badge.svg
4.0K -rw-r--r-- 1 root root  278 Apr  4 11:02 packages/comb-readme.txt
