
 • Building package cui
From https://github.com/Anoncheg1/emacs-cui
Updating /mnt/store/melpa/working/cui/
Checking out cdafcf62ec4df36b1cae24a2245c18d24b8d738e
Copying files (->) and directories (=>)
  from /mnt/store/melpa/working/cui/
  to /tmp/cui-cmxsJp/cui-20260929.1137/
    cui-async1.el -> cui-async1.el
    cui-block-msgs.el -> cui-block-msgs.el
    cui-block-tags.el -> cui-block-tags.el
    cui-block.el -> cui-block.el
    cui-debug.el -> cui-debug.el
    cui-optional.el -> cui-optional.el
    cui-prompt.el -> cui-prompt.el
    cui-restapi.el -> cui-restapi.el
    cui-timers.el -> cui-timers.el
    cui.el -> cui.el
Created cui-20260929.1137.tar containing:
  cui-20260929.1137/
  cui-20260929.1137/cui-async1.el
  cui-20260929.1137/cui-block-msgs.el
  cui-20260929.1137/cui-block-tags.el
  cui-20260929.1137/cui-block.el
  cui-20260929.1137/cui-debug.el
  cui-20260929.1137/cui-optional.el
  cui-20260929.1137/cui-pkg.el
  cui-20260929.1137/cui-prompt.el
  cui-20260929.1137/cui-restapi.el
  cui-20260929.1137/cui-timers.el
  cui-20260929.1137/cui.el
Built cui in 5.571s, finished at 2026-09-29T15:08:25+0000
