Package: daemons
Fetcher: github
Source:  https://github.com/cbowdon/daemons.el.git

Updating /mnt/store/melpa/working/daemons/
Copying files (->) and directories (=>)
  from /mnt/store/melpa/working/daemons/
  to /tmp/daemonswbmbqc/daemons-20200421.912
    daemons-brew.el -> daemons-brew.el
    daemons-openrc.el -> daemons-openrc.el
    daemons-shepherd.el -> daemons-shepherd.el
    daemons-systemd.el -> daemons-systemd.el
    daemons-sysvinit.el -> daemons-sysvinit.el
    daemons.el -> daemons.el
Created daemons-20200421.912.tar containing:
  daemons-20200421.912/
  daemons-20200421.912/daemons-brew.el
  daemons-20200421.912/daemons-openrc.el
  daemons-20200421.912/daemons-pkg.el
  daemons-20200421.912/daemons-shepherd.el
  daemons-20200421.912/daemons-systemd.el
  daemons-20200421.912/daemons-sysvinit.el
  daemons-20200421.912/daemons.el
Built daemons in 4.315s, finished at Mon Jun  7 12:09:15 2021
 ✓ Success:
4.0K -rw-r--r-- 1 root root  332 Jun  7 12:09 packages/daemons-20200421.912.entry
 40K -rw-r--r-- 1 root root  40K Jun  7 12:09 packages/daemons-20200421.912.tar
4.0K -rw-r--r-- 1 root root 1.2K Jun  7 12:09 packages/daemons-badge.svg
4.0K -rw-r--r-- 1 root root  350 Jun  7 12:09 packages/daemons-readme.txt
