Package: darkman
Fetcher: github
Source:  https://github.com/grtcdr/darkman.el.git

Updating /mnt/store/melpa/working/darkman/
Checking out 3960a534781368c82737ee5d2c4c9e0cef22bf8f
Copying files (->) and directories (=>)
  from /mnt/store/melpa/working/darkman/
  to /tmp/darkmanm2ooDi/darkman-20230327.113
    darkman.el -> darkman.el
  ! doc/darkman.texi -> darkman.texi
Generating /tmp/darkmanm2ooDi/darkman-20230327.113/darkman.info
Created darkman-20230327.113.tar containing:
  darkman-20230327.113/
  darkman-20230327.113/darkman-pkg.el
  darkman-20230327.113/darkman.el
  darkman-20230327.113/darkman.info
  darkman-20230327.113/dir
Built darkman in 7.063s, finished at 2023-03-27T10:32:48+0000
 ✓ Success:
4.0K -rw-r--r-- 1 root root 364 Mar 27 10:32 packages/darkman-20230327.113.entry
 20K -rw-r--r-- 1 root root 20K Mar 27 10:32 packages/darkman-20230327.113.tar
