Package: dircmp
Fetcher: github
Source:  https://github.com/matthewlmcclure/dircmp-mode.git

Updating /mnt/store/melpa/working/dircmp/
Copying files (->) and directories (=>)
  from /mnt/store/melpa/working/dircmp/
  to /tmp/dircmp0L2mHX/dircmp-20141204.1756
    dircmp.el -> dircmp.el
    emacs-git-difftool.sh -> emacs-git-difftool.sh
    emacs-git-mergetool.sh -> emacs-git-mergetool.sh
Created dircmp-20141204.1756.tar containing:
  dircmp-20141204.1756/
  dircmp-20141204.1756/dircmp-pkg.el
  dircmp-20141204.1756/dircmp.el
  dircmp-20141204.1756/emacs-git-difftool.sh
  dircmp-20141204.1756/emacs-git-mergetool.sh
Built dircmp in 3.550s, finished at Sun Jul  4 22:15:51 2021
 ✓ Success:
4.0K -rw-r--r-- 1 root root  349 Jul  4 22:15 packages/dircmp-20141204.1756.entry
 32K -rw-r--r-- 1 root root  30K Jul  4 22:15 packages/dircmp-20141204.1756.tar
4.0K -rw-r--r-- 1 root root 1.2K Jul  4 22:15 packages/dircmp-badge.svg
4.0K -rw-r--r-- 1 root root  728 Jul  4 22:15 packages/dircmp-readme.txt
