Package: docstr
Fetcher: github
Source:  https://github.com/jcs-elpa/docstr.git

Updating /mnt/store/melpa/working/docstr/
Checking out origin/HEAD
Checking out c7d4f94ea3125d542fb88ee64b45fd3acbda0d0f
Copying files (->) and directories (=>)
  from /mnt/store/melpa/working/docstr/
  to /tmp/docstrubt2Mc/docstr-20211003.1602
    docstr-faces.el -> docstr-faces.el
    docstr-key.el -> docstr-key.el
    docstr-util.el -> docstr-util.el
    docstr-writers.el -> docstr-writers.el
    docstr.el -> docstr.el
  ! langs/docstr-actionscript.el -> docstr-actionscript.el
  ! langs/docstr-c++.el -> docstr-c++.el
  ! langs/docstr-c.el -> docstr-c.el
  ! langs/docstr-csharp.el -> docstr-csharp.el
  ! langs/docstr-go.el -> docstr-go.el
  ! langs/docstr-groovy.el -> docstr-groovy.el
  ! langs/docstr-java.el -> docstr-java.el
  ! langs/docstr-js.el -> docstr-js.el
  ! langs/docstr-lua.el -> docstr-lua.el
  ! langs/docstr-objc.el -> docstr-objc.el
  ! langs/docstr-php.el -> docstr-php.el
  ! langs/docstr-python.el -> docstr-python.el
  ! langs/docstr-ruby.el -> docstr-ruby.el
  ! langs/docstr-rust.el -> docstr-rust.el
  ! langs/docstr-scala.el -> docstr-scala.el
  ! langs/docstr-swift.el -> docstr-swift.el
  ! langs/docstr-typescript.el -> docstr-typescript.el
Created docstr-20211003.1602.tar containing:
  docstr-20211003.1602/
  docstr-20211003.1602/docstr-actionscript.el
  docstr-20211003.1602/docstr-c++.el
  docstr-20211003.1602/docstr-c.el
  docstr-20211003.1602/docstr-csharp.el
  docstr-20211003.1602/docstr-faces.el
  docstr-20211003.1602/docstr-go.el
  docstr-20211003.1602/docstr-groovy.el
  docstr-20211003.1602/docstr-java.el
  docstr-20211003.1602/docstr-js.el
  docstr-20211003.1602/docstr-key.el
  docstr-20211003.1602/docstr-lua.el
  docstr-20211003.1602/docstr-objc.el
  docstr-20211003.1602/docstr-php.el
  docstr-20211003.1602/docstr-pkg.el
  docstr-20211003.1602/docstr-python.el
  docstr-20211003.1602/docstr-ruby.el
  docstr-20211003.1602/docstr-rust.el
  docstr-20211003.1602/docstr-scala.el
  docstr-20211003.1602/docstr-swift.el
  docstr-20211003.1602/docstr-typescript.el
  docstr-20211003.1602/docstr-util.el
  docstr-20211003.1602/docstr-writers.el
  docstr-20211003.1602/docstr.el
Built docstr in 4.758s, finished at 2021-10-04T01:57:34+0000
 ✓ Success:
4.0K -rw-r--r-- 1 root root  338 Oct  4 01:57 packages/docstr-20211003.1602.entry
120K -rw-r--r-- 1 root root 120K Oct  4 01:57 packages/docstr-20211003.1602.tar
4.0K -rw-r--r-- 1 root root 1.2K Oct  4 01:57 packages/docstr-badge.svg
4.0K -rw-r--r-- 1 root root   82 Oct  4 01:57 packages/docstr-readme.txt
