
 • Building package dorgygen
From https://github.com/drghirlanda/dorgygen
Updating /mnt/store/melpa/working/dorgygen/
Checking out 2548e715405d082090eb9ea39d723e90bb05d0eb
Copying files (->) and directories (=>)
  from /mnt/store/melpa/working/dorgygen/
  to /tmp/dorgygen-siGae4/dorgygen-20260904.40/
    dorgygen-c.el -> dorgygen-c.el
    dorgygen-cpp.el -> dorgygen-cpp.el
    dorgygen-elisp.el -> dorgygen-elisp.el
    dorgygen-pkg.el -> dorgygen-pkg.el
    dorgygen-python.el -> dorgygen-python.el
    dorgygen.el -> dorgygen.el
Created dorgygen-20260904.40.tar containing:
  dorgygen-20260904.40/
  dorgygen-20260904.40/dorgygen-c.el
  dorgygen-20260904.40/dorgygen-cpp.el
  dorgygen-20260904.40/dorgygen-elisp.el
  dorgygen-20260904.40/dorgygen-pkg.el
  dorgygen-20260904.40/dorgygen-python.el
  dorgygen-20260904.40/dorgygen.el
Built dorgygen in 8.004s, finished at 2026-09-05T05:44:33+0000
