Package: dtache
Fetcher: git
Source:  https://git.sr.ht/~niklaseklund/dtache

Updating /mnt/store/melpa/working/dtache/
Checking out origin/HEAD
Checking out aee3289eb1e1c3c31ca2f9a4f5323aeb4feed262
Copying files (->) and directories (=>)
  from /mnt/store/melpa/working/dtache/
  to /tmp/dtacheyflbOk/dtache-20220424.1300
    dtache-compile.el -> dtache-compile.el
    dtache-consult.el -> dtache-consult.el
    dtache-eshell.el -> dtache-eshell.el
    dtache-org.el -> dtache-org.el
    dtache-shell.el -> dtache-shell.el
    dtache.el -> dtache.el
Created dtache-20220424.1300.tar containing:
  dtache-20220424.1300/
  dtache-20220424.1300/dtache-compile.el
  dtache-20220424.1300/dtache-consult.el
  dtache-20220424.1300/dtache-eshell.el
  dtache-20220424.1300/dtache-org.el
  dtache-20220424.1300/dtache-pkg.el
  dtache-20220424.1300/dtache-shell.el
  dtache-20220424.1300/dtache.el
Built dtache in 5.024s, finished at 2022-05-01T02:52:50+0000
 ✓ Success:
4.0K -rw-r--r-- 1 root root  395 May  1 02:52 packages/dtache-20220424.1300.entry
 92K -rw-r--r-- 1 root root  90K May  1 02:52 packages/dtache-20220424.1300.tar
4.0K -rw-r--r-- 1 root root 1.2K May  1 02:52 packages/dtache-badge.svg
4.0K -rw-r--r-- 1 root root  589 May  1 02:52 packages/dtache-readme.txt
