
 • Building package ejc-sql
From https://github.com/kostafey/ejc-sql
Updating /mnt/store/melpa/working/ejc-sql/
Checking out ac51ed0bd8ee9bbe0b433599ec8e5acd37e1ac67
Copying files (->) and directories (=>)
  from /mnt/store/melpa/working/ejc-sql/
  to /tmp/ejc-sql-0u2dW7/ejc-sql-20261007.1647/
    ejc-autocomplete.el -> ejc-autocomplete.el
    ejc-capf.el -> ejc-capf.el
    ejc-company.el -> ejc-company.el
    ejc-completion-common.el -> ejc-completion-common.el
    ejc-doc.el -> ejc-doc.el
    ejc-eldoc.el -> ejc-eldoc.el
    ejc-flx.el -> ejc-flx.el
    ejc-format.el -> ejc-format.el
    ejc-interaction.el -> ejc-interaction.el
    ejc-lib.el -> ejc-lib.el
    ejc-result-buffer.el -> ejc-result-buffer.el
    ejc-result-mode.el -> ejc-result-mode.el
    ejc-sql.el -> ejc-sql.el
    project.clj -> project.clj
    src => src
    snippets => snippets
Created ejc-sql-20261007.1647.tar containing:
  ejc-sql-20261007.1647/
  ejc-sql-20261007.1647/ejc-autocomplete.el
  ejc-sql-20261007.1647/ejc-capf.el
  ejc-sql-20261007.1647/ejc-company.el
  ejc-sql-20261007.1647/ejc-completion-common.el
  ejc-sql-20261007.1647/ejc-doc.el
  ejc-sql-20261007.1647/ejc-eldoc.el
  ejc-sql-20261007.1647/ejc-flx.el
  ejc-sql-20261007.1647/ejc-format.el
  ejc-sql-20261007.1647/ejc-interaction.el
  ejc-sql-20261007.1647/ejc-lib.el
  ejc-sql-20261007.1647/ejc-result-buffer.el
  ejc-sql-20261007.1647/ejc-result-mode.el
  ejc-sql-20261007.1647/ejc-sql-pkg.el
  ejc-sql-20261007.1647/ejc-sql.el
  ejc-sql-20261007.1647/project.clj
  ejc-sql-20261007.1647/snippets/
  ejc-sql-20261007.1647/snippets/sql-mode/
  ejc-sql-20261007.1647/snippets/sql-mode/alter.yasnippet
  ejc-sql-20261007.1647/snippets/sql-mode/begin.snippet
  ejc-sql-20261007.1647/snippets/sql-mode/create.d.yasnippet
  ejc-sql-20261007.1647/snippets/sql-mode/delete.yasnippet
  ejc-sql-20261007.1647/snippets/sql-mode/drop.d.yasnippet
  ejc-sql-20261007.1647/snippets/sql-mode/grant.yasnippet
  ejc-sql-20261007.1647/snippets/sql-mode/inner.yasnippet
  ejc-sql-20261007.1647/snippets/sql-mode/insert.yasnippet
  ejc-sql-20261007.1647/snippets/sql-mode/left.yasnippet
  ejc-sql-20261007.1647/snippets/sql-mode/revoke.yasnippet
  ejc-sql-20261007.1647/snippets/sql-mode/right.yasnippet
  ejc-sql-20261007.1647/snippets/sql-mode/select.yasnippet
  ejc-sql-20261007.1647/snippets/sql-mode/show.snippet
  ejc-sql-20261007.1647/snippets/sql-mode/update.yasnippet
  ejc-sql-20261007.1647/snippets/sql-mode/where.yasnippet
  ejc-sql-20261007.1647/src/
  ejc-sql-20261007.1647/src/ejc_sql/
  ejc-sql-20261007.1647/src/ejc_sql/cache.clj
  ejc-sql-20261007.1647/src/ejc_sql/classpath.clj
  ejc-sql-20261007.1647/src/ejc_sql/connect.clj
  ejc-sql-20261007.1647/src/ejc_sql/deps_resolver.clj
  ejc-sql-20261007.1647/src/ejc_sql/keywords.clj
  ejc-sql-20261007.1647/src/ejc_sql/lib.clj
  ejc-sql-20261007.1647/src/ejc_sql/output.clj
  ejc-sql-20261007.1647/src/ejc_sql/structure.clj
Built ejc-sql in 3.956s, finished at 2026-10-10T18:25:50+0000
