Package: elcontext
Fetcher: github
Source:  https://github.com/rollacaster/elcontext.git

Updating /mnt/store/melpa/working/elcontext/
Copying files (->) and directories (=>)
  from /mnt/store/melpa/working/elcontext/
  to /tmp/elcontextFxPLIk/elcontext-20210109.1238
    elcontext-action.el -> elcontext-action.el
    elcontext-directory.el -> elcontext-directory.el
    elcontext-location.el -> elcontext-location.el
    elcontext-time.el -> elcontext-time.el
    elcontext-utils.el -> elcontext-utils.el
    elcontext.el -> elcontext.el
Created elcontext-20210109.1238.tar containing:
  elcontext-20210109.1238/
  elcontext-20210109.1238/elcontext-action.el
  elcontext-20210109.1238/elcontext-directory.el
  elcontext-20210109.1238/elcontext-location.el
  elcontext-20210109.1238/elcontext-pkg.el
  elcontext-20210109.1238/elcontext-time.el
  elcontext-20210109.1238/elcontext-utils.el
  elcontext-20210109.1238/elcontext.el
Built elcontext in 4.021s, finished at 2021-07-12T05:08:58+0000
 ✓ Success:
4.0K -rw-r--r-- 1 root root  490 Jul 12 05:08 packages/elcontext-20210109.1238.entry
 40K -rw-r--r-- 1 root root  40K Jul 12 05:08 packages/elcontext-20210109.1238.tar
4.0K -rw-r--r-- 1 root root 1.2K Jul 12 05:08 packages/elcontext-badge.svg
4.0K -rw-r--r-- 1 root root  393 Jul 12 05:08 packages/elcontext-readme.txt
