
 • Building package elfeed
From https://github.com/emacs-elfeed/elfeed
Updating /mnt/store/melpa/working/elfeed/
Checking out 48dc501cdb52cec9aa75038e1a368da24eec87d8
Warning: elfeed :files spec is equivalent to the default
Copying files (->) and directories (=>)
  from /mnt/store/melpa/working/elfeed/
  to /tmp/elfeed-3cnZO2/elfeed-20260909.758/
    elfeed-csv.el -> elfeed-csv.el
    elfeed-curl.el -> elfeed-curl.el
    elfeed-db.el -> elfeed-db.el
    elfeed-lib.el -> elfeed-lib.el
    elfeed-link.el -> elfeed-link.el
    elfeed-log.el -> elfeed-log.el
    elfeed-search.el -> elfeed-search.el
    elfeed-show.el -> elfeed-show.el
    elfeed-tree.el -> elfeed-tree.el
    elfeed.el -> elfeed.el
    xml-query.el -> xml-query.el
Created elfeed-20260909.758.tar containing:
  elfeed-20260909.758/
  elfeed-20260909.758/elfeed-csv.el
  elfeed-20260909.758/elfeed-curl.el
  elfeed-20260909.758/elfeed-db.el
  elfeed-20260909.758/elfeed-lib.el
  elfeed-20260909.758/elfeed-link.el
  elfeed-20260909.758/elfeed-log.el
  elfeed-20260909.758/elfeed-pkg.el
  elfeed-20260909.758/elfeed-search.el
  elfeed-20260909.758/elfeed-show.el
  elfeed-20260909.758/elfeed-tree.el
  elfeed-20260909.758/elfeed.el
  elfeed-20260909.758/xml-query.el
Built elfeed in 3.910s, finished at 2026-09-11T15:29:12+0000
