Package: elhome
Fetcher: github
Source:  https://github.com/demyanrogozhin/elhome.git

Updating /mnt/store/melpa/working/elhome/
Copying files (->) and directories (=>)
  from /mnt/store/melpa/working/elhome/
  to /tmp/elhomeUjRqvT/elhome-20161025.2042
    elhome.el -> elhome.el
    startup => startup
Created elhome-20161025.2042.tar containing:
  elhome-20161025.2042/
  elhome-20161025.2042/elhome-pkg.el
  elhome-20161025.2042/elhome.el
  elhome-20161025.2042/startup/
  elhome-20161025.2042/startup/00-me-minor-mode.el
  elhome-20161025.2042/startup/05-after-load.el
  elhome-20161025.2042/startup/20-initsplit.el
  elhome-20161025.2042/startup/30-elhome-settings.el
  elhome-20161025.2042/startup/README
Built elhome in 2.699s, finished at Sun Mar 14 01:56:12 2021
 ✓ Success:
4.0K -rw-r--r-- 1 root root  374 Mar 14 01:56 packages/elhome-20161025.2042.entry
 32K -rw-r--r-- 1 root root  30K Mar 14 01:56 packages/elhome-20161025.2042.tar
4.0K -rw-r--r-- 1 root root 1.2K Mar 14 01:56 packages/elhome-badge.svg
4.0K -rw-r--r-- 1 root root  434 Mar 14 01:56 packages/elhome-readme.txt
