Package: elpy
Fetcher: github
Source:  https://github.com/jorgenschaefer/elpy.git

Updating /mnt/store/melpa/working/elpy/
Copying files (->) and directories (=>)
  from /mnt/store/melpa/working/elpy/
  to /tmp/elpyIMNt8d/elpy-20201115.1708
    elpy-django.el -> elpy-django.el
    elpy-pkg.el -> elpy-pkg.el
    elpy-profile.el -> elpy-profile.el
    elpy-refactor.el -> elpy-refactor.el
    elpy-rpc.el -> elpy-rpc.el
    elpy-shell.el -> elpy-shell.el
    elpy.el -> elpy.el
    snippets => snippets
    elpy => elpy
Created elpy-20201115.1708.tar containing:
  elpy-20201115.1708/
  elpy-20201115.1708/elpy-django.el
  elpy-20201115.1708/elpy-pkg.el
  elpy-20201115.1708/elpy-profile.el
  elpy-20201115.1708/elpy-refactor.el
  elpy-20201115.1708/elpy-rpc.el
  elpy-20201115.1708/elpy-shell.el
  elpy-20201115.1708/elpy.el
  elpy-20201115.1708/elpy/
  elpy-20201115.1708/elpy/__init__.py
  elpy-20201115.1708/elpy/__main__.py
  elpy-20201115.1708/elpy/auto_pep8.py
  elpy-20201115.1708/elpy/blackutil.py
  elpy-20201115.1708/elpy/compat.py
  elpy-20201115.1708/elpy/jedibackend.py
  elpy-20201115.1708/elpy/pydocutils.py
  elpy-20201115.1708/elpy/refactor.py
  elpy-20201115.1708/elpy/rpc.py
  elpy-20201115.1708/elpy/server.py
  elpy-20201115.1708/elpy/tests/
  elpy-20201115.1708/elpy/tests/__init__.py
  elpy-20201115.1708/elpy/tests/compat.py
  elpy-20201115.1708/elpy/tests/support.py
  elpy-20201115.1708/elpy/tests/test_auto_pep8.py
  elpy-20201115.1708/elpy/tests/test_black.py
  elpy-20201115.1708/elpy/tests/test_jedibackend.py
  elpy-20201115.1708/elpy/tests/test_pydocutils.py
  elpy-20201115.1708/elpy/tests/test_refactor.py
  elpy-20201115.1708/elpy/tests/test_rpc.py
  elpy-20201115.1708/elpy/tests/test_server.py
  elpy-20201115.1708/elpy/tests/test_support.py
  elpy-20201115.1708/elpy/tests/test_yapf.py
  elpy-20201115.1708/elpy/yapfutil.py
  elpy-20201115.1708/snippets/
  elpy-20201115.1708/snippets/python-mode/
  elpy-20201115.1708/snippets/python-mode/.yas-setup.el
  elpy-20201115.1708/snippets/python-mode/__abs__
  elpy-20201115.1708/snippets/python-mode/__add__
  elpy-20201115.1708/snippets/python-mode/__and__
  elpy-20201115.1708/snippets/python-mode/__bool__
  elpy-20201115.1708/snippets/python-mode/__call__
  elpy-20201115.1708/snippets/python-mode/__cmp__
  elpy-20201115.1708/snippets/python-mode/__coerce__
  elpy-20201115.1708/snippets/python-mode/__complex__
  elpy-20201115.1708/snippets/python-mode/__contains__
  elpy-20201115.1708/snippets/python-mode/__del__
  elpy-20201115.1708/snippets/python-mode/__delattr__
  elpy-20201115.1708/snippets/python-mode/__delete__
  elpy-20201115.1708/snippets/python-mode/__delitem__
  elpy-20201115.1708/snippets/python-mode/__div__
  elpy-20201115.1708/snippets/python-mode/__divmod__
  elpy-20201115.1708/snippets/python-mode/__enter__
  elpy-20201115.1708/snippets/python-mode/__eq__
  elpy-20201115.1708/snippets/python-mode/__exit__
  elpy-20201115.1708/snippets/python-mode/__float__
  elpy-20201115.1708/snippets/python-mode/__floordiv__
  elpy-20201115.1708/snippets/python-mode/__ge__
  elpy-20201115.1708/snippets/python-mode/__get__
  elpy-20201115.1708/snippets/python-mode/__getattr__
  elpy-20201115.1708/snippets/python-mode/__getattribute__
  elpy-20201115.1708/snippets/python-mode/__getitem__
  elpy-20201115.1708/snippets/python-mode/__gt__
  elpy-20201115.1708/snippets/python-mode/__hash__
  elpy-20201115.1708/snippets/python-mode/__hex__
  elpy-20201115.1708/snippets/python-mode/__iadd__
  elpy-20201115.1708/snippets/python-mode/__iand__
  elpy-20201115.1708/snippets/python-mode/__idiv__
  elpy-20201115.1708/snippets/python-mode/__ifloordiv__
  elpy-20201115.1708/snippets/python-mode/__ilshift__
  elpy-20201115.1708/snippets/python-mode/__imod__
  elpy-20201115.1708/snippets/python-mode/__imul__
  elpy-20201115.1708/snippets/python-mode/__index__
  elpy-20201115.1708/snippets/python-mode/__init__
  elpy-20201115.1708/snippets/python-mode/__instancecheck__
  elpy-20201115.1708/snippets/python-mode/__int__
  elpy-20201115.1708/snippets/python-mode/__invert__
  elpy-20201115.1708/snippets/python-mode/__ior__
  elpy-20201115.1708/snippets/python-mode/__ipow__
  elpy-20201115.1708/snippets/python-mode/__irshift__
  elpy-20201115.1708/snippets/python-mode/__isub__
  elpy-20201115.1708/snippets/python-mode/__iter__
  elpy-20201115.1708/snippets/python-mode/__itruediv__
  elpy-20201115.1708/snippets/python-mode/__ixor__
  elpy-20201115.1708/snippets/python-mode/__le__
  elpy-20201115.1708/snippets/python-mode/__len__
  elpy-20201115.1708/snippets/python-mode/__long__
  elpy-20201115.1708/snippets/python-mode/__lshift__
  elpy-20201115.1708/snippets/python-mode/__lt__
  elpy-20201115.1708/snippets/python-mode/__mod__
  elpy-20201115.1708/snippets/python-mode/__mul__
  elpy-20201115.1708/snippets/python-mode/__ne__
  elpy-20201115.1708/snippets/python-mode/__neg__
  elpy-20201115.1708/snippets/python-mode/__new__
  elpy-20201115.1708/snippets/python-mode/__nonzero__
  elpy-20201115.1708/snippets/python-mode/__oct__
  elpy-20201115.1708/snippets/python-mode/__or__
  elpy-20201115.1708/snippets/python-mode/__pos__
  elpy-20201115.1708/snippets/python-mode/__pow__
  elpy-20201115.1708/snippets/python-mode/__radd__
  elpy-20201115.1708/snippets/python-mode/__rand__
  elpy-20201115.1708/snippets/python-mode/__rdivmod__
  elpy-20201115.1708/snippets/python-mode/__repr__
  elpy-20201115.1708/snippets/python-mode/__reversed__
  elpy-20201115.1708/snippets/python-mode/__rfloordiv__
  elpy-20201115.1708/snippets/python-mode/__rlshift__
  elpy-20201115.1708/snippets/python-mode/__rmod__
  elpy-20201115.1708/snippets/python-mode/__rmul__
  elpy-20201115.1708/snippets/python-mode/__ror__
  elpy-20201115.1708/snippets/python-mode/__rpow__
  elpy-20201115.1708/snippets/python-mode/__rrshift__
  elpy-20201115.1708/snippets/python-mode/__rshift__
  elpy-20201115.1708/snippets/python-mode/__rsub__
  elpy-20201115.1708/snippets/python-mode/__rtruediv__
  elpy-20201115.1708/snippets/python-mode/__rxor__
  elpy-20201115.1708/snippets/python-mode/__set__
  elpy-20201115.1708/snippets/python-mode/__setattr__
  elpy-20201115.1708/snippets/python-mode/__setitem__
  elpy-20201115.1708/snippets/python-mode/__slots__
  elpy-20201115.1708/snippets/python-mode/__str__
  elpy-20201115.1708/snippets/python-mode/__sub__
  elpy-20201115.1708/snippets/python-mode/__subclasscheck__
  elpy-20201115.1708/snippets/python-mode/__truediv__
  elpy-20201115.1708/snippets/python-mode/__unicode__
  elpy-20201115.1708/snippets/python-mode/__xor__
  elpy-20201115.1708/snippets/python-mode/_abs
  elpy-20201115.1708/snippets/python-mode/_add
  elpy-20201115.1708/snippets/python-mode/_and
  elpy-20201115.1708/snippets/python-mode/_bool
  elpy-20201115.1708/snippets/python-mode/_call
  elpy-20201115.1708/snippets/python-mode/_cmp
  elpy-20201115.1708/snippets/python-mode/_coerce
  elpy-20201115.1708/snippets/python-mode/_complex
  elpy-20201115.1708/snippets/python-mode/_contains
  elpy-20201115.1708/snippets/python-mode/_del
  elpy-20201115.1708/snippets/python-mode/_delattr
  elpy-20201115.1708/snippets/python-mode/_delete
  elpy-20201115.1708/snippets/python-mode/_delitem
  elpy-20201115.1708/snippets/python-mode/_div
  elpy-20201115.1708/snippets/python-mode/_divmod
  elpy-20201115.1708/snippets/python-mode/_enter
  elpy-20201115.1708/snippets/python-mode/_eq
  elpy-20201115.1708/snippets/python-mode/_exit
  elpy-20201115.1708/snippets/python-mode/_float
  elpy-20201115.1708/snippets/python-mode/_floordiv
  elpy-20201115.1708/snippets/python-mode/_ge
  elpy-20201115.1708/snippets/python-mode/_get
  elpy-20201115.1708/snippets/python-mode/_getattr
  elpy-20201115.1708/snippets/python-mode/_getattribute
  elpy-20201115.1708/snippets/python-mode/_getitem
  elpy-20201115.1708/snippets/python-mode/_gt
  elpy-20201115.1708/snippets/python-mode/_hash
  elpy-20201115.1708/snippets/python-mode/_hex
  elpy-20201115.1708/snippets/python-mode/_iadd
  elpy-20201115.1708/snippets/python-mode/_iand
  elpy-20201115.1708/snippets/python-mode/_idiv
  elpy-20201115.1708/snippets/python-mode/_ifloordiv
  elpy-20201115.1708/snippets/python-mode/_ilshift
  elpy-20201115.1708/snippets/python-mode/_imod
  elpy-20201115.1708/snippets/python-mode/_imul
  elpy-20201115.1708/snippets/python-mode/_index
  elpy-20201115.1708/snippets/python-mode/_init
  elpy-20201115.1708/snippets/python-mode/_instancecheck
  elpy-20201115.1708/snippets/python-mode/_int
  elpy-20201115.1708/snippets/python-mode/_invert
  elpy-20201115.1708/snippets/python-mode/_ior
  elpy-20201115.1708/snippets/python-mode/_ipow
  elpy-20201115.1708/snippets/python-mode/_irshift
  elpy-20201115.1708/snippets/python-mode/_isub
  elpy-20201115.1708/snippets/python-mode/_iter
  elpy-20201115.1708/snippets/python-mode/_itruediv
  elpy-20201115.1708/snippets/python-mode/_ixor
  elpy-20201115.1708/snippets/python-mode/_le
  elpy-20201115.1708/snippets/python-mode/_len
  elpy-20201115.1708/snippets/python-mode/_long
  elpy-20201115.1708/snippets/python-mode/_lshift
  elpy-20201115.1708/snippets/python-mode/_lt
  elpy-20201115.1708/snippets/python-mode/_mod
  elpy-20201115.1708/snippets/python-mode/_mul
  elpy-20201115.1708/snippets/python-mode/_ne
  elpy-20201115.1708/snippets/python-mode/_neg
  elpy-20201115.1708/snippets/python-mode/_new
  elpy-20201115.1708/snippets/python-mode/_nonzero
  elpy-20201115.1708/snippets/python-mode/_oct
  elpy-20201115.1708/snippets/python-mode/_or
  elpy-20201115.1708/snippets/python-mode/_pos
  elpy-20201115.1708/snippets/python-mode/_pow
  elpy-20201115.1708/snippets/python-mode/_radd
  elpy-20201115.1708/snippets/python-mode/_rand
  elpy-20201115.1708/snippets/python-mode/_rdivmod
  elpy-20201115.1708/snippets/python-mode/_repr
  elpy-20201115.1708/snippets/python-mode/_reversed
  elpy-20201115.1708/snippets/python-mode/_rfloordiv
  elpy-20201115.1708/snippets/python-mode/_rlshift
  elpy-20201115.1708/snippets/python-mode/_rmod
  elpy-20201115.1708/snippets/python-mode/_rmul
  elpy-20201115.1708/snippets/python-mode/_ror
  elpy-20201115.1708/snippets/python-mode/_rpow
  elpy-20201115.1708/snippets/python-mode/_rrshift
  elpy-20201115.1708/snippets/python-mode/_rshift
  elpy-20201115.1708/snippets/python-mode/_rsub
  elpy-20201115.1708/snippets/python-mode/_rtruediv
  elpy-20201115.1708/snippets/python-mode/_rxor
  elpy-20201115.1708/snippets/python-mode/_set
  elpy-20201115.1708/snippets/python-mode/_setattr
  elpy-20201115.1708/snippets/python-mode/_setitem
  elpy-20201115.1708/snippets/python-mode/_slots
  elpy-20201115.1708/snippets/python-mode/_str
  elpy-20201115.1708/snippets/python-mode/_sub
  elpy-20201115.1708/snippets/python-mode/_subclasscheck
  elpy-20201115.1708/snippets/python-mode/_truediv
  elpy-20201115.1708/snippets/python-mode/_unicode
  elpy-20201115.1708/snippets/python-mode/_xor
  elpy-20201115.1708/snippets/python-mode/ase
  elpy-20201115.1708/snippets/python-mode/asne
  elpy-20201115.1708/snippets/python-mode/asr
  elpy-20201115.1708/snippets/python-mode/class
  elpy-20201115.1708/snippets/python-mode/def
  elpy-20201115.1708/snippets/python-mode/defs
  elpy-20201115.1708/snippets/python-mode/enc
  elpy-20201115.1708/snippets/python-mode/env
  elpy-20201115.1708/snippets/python-mode/from
  elpy-20201115.1708/snippets/python-mode/pdb
  elpy-20201115.1708/snippets/python-mode/py3
  elpy-20201115.1708/snippets/python-mode/super
Built elpy in 4.961s, finished at Wed Jul  7 11:47:57 2021
 ✓ Success:
4.0K -rw-r--r-- 1 root root  596 Jul  7 11:47 packages/elpy-20201115.1708.entry
660K -rw-r--r-- 1 root root 660K Jul  7 11:47 packages/elpy-20201115.1708.tar
4.0K -rw-r--r-- 1 root root 1.2K Jul  7 11:47 packages/elpy-badge.svg
4.0K -rw-r--r-- 1 root root  302 Jul  7 11:47 packages/elpy-readme.txt
