Package: eping
Fetcher: github
Source:  https://github.com/sean-hut/eping.git

Updating /mnt/store/melpa/working/eping/
Checking out origin/HEAD
Checking out 004496ee06c0b8ead4a4f49e17109e8eb32eb49d
Copying files (->) and directories (=>)
  from /mnt/store/melpa/working/eping/
  to /tmp/epingpvo7Pe/eping-20201027.2149
    eping.el -> eping.el
    eping.info -> eping.info
    eping.texinfo -> eping.texinfo
Created eping-20201027.2149.tar containing:
  eping-20201027.2149/
  eping-20201027.2149/dir
  eping-20201027.2149/eping-pkg.el
  eping-20201027.2149/eping.el
  eping-20201027.2149/eping.info
Built eping in 3.992s, finished at 2022-10-17T22:28:06+0000
 ✓ Success:
4.0K -rw-r--r-- 1 root root 379 Oct 17 22:28 packages/eping-20201027.2149.entry
 20K -rw-r--r-- 1 root root 20K Oct 17 22:28 packages/eping-20201027.2149.tar
