Package: esxml
Fetcher: github
Source:  https://github.com/tali713/esxml.git

Updating /mnt/store/melpa/working/esxml/
Checking out origin/HEAD
Checking out 7ac1fec0e45f12836b301fd9b8e7297434db2f70
Copying files (->) and directories (=>)
  from /mnt/store/melpa/working/esxml/
  to /tmp/esxmlYw9yvW/esxml-20220506.759
    esxml.el -> esxml.el
    esxml-query.el -> esxml-query.el
Created esxml-20220506.759.tar containing:
  esxml-20220506.759/
  esxml-20220506.759/esxml-pkg.el
  esxml-20220506.759/esxml-query.el
  esxml-20220506.759/esxml.el
Built esxml in 4.109s, finished at 2022-10-27T08:44:19+0000
 ✓ Success:
4.0K -rw-r--r-- 1 root root 394 Oct 27 08:44 packages/esxml-20220506.759.entry
 52K -rw-r--r-- 1 root root 50K Oct 27 08:44 packages/esxml-20220506.759.tar
