Package: evil-commentary
Fetcher: github
Source:  https://github.com/linktohack/evil-commentary.git

Updating /mnt/store/melpa/working/evil-commentary/
Copying files (->) and directories (=>)
  from /mnt/store/melpa/working/evil-commentary/
  to /tmp/evil-commentaryqsYmum/evil-commentary-20210210.1702
    evil-commentary-integration.el -> evil-commentary-integration.el
    evil-commentary.el -> evil-commentary.el
Created evil-commentary-20210210.1702.tar containing:
  evil-commentary-20210210.1702/
  evil-commentary-20210210.1702/evil-commentary-integration.el
  evil-commentary-20210210.1702/evil-commentary-pkg.el
  evil-commentary-20210210.1702/evil-commentary.el
Built evil-commentary in 3.844s, finished at 2021-07-23T12:01:48+0000
 ✓ Success:
4.0K -rw-r--r-- 1 root root  435 Jul 23 12:01 packages/evil-commentary-20210210.1702.entry
 12K -rw-r--r-- 1 root root  10K Jul 23 12:01 packages/evil-commentary-20210210.1702.tar
4.0K -rw-r--r-- 1 root root 1.2K Jul 23 12:01 packages/evil-commentary-badge.svg
4.0K -rw-r--r-- 1 root root  133 Jul 23 12:01 packages/evil-commentary-readme.txt
