Package: expand-region
Fetcher: github
Source:  https://github.com/magnars/expand-region.el.git

Updating /mnt/store/melpa/working/expand-region/
Checking out origin/HEAD
Checking out c5c4362741deebb0985a8a29f9b8b0e25160764a
Copying files (->) and directories (=>)
  from /mnt/store/melpa/working/expand-region/
  to /tmp/expand-regionpZGFfB/expand-region-20220729.659
    cc-mode-expansions.el -> cc-mode-expansions.el
    clojure-mode-expansions.el -> clojure-mode-expansions.el
    cperl-mode-expansions.el -> cperl-mode-expansions.el
    css-mode-expansions.el -> css-mode-expansions.el
    enh-ruby-mode-expansions.el -> enh-ruby-mode-expansions.el
    er-basic-expansions.el -> er-basic-expansions.el
    erlang-mode-expansions.el -> erlang-mode-expansions.el
    expand-region-core.el -> expand-region-core.el
    expand-region-custom.el -> expand-region-custom.el
    expand-region-pkg.el -> expand-region-pkg.el
    expand-region.el -> expand-region.el
    feature-mode-expansions.el -> feature-mode-expansions.el
    html-mode-expansions.el -> html-mode-expansions.el
    js-mode-expansions.el -> js-mode-expansions.el
    js2-mode-expansions.el -> js2-mode-expansions.el
    jsp-expansions.el -> jsp-expansions.el
    latex-mode-expansions.el -> latex-mode-expansions.el
    nxml-mode-expansions.el -> nxml-mode-expansions.el
    octave-expansions.el -> octave-expansions.el
    python-el-expansions.el -> python-el-expansions.el
    python-el-fgallina-expansions.el -> python-el-fgallina-expansions.el
    python-mode-expansions.el -> python-mode-expansions.el
    ruby-mode-expansions.el -> ruby-mode-expansions.el
    sml-mode-expansions.el -> sml-mode-expansions.el
    subword-mode-expansions.el -> subword-mode-expansions.el
    text-mode-expansions.el -> text-mode-expansions.el
    the-org-mode-expansions.el -> the-org-mode-expansions.el
    web-mode-expansions.el -> web-mode-expansions.el
    yaml-mode-expansions.el -> yaml-mode-expansions.el
Created expand-region-20220729.659.tar containing:
  expand-region-20220729.659/
  expand-region-20220729.659/cc-mode-expansions.el
  expand-region-20220729.659/clojure-mode-expansions.el
  expand-region-20220729.659/cperl-mode-expansions.el
  expand-region-20220729.659/css-mode-expansions.el
  expand-region-20220729.659/enh-ruby-mode-expansions.el
  expand-region-20220729.659/er-basic-expansions.el
  expand-region-20220729.659/erlang-mode-expansions.el
  expand-region-20220729.659/expand-region-core.el
  expand-region-20220729.659/expand-region-custom.el
  expand-region-20220729.659/expand-region-pkg.el
  expand-region-20220729.659/expand-region.el
  expand-region-20220729.659/feature-mode-expansions.el
  expand-region-20220729.659/html-mode-expansions.el
  expand-region-20220729.659/js-mode-expansions.el
  expand-region-20220729.659/js2-mode-expansions.el
  expand-region-20220729.659/jsp-expansions.el
  expand-region-20220729.659/latex-mode-expansions.el
  expand-region-20220729.659/nxml-mode-expansions.el
  expand-region-20220729.659/octave-expansions.el
  expand-region-20220729.659/python-el-expansions.el
  expand-region-20220729.659/python-el-fgallina-expansions.el
  expand-region-20220729.659/python-mode-expansions.el
  expand-region-20220729.659/ruby-mode-expansions.el
  expand-region-20220729.659/sml-mode-expansions.el
  expand-region-20220729.659/subword-mode-expansions.el
  expand-region-20220729.659/text-mode-expansions.el
  expand-region-20220729.659/the-org-mode-expansions.el
  expand-region-20220729.659/web-mode-expansions.el
  expand-region-20220729.659/yaml-mode-expansions.el
Built expand-region in 3.417s, finished at 2022-09-26T04:17:34+0000
 ✓ Success:
4.0K -rw-r--r-- 1 root root  303 Sep 26 04:17 packages/expand-region-20220729.659.entry
152K -rw-r--r-- 1 root root 150K Sep 26 04:17 packages/expand-region-20220729.659.tar
