Package: finito
Fetcher: github
Source:  https://github.com/LaurenceWarne/finito.el.git

Updating /mnt/store/melpa/working/finito/
Checking out origin/HEAD
Checking out 06bad90ed584f846d2226024a5ed66b8053aa081
Copying files (->) and directories (=>)
  from /mnt/store/melpa/working/finito/
  to /tmp/finitoDEpzr6/finito-20210919.929
    finito-buffer.el -> finito-buffer.el
    finito-core.el -> finito-core.el
    finito-graphql.el -> finito-graphql.el
    finito-request.el -> finito-request.el
    finito-server.el -> finito-server.el
    finito-view.el -> finito-view.el
    finito.el -> finito.el
Created finito-20210919.929.tar containing:
  finito-20210919.929/
  finito-20210919.929/finito-buffer.el
  finito-20210919.929/finito-core.el
  finito-20210919.929/finito-graphql.el
  finito-20210919.929/finito-pkg.el
  finito-20210919.929/finito-request.el
  finito-20210919.929/finito-server.el
  finito-20210919.929/finito-view.el
  finito-20210919.929/finito.el
Built finito in 5.314s, finished at 2021-09-19T09:31:10+0000
 ✓ Success:
4.0K -rw-r--r-- 1 root root  459 Sep 19 05:53 packages/finito-20210918.1600.entry
 80K -rw-r--r-- 1 root root  80K Sep 19 05:53 packages/finito-20210918.1600.tar
4.0K -rw-r--r-- 1 root root  458 Sep 19 09:31 packages/finito-20210919.929.entry
 80K -rw-r--r-- 1 root root  80K Sep 19 09:31 packages/finito-20210919.929.tar
4.0K -rw-r--r-- 1 root root 1.2K Sep 19 09:31 packages/finito-badge.svg
4.0K -rw-r--r-- 1 root root  425 Sep 19 09:31 packages/finito-readme.txt
