
 • Building package flex-compile
From https://github.com/plandes/flex-compile
Updating /mnt/store/melpa/working/flex-compile/
Checking out a2a16ca50570727b1b7b9e73142d20e4aabd58a2
Copying files (->) and directories (=>)
  from /mnt/store/melpa/working/flex-compile/
  to /tmp/flex-compile-BSrVoM/flex-compile-20261011.1340/
    flex-compile-base.el -> flex-compile-base.el
    flex-compile-choice-program.el -> flex-compile-choice-program.el
    flex-compile-cli.el -> flex-compile-cli.el
    flex-compile-clojure.el -> flex-compile-clojure.el
    flex-compile-command.el -> flex-compile-command.el
    flex-compile-config.el -> flex-compile-config.el
    flex-compile-ess.el -> flex-compile-ess.el
    flex-compile-lisp.el -> flex-compile-lisp.el
    flex-compile-make.el -> flex-compile-make.el
    flex-compile-manage.el -> flex-compile-manage.el
    flex-compile-org-export.el -> flex-compile-org-export.el
    flex-compile-python.el -> flex-compile-python.el
    flex-compile-repl.el -> flex-compile-repl.el
    flex-compile-script.el -> flex-compile-script.el
    flex-compile-shell.el -> flex-compile-shell.el
    flex-compile-single-buffer.el -> flex-compile-single-buffer.el
    flex-compile-xml-validate.el -> flex-compile-xml-validate.el
    flex-compile.el -> flex-compile.el
    flex-compiler.el -> flex-compiler.el
Created flex-compile-20261011.1340.tar containing:
  flex-compile-20261011.1340/
  flex-compile-20261011.1340/flex-compile-base.el
  flex-compile-20261011.1340/flex-compile-choice-program.el
  flex-compile-20261011.1340/flex-compile-cli.el
  flex-compile-20261011.1340/flex-compile-clojure.el
  flex-compile-20261011.1340/flex-compile-command.el
  flex-compile-20261011.1340/flex-compile-config.el
  flex-compile-20261011.1340/flex-compile-ess.el
  flex-compile-20261011.1340/flex-compile-lisp.el
  flex-compile-20261011.1340/flex-compile-make.el
  flex-compile-20261011.1340/flex-compile-manage.el
  flex-compile-20261011.1340/flex-compile-org-export.el
  flex-compile-20261011.1340/flex-compile-pkg.el
  flex-compile-20261011.1340/flex-compile-python.el
  flex-compile-20261011.1340/flex-compile-repl.el
  flex-compile-20261011.1340/flex-compile-script.el
  flex-compile-20261011.1340/flex-compile-shell.el
  flex-compile-20261011.1340/flex-compile-single-buffer.el
  flex-compile-20261011.1340/flex-compile-xml-validate.el
  flex-compile-20261011.1340/flex-compile.el
  flex-compile-20261011.1340/flex-compiler.el
Built flex-compile in 3.384s, finished at 2026-10-11T19:21:21+0000
