Package: flycheck-elsa
Fetcher: github
Source:  https://github.com/emacs-elsa/flycheck-elsa.git

Updating /mnt/store/melpa/working/flycheck-elsa/
Copying files (->) and directories (=>)
  from /mnt/store/melpa/working/flycheck-elsa/
  to /tmp/flycheck-elsa0xxwH3/flycheck-elsa-20200203.1758
    Elsafile.el -> Elsafile.el
    flycheck-elsa.el -> flycheck-elsa.el
Created flycheck-elsa-20200203.1758.tar containing:
  flycheck-elsa-20200203.1758/
  flycheck-elsa-20200203.1758/Elsafile.el
  flycheck-elsa-20200203.1758/flycheck-elsa-pkg.el
  flycheck-elsa-20200203.1758/flycheck-elsa.el
Built flycheck-elsa in 4.078s, finished at Sun Jun  6 18:10:37 2021
 ✓ Success:
4.0K -rw-r--r-- 1 root root  382 Jun  6 18:10 packages/flycheck-elsa-20200203.1758.entry
 12K -rw-r--r-- 1 root root  10K Jun  6 18:10 packages/flycheck-elsa-20200203.1758.tar
4.0K -rw-r--r-- 1 root root 1.2K Jun  6 18:10 packages/flycheck-elsa-badge.svg
4.0K -rw-r--r-- 1 root root   46 Jun  6 18:10 packages/flycheck-elsa-readme.txt
