Package: flyparens
Fetcher: github
Source:  https://github.com/jiyoo/flyparens.git

Updating /mnt/store/melpa/working/flyparens/
Checking out origin/HEAD
Checking out af9b8cfd647d0e5f97684d613dc2eea7cfc19398
Copying files (->) and directories (=>)
  from /mnt/store/melpa/working/flyparens/
  to /tmp/flyparensGKf3NS/flyparens-20140723.1846
    flyparens-config-example-1.el -> flyparens-config-example-1.el
    flyparens.el -> flyparens.el
Created flyparens-20140723.1846.tar containing:
  flyparens-20140723.1846/
  flyparens-20140723.1846/flyparens-config-example-1.el
  flyparens-20140723.1846/flyparens-pkg.el
  flyparens-20140723.1846/flyparens.el
Built flyparens in 4.367s, finished at 2022-05-23T10:37:20+0000
 ✓ Success:
4.0K -rw-r--r-- 1 root root  305 May 23 10:37 packages/flyparens-20140723.1846.entry
 12K -rw-r--r-- 1 root root  10K May 23 10:37 packages/flyparens-20140723.1846.tar
4.0K -rw-r--r-- 1 root root 1.2K May 23 10:37 packages/flyparens-badge.svg
4.0K -rw-r--r-- 1 root root  402 May 23 10:37 packages/flyparens-readme.txt
