Package: for
Fetcher: github
Source:  https://github.com/usaoc/elisp-for.git

Updating /mnt/store/melpa/working/for/
Checking out origin/HEAD
Checking out 60220a371fe4d924d8ec11e1e7082bf23cb36132
Copying files (->) and directories (=>)
  from /mnt/store/melpa/working/for/
  to /tmp/fortXTaqb/for-20220901.2311
    for-iteration.el -> for-iteration.el
    for-sequence.el -> for-sequence.el
    for.el -> for.el
    for.texi -> for.texi
Generating /tmp/fortXTaqb/for-20220901.2311/for.info
Created for-20220901.2311.tar containing:
  for-20220901.2311/
  for-20220901.2311/dir
  for-20220901.2311/for-iteration.el
  for-20220901.2311/for-pkg.el
  for-20220901.2311/for-sequence.el
  for-20220901.2311/for.el
  for-20220901.2311/for.info
Built for in 10.087s, finished at 2022-09-02T02:54:14+0000
 ✓ Success:
4.0K -rw-r--r-- 1 root root  366 Sep  2 02:54 packages/for-20220901.2311.entry
140K -rw-r--r-- 1 root root 140K Sep  2 02:54 packages/for-20220901.2311.tar
