Package: fsharp-mode
Fetcher: github
Source:  https://github.com/fsharp/emacs-fsharp-mode.git

Updating /mnt/store/melpa/working/fsharp-mode/
Checking out origin/HEAD
Checking out b3aa4c53fc9e98648b25ad036e657632ae2fe192
Copying files (->) and directories (=>)
  from /mnt/store/melpa/working/fsharp-mode/
  to /tmp/fsharp-modePv7MXy/fsharp-mode-20211229.1121
    fsharp-mode-font.el -> fsharp-mode-font.el
    fsharp-mode-structure.el -> fsharp-mode-structure.el
    fsharp-mode-util.el -> fsharp-mode-util.el
    fsharp-mode.el -> fsharp-mode.el
    inf-fsharp-mode.el -> inf-fsharp-mode.el
Created fsharp-mode-20211229.1121.tar containing:
  fsharp-mode-20211229.1121/
  fsharp-mode-20211229.1121/fsharp-mode-font.el
  fsharp-mode-20211229.1121/fsharp-mode-pkg.el
  fsharp-mode-20211229.1121/fsharp-mode-structure.el
  fsharp-mode-20211229.1121/fsharp-mode-util.el
  fsharp-mode-20211229.1121/fsharp-mode.el
  fsharp-mode-20211229.1121/inf-fsharp-mode.el
Built fsharp-mode in 4.588s, finished at 2022-02-04T10:28:17+0000
 ✓ Success:
4.0K -rw-r--r-- 1 root root  512 Feb  4 10:28 packages/fsharp-mode-20211229.1121.entry
120K -rw-r--r-- 1 root root 120K Feb  4 10:28 packages/fsharp-mode-20211229.1121.tar
4.0K -rw-r--r-- 1 root root 1.2K Feb  4 10:28 packages/fsharp-mode-badge.svg
