
 • Building package fuel
From https://github.com/factor/fuel
Updating /mnt/store/melpa/working/fuel/
Checking out 07cd5290f6ad9610928a89c8aeb89c103efcf27b
Copying files (->) and directories (=>)
  from /mnt/store/melpa/working/fuel/
  to /tmp/fuel-14Pm60/fuel-20261004.417/
    factor-mode.el -> factor-mode.el
    factor-smie.el -> factor-smie.el
    fuel-autodoc.el -> fuel-autodoc.el
    fuel-autohelp.el -> fuel-autohelp.el
    fuel-base.el -> fuel-base.el
    fuel-completion.el -> fuel-completion.el
    fuel-connection.el -> fuel-connection.el
    fuel-debug-uses.el -> fuel-debug-uses.el
    fuel-debug.el -> fuel-debug.el
    fuel-edit.el -> fuel-edit.el
    fuel-eval.el -> fuel-eval.el
    fuel-help.el -> fuel-help.el
    fuel-listener.el -> fuel-listener.el
    fuel-log.el -> fuel-log.el
    fuel-markup.el -> fuel-markup.el
    fuel-menu.el -> fuel-menu.el
    fuel-mode.el -> fuel-mode.el
    fuel-pkg.el -> fuel-pkg.el
    fuel-popup.el -> fuel-popup.el
    fuel-refactor.el -> fuel-refactor.el
    fuel-scaffold.el -> fuel-scaffold.el
    fuel-stack.el -> fuel-stack.el
    fuel-table.el -> fuel-table.el
    fuel-xref.el -> fuel-xref.el
    fuel.el -> fuel.el
Created fuel-20261004.417.tar containing:
  fuel-20261004.417/
  fuel-20261004.417/factor-mode.el
  fuel-20261004.417/factor-smie.el
  fuel-20261004.417/fuel-autodoc.el
  fuel-20261004.417/fuel-autohelp.el
  fuel-20261004.417/fuel-base.el
  fuel-20261004.417/fuel-completion.el
  fuel-20261004.417/fuel-connection.el
  fuel-20261004.417/fuel-debug-uses.el
  fuel-20261004.417/fuel-debug.el
  fuel-20261004.417/fuel-edit.el
  fuel-20261004.417/fuel-eval.el
  fuel-20261004.417/fuel-help.el
  fuel-20261004.417/fuel-listener.el
  fuel-20261004.417/fuel-log.el
  fuel-20261004.417/fuel-markup.el
  fuel-20261004.417/fuel-menu.el
  fuel-20261004.417/fuel-mode.el
  fuel-20261004.417/fuel-pkg.el
  fuel-20261004.417/fuel-popup.el
  fuel-20261004.417/fuel-refactor.el
  fuel-20261004.417/fuel-scaffold.el
  fuel-20261004.417/fuel-stack.el
  fuel-20261004.417/fuel-table.el
  fuel-20261004.417/fuel-xref.el
  fuel-20261004.417/fuel.el
Built fuel in 3.871s, finished at 2026-10-04T11:24:29+0000
