Package: gams-mode
Fetcher: github
Source:  https://github.com/ShiroTakeda/gams-mode.git

Updating /mnt/store/melpa/working/gams-mode/
Checking out origin/HEAD
Checking out 1964d9a52693f3aa9279eed8864bc317ee5c6dc4
Copying files (->) and directories (=>)
  from /mnt/store/melpa/working/gams-mode/
  to /tmp/gams-modeTJNI1h/gams-mode-20220501.1507
    gams-mode.el -> gams-mode.el
    gams-logo.xpm -> gams-logo.xpm
Created gams-mode-20220501.1507.tar containing:
  gams-mode-20220501.1507/
  gams-mode-20220501.1507/gams-logo.xpm
  gams-mode-20220501.1507/gams-mode-pkg.el
  gams-mode-20220501.1507/gams-mode.el
Built gams-mode in 9.765s, finished at 2022-05-05T02:21:53+0000
 ✓ Success:
4.0K -rw-r--r-- 1 root root  374 May  5 02:21 packages/gams-mode-20220501.1507.entry
632K -rw-r--r-- 1 root root 630K May  5 02:21 packages/gams-mode-20220501.1507.tar
4.0K -rw-r--r-- 1 root root 1.2K May  5 02:21 packages/gams-mode-badge.svg
4.0K -rw-r--r-- 1 root root  485 May  5 02:21 packages/gams-mode-readme.txt
