Package: geiser-mit
Fetcher: gitlab
Source:  https://gitlab.com/emacs-geiser/mit.git

Updating /mnt/store/melpa/working/geiser-mit/
Checking out origin/HEAD
Checking out d17394f577aaa2854a74a1a0039cb8f73378b400
Copying files (->) and directories (=>)
  from /mnt/store/melpa/working/geiser-mit/
  to /tmp/geiser-mitehv0ch/geiser-mit-20210405.1920
    geiser-mit.el -> geiser-mit.el
    src/geiser => src/geiser
Created geiser-mit-20210405.1920.tar containing:
  geiser-mit-20210405.1920/
  geiser-mit-20210405.1920/geiser-mit-pkg.el
  geiser-mit-20210405.1920/geiser-mit.el
  geiser-mit-20210405.1920/src/
  geiser-mit-20210405.1920/src/geiser/
  geiser-mit-20210405.1920/src/geiser/compile.scm
  geiser-mit-20210405.1920/src/geiser/emacs.scm
  geiser-mit-20210405.1920/src/geiser/geiser.pkg
  geiser-mit-20210405.1920/src/geiser/load.scm
Built geiser-mit in 4.925s, finished at 2021-08-09T03:52:49+0000
 ✓ Success:
4.0K -rw-r--r-- 1 root root  453 Aug  9 03:52 packages/geiser-mit-20210405.1920.entry
 32K -rw-r--r-- 1 root root  30K Aug  9 03:52 packages/geiser-mit-20210405.1920.tar
4.0K -rw-r--r-- 1 root root 1.2K Aug  9 03:52 packages/geiser-mit-badge.svg
4.0K -rw-r--r-- 1 root root   56 Aug  9 03:52 packages/geiser-mit-readme.txt
