Package: gh
Fetcher: github
Source:  https://github.com/sigma/gh.el.git

Updating /mnt/store/melpa/working/gh/
Checking out origin/HEAD
Checking out 27ccc892e94f7e747e5b879eec71119965d9ed6e
Copying files (->) and directories (=>)
  from /mnt/store/melpa/working/gh/
  to /tmp/ghoGLl6b/gh-20220302.549
    gh-api.el -> gh-api.el
    gh-auth.el -> gh-auth.el
    gh-cache.el -> gh-cache.el
    gh-comments.el -> gh-comments.el
    gh-common.el -> gh-common.el
    gh-gist.el -> gh-gist.el
    gh-issue-comments.el -> gh-issue-comments.el
    gh-issues.el -> gh-issues.el
    gh-oauth.el -> gh-oauth.el
    gh-orgs.el -> gh-orgs.el
    gh-pkg.el -> gh-pkg.el
    gh-profile.el -> gh-profile.el
    gh-pull-comments.el -> gh-pull-comments.el
    gh-pulls.el -> gh-pulls.el
    gh-repos.el -> gh-repos.el
    gh-search.el -> gh-search.el
    gh-url.el -> gh-url.el
    gh-users.el -> gh-users.el
    gh.el -> gh.el
Created gh-20220302.549.tar containing:
  gh-20220302.549/
  gh-20220302.549/gh-api.el
  gh-20220302.549/gh-auth.el
  gh-20220302.549/gh-cache.el
  gh-20220302.549/gh-comments.el
  gh-20220302.549/gh-common.el
  gh-20220302.549/gh-gist.el
  gh-20220302.549/gh-issue-comments.el
  gh-20220302.549/gh-issues.el
  gh-20220302.549/gh-oauth.el
  gh-20220302.549/gh-orgs.el
  gh-20220302.549/gh-pkg.el
  gh-20220302.549/gh-profile.el
  gh-20220302.549/gh-pull-comments.el
  gh-20220302.549/gh-pulls.el
  gh-20220302.549/gh-repos.el
  gh-20220302.549/gh-search.el
  gh-20220302.549/gh-url.el
  gh-20220302.549/gh-users.el
  gh-20220302.549/gh.el
Built gh in 7.315s, finished at 2022-05-21T04:04:26+0000
 ✓ Success:
4.0K -rw-r--r-- 1 root root  444 May 21 04:04 packages/gh-20220302.549.entry
112K -rw-r--r-- 1 root root 110K May 21 04:04 packages/gh-20220302.549.tar
4.0K -rw-r--r-- 1 root root 1.2K May 21 04:04 packages/gh-badge.svg
8.0K -rw-r--r-- 1 root root 7.1K May 21 00:40 packages/gh-md-20220316.1432.el
4.0K -rw-r--r-- 1 root root  373 May 21 00:40 packages/gh-md-20220316.1432.entry
4.0K -rw-r--r-- 1 root root 1.2K May 21 00:40 packages/gh-md-badge.svg
4.0K -rw-r--r-- 1 root root  685 May 21 00:40 packages/gh-md-readme.txt
4.0K -rw-r--r-- 1 root root  205 May 21 04:04 packages/gh-md.log
 64K -rw-r--r-- 1 root root  61K May 21 00:40 packages/gh-notify-20211126.638.el
4.0K -rw-r--r-- 1 root root  485 May 21 00:40 packages/gh-notify-20211126.638.entry
4.0K -rw-r--r-- 1 root root 1.2K May 21 00:40 packages/gh-notify-badge.svg
4.0K -rw-r--r-- 1 root root  787 May 21 00:40 packages/gh-notify-readme.txt
4.0K -rw-r--r-- 1 root root  161 May 21 04:04 packages/gh-notify.log
   0 -rw-r--r-- 1 root root    0 May 21 04:04 packages/gh-readme.txt
