Package: git-attr
Fetcher: github
Source:  https://github.com/arnested/emacs-git-attr.git

Updating /mnt/store/melpa/working/git-attr/
Checking out origin/HEAD
Checking out 50df0630eba2a931146f676d349b29bde6b6b37b
Copying files (->) and directories (=>)
  from /mnt/store/melpa/working/git-attr/
  to /tmp/git-attr8b85i7/git-attr-20180925.2003
    git-attr-linguist.el -> git-attr-linguist.el
    git-attr.el -> git-attr.el
Created git-attr-20180925.2003.tar containing:
  git-attr-20180925.2003/
  git-attr-20180925.2003/git-attr-linguist.el
  git-attr-20180925.2003/git-attr-pkg.el
  git-attr-20180925.2003/git-attr.el
Built git-attr in 4.172s, finished at 2022-01-08T07:33:55+0000
 ✓ Success:
4.0K -rw-r--r-- 1 root root  364 Jan  8 07:33 packages/git-attr-20180925.2003.entry
 12K -rw-r--r-- 1 root root  10K Jan  8 07:33 packages/git-attr-20180925.2003.tar
4.0K -rw-r--r-- 1 root root 1.2K Jan  8 07:33 packages/git-attr-badge.svg
4.0K -rw-r--r-- 1 root root  496 Jan  8 07:33 packages/git-attr-readme.txt
