Package: git-commit
Fetcher: github
Source:  https://github.com/magit/magit.git

Updating /mnt/store/melpa/working/git-commit/
Checking out origin/HEAD
Checking out 84922c3997980a44f9fa2702a4e7db678adf98f8
Copying files (->) and directories (=>)
  from /mnt/store/melpa/working/git-commit/
  to /tmp/git-commit56GGps/git-commit-20220506.1936
  ! lisp/git-commit.el -> git-commit.el
  ! lisp/git-commit-pkg.el -> git-commit-pkg.el
Created git-commit-20220506.1936.tar containing:
  git-commit-20220506.1936/
  git-commit-20220506.1936/git-commit-pkg.el
  git-commit-20220506.1936/git-commit.el
Built git-commit in 6.467s, finished at 2022-05-12T03:35:45+0000
 ✓ Success:
4.0K -rw-r--r-- 1 root root  655 May 12 03:35 packages/git-commit-20220506.1936.entry
 52K -rw-r--r-- 1 root root  50K May 12 03:35 packages/git-commit-20220506.1936.tar
4.0K -rw-r--r-- 1 root root 1.2K May 12 03:35 packages/git-commit-badge.svg
 16K -rw-r--r-- 1 root root  14K May 12 03:35 packages/git-commit-insert-issue-20210107.2018.el
4.0K -rw-r--r-- 1 root root  517 May 12 03:35 packages/git-commit-insert-issue-20210107.2018.entry
4.0K -rw-r--r-- 1 root root 1.2K May 12 03:35 packages/git-commit-insert-issue-badge.svg
4.0K -rw-r--r-- 1 root root  171 May 12 03:35 packages/git-commit-insert-issue-readme.txt
4.0K -rw-r--r-- 1 root root  722 May 12 03:35 packages/git-commit-insert-issue.log
4.0K -rw-r--r-- 1 root root 3.5K May 12 03:35 packages/git-commit-readme.txt
