Package: grails-projectile-mode
Fetcher: github
Source:  https://github.com/yveszoundi/grails-projectile-mode.git

Updating /mnt/store/melpa/working/grails-projectile-mode/
Copying files (->) and directories (=>)
  from /mnt/store/melpa/working/grails-projectile-mode/
  to /tmp/grails-projectile-modeoD2oHp/grails-projectile-mode-20160327.1324
    grails-projectile-commands.el -> grails-projectile-commands.el
    grails-projectile-config.el -> grails-projectile-config.el
    grails-projectile-discover.el -> grails-projectile-discover.el
    grails-projectile-mode.el -> grails-projectile-mode.el
Created grails-projectile-mode-20160327.1324.tar containing:
  grails-projectile-mode-20160327.1324/
  grails-projectile-mode-20160327.1324/grails-projectile-commands.el
  grails-projectile-mode-20160327.1324/grails-projectile-config.el
  grails-projectile-mode-20160327.1324/grails-projectile-discover.el
  grails-projectile-mode-20160327.1324/grails-projectile-mode-pkg.el
  grails-projectile-mode-20160327.1324/grails-projectile-mode.el
Built grails-projectile-mode in 4.585s, finished at Tue Apr 20 10:51:50 2021
 ✓ Success:
4.0K -rw-r--r-- 1 root root  465 Apr 20 10:51 packages/grails-projectile-mode-20160327.1324.entry
 52K -rw-r--r-- 1 root root  50K Apr 20 10:51 packages/grails-projectile-mode-20160327.1324.tar
4.0K -rw-r--r-- 1 root root 1.2K Apr 20 10:51 packages/grails-projectile-mode-badge.svg
4.0K -rw-r--r-- 1 root root 1.2K Apr 20 10:51 packages/grails-projectile-mode-readme.txt
