Package: greger
Fetcher: github
Source:  https://github.com/andreasjansson/greger.el

Updating /mnt/store/melpa/working/greger/
Checking out 093bf3424d6033626fe9638e998c1fc52e9a9334
Copying files (->) and directories (=>)
  from /mnt/store/melpa/working/greger/
  to /tmp/greger14yq3O/greger-20250703.1210
    greger-client.el -> greger-client.el
    greger-parser.el -> greger-parser.el
    greger-stdlib.el -> greger-stdlib.el
    greger-tools.el -> greger-tools.el
    greger-ui.el -> greger-ui.el
    greger-web.el -> greger-web.el
    greger.el -> greger.el
Created greger-20250703.1210.tar containing:
  greger-20250703.1210/
  greger-20250703.1210/greger-client.el
  greger-20250703.1210/greger-parser.el
  greger-20250703.1210/greger-pkg.el
  greger-20250703.1210/greger-stdlib.el
  greger-20250703.1210/greger-tools.el
  greger-20250703.1210/greger-ui.el
  greger-20250703.1210/greger-web.el
  greger-20250703.1210/greger.el
 ✓ Success:
  2025-07-03T12:03:55+0000  greger-20250702.1432.entry
  2025-07-03T12:03:55+0000  greger-20250702.1432.tar
  2025-07-03T14:37:49+0000  greger-20250703.1210.entry
  2025-07-03T14:37:49+0000  greger-20250703.1210.tar
Built greger in 3.126s, finished at 2025-07-03T14:37:50+0000
