Package: groovy-mode
Fetcher: github
Source:  https://github.com/Groovy-Emacs-Modes/groovy-emacs-modes.git

Updating /mnt/store/melpa/working/groovy-mode/
Checking out origin/HEAD
Checking out 84f89b68ec8f79bce0b3f5b29af155a85124e3a6
Copying files (->) and directories (=>)
  from /mnt/store/melpa/working/groovy-mode/
  to /tmp/groovy-mode13SNNU/groovy-mode-20210831.1601
    groovy-electric.el -> groovy-electric.el
    groovy-mode.el -> groovy-mode.el
    inf-groovy.el -> inf-groovy.el
Created groovy-mode-20210831.1601.tar containing:
  groovy-mode-20210831.1601/
  groovy-mode-20210831.1601/groovy-electric.el
  groovy-mode-20210831.1601/groovy-mode-pkg.el
  groovy-mode-20210831.1601/groovy-mode.el
  groovy-mode-20210831.1601/inf-groovy.el
Built groovy-mode in 4.468s, finished at 2021-12-05T22:24:43+0000
 ✓ Success:
4.0K -rw-r--r-- 1 root root  468 Dec  5 22:24 packages/groovy-mode-20210831.1601.entry
 72K -rw-r--r-- 1 root root  70K Dec  5 22:24 packages/groovy-mode-20210831.1601.tar
4.0K -rw-r--r-- 1 root root 1.2K Dec  5 22:24 packages/groovy-mode-badge.svg
