Package: gtk-pomodoro-indicator
Fetcher: github
Source:  https://github.com/abo-abo/gtk-pomodoro-indicator.git

Cloning https://github.com/abo-abo/gtk-pomodoro-indicator.git to /mnt/store/melpa/working/gtk-pomodoro-indicator/
Checking out origin/HEAD
Checking out 338e6dca6d749cfc85195907bba593f9f6855715
Copying files (->) and directories (=>)
  from /mnt/store/melpa/working/gtk-pomodoro-indicator/
  to /tmp/gtk-pomodoro-indicatorN591xx/gtk-pomodoro-indicator-20191007.1500
    gtk-pomodoro-indicator.el -> gtk-pomodoro-indicator.el
    Cookbook.py -> Cookbook.py
    setup.py -> setup.py
    icons => icons
    pomodoro_indicator => pomodoro_indicator
Created gtk-pomodoro-indicator-20191007.1500.tar containing:
  gtk-pomodoro-indicator-20191007.1500/
  gtk-pomodoro-indicator-20191007.1500/Cookbook.py
  gtk-pomodoro-indicator-20191007.1500/gtk-pomodoro-indicator-pkg.el
  gtk-pomodoro-indicator-20191007.1500/gtk-pomodoro-indicator.el
  gtk-pomodoro-indicator-20191007.1500/icons/
  gtk-pomodoro-indicator-20191007.1500/icons/coffee.svg
  gtk-pomodoro-indicator-20191007.1500/icons/stopwatch.svg
  gtk-pomodoro-indicator-20191007.1500/pomodoro_indicator/
  gtk-pomodoro-indicator-20191007.1500/pomodoro_indicator/__init__.py
  gtk-pomodoro-indicator-20191007.1500/pomodoro_indicator/pomodoro_indicator.py
  gtk-pomodoro-indicator-20191007.1500/setup.py
Built gtk-pomodoro-indicator in 4.147s, finished at 2021-09-22T03:32:07+0000
 ✓ Success:
4.0K -rw-r--r-- 1 root root  388 Sep 22 03:32 packages/gtk-pomodoro-indicator-20191007.1500.entry
 20K -rw-r--r-- 1 root root  20K Sep 22 03:32 packages/gtk-pomodoro-indicator-20191007.1500.tar
4.0K -rw-r--r-- 1 root root 1.2K Sep 22 03:32 packages/gtk-pomodoro-indicator-badge.svg
4.0K -rw-r--r-- 1 root root   50 Sep 22 03:32 packages/gtk-pomodoro-indicator-readme.txt
