Package: gumshoe
Fetcher: github
Source:  https://github.com/Overdr0ne/gumshoe.git

Updating /mnt/store/melpa/working/gumshoe/
Checking out origin/HEAD
Checking out 397379a3e032f31e98a57f5eb2187a0607c6bd7a
Copying files (->) and directories (=>)
  from /mnt/store/melpa/working/gumshoe/
  to /tmp/gumshoeJ6ttqp/gumshoe-20211029.2148
    elpa.el -> elpa.el
    gumshoe-core.el -> gumshoe-core.el
    gumshoe-persp.el -> gumshoe-persp.el
    gumshoe.el -> gumshoe.el
Created gumshoe-20211029.2148.tar containing:
  gumshoe-20211029.2148/
  gumshoe-20211029.2148/elpa.el
  gumshoe-20211029.2148/gumshoe-core.el
  gumshoe-20211029.2148/gumshoe-persp.el
  gumshoe-20211029.2148/gumshoe-pkg.el
  gumshoe-20211029.2148/gumshoe.el
Built gumshoe in 12.003s, finished at 2021-10-29T23:18:48+0000
 ✓ Success:
4.0K -rw-r--r-- 1 root root  318 Oct 29 19:18 packages/gumshoe-20211023.1734.entry
 32K -rw-r--r-- 1 root root  30K Oct 29 19:18 packages/gumshoe-20211023.1734.tar
4.0K -rw-r--r-- 1 root root  318 Oct 29 23:18 packages/gumshoe-20211029.2148.entry
 32K -rw-r--r-- 1 root root  30K Oct 29 23:18 packages/gumshoe-20211029.2148.tar
4.0K -rw-r--r-- 1 root root 1.2K Oct 29 23:18 packages/gumshoe-badge.svg
4.0K -rw-r--r-- 1 root root  347 Oct 29 23:18 packages/gumshoe-readme.txt
