Package: hacker-typer
Fetcher: github
Source:  https://github.com/dieggsy/emacs-hacker-typer.git

Updating /mnt/store/melpa/working/hacker-typer/
Copying files (->) and directories (=>)
  from /mnt/store/melpa/working/hacker-typer/
  to /tmp/hacker-typer1gnFLk/hacker-typer-20170206.1520
    hacker-typer.el -> hacker-typer.el
    hackerman.png -> hackerman.png
Created hacker-typer-20170206.1520.tar containing:
  hacker-typer-20170206.1520/
  hacker-typer-20170206.1520/hacker-typer-pkg.el
  hacker-typer-20170206.1520/hacker-typer.el
  hacker-typer-20170206.1520/hackerman.png
Built hacker-typer in 3.567s, finished at Tue May 25 19:43:16 2021
 ✓ Success:
4.0K -rw-r--r-- 1 root root  421 May 25 19:43 packages/hacker-typer-20170206.1520.entry
100K -rw-r--r-- 1 root root 100K May 25 19:43 packages/hacker-typer-20170206.1520.tar
4.0K -rw-r--r-- 1 root root 1.2K May 25 19:43 packages/hacker-typer-badge.svg
4.0K -rw-r--r-- 1 root root  260 May 25 19:43 packages/hacker-typer-readme.txt
