Package: haskell-snippets
Fetcher: github
Source:  https://github.com/haskell/haskell-snippets.git

Updating /mnt/store/melpa/working/haskell-snippets/
Copying files (->) and directories (=>)
  from /mnt/store/melpa/working/haskell-snippets/
  to /tmp/haskell-snippetsKTKBKU/haskell-snippets-20210228.344
    haskell-snippets.el -> haskell-snippets.el
    snippets => snippets
Created haskell-snippets-20210228.344.tar containing:
  haskell-snippets-20210228.344/
  haskell-snippets-20210228.344/haskell-snippets-pkg.el
  haskell-snippets-20210228.344/haskell-snippets.el
  haskell-snippets-20210228.344/snippets/
  haskell-snippets-20210228.344/snippets/haskell-mode/
  haskell-snippets-20210228.344/snippets/haskell-mode/.yas-ignore-filenames-as-triggers
  haskell-snippets-20210228.344/snippets/haskell-mode/.yas-make-groups
  haskell-snippets-20210228.344/snippets/haskell-mode/case
  haskell-snippets-20210228.344/snippets/haskell-mode/comment.block
  haskell-snippets-20210228.344/snippets/haskell-mode/constraint
  haskell-snippets-20210228.344/snippets/haskell-mode/data.inline
  haskell-snippets-20210228.344/snippets/haskell-mode/data.record
  haskell-snippets-20210228.344/snippets/haskell-mode/fn
  haskell-snippets-20210228.344/snippets/haskell-mode/fn.clause
  haskell-snippets-20210228.344/snippets/haskell-mode/fn.guarded
  haskell-snippets-20210228.344/snippets/haskell-mode/get
  haskell-snippets-20210228.344/snippets/haskell-mode/if.block
  haskell-snippets-20210228.344/snippets/haskell-mode/if.inline
  haskell-snippets-20210228.344/snippets/haskell-mode/import
  haskell-snippets-20210228.344/snippets/haskell-mode/import.qualified
  haskell-snippets-20210228.344/snippets/haskell-mode/instance
  haskell-snippets-20210228.344/snippets/haskell-mode/lambda
  haskell-snippets-20210228.344/snippets/haskell-mode/lang-pragma
  haskell-snippets-20210228.344/snippets/haskell-mode/let
  haskell-snippets-20210228.344/snippets/haskell-mode/main
  haskell-snippets-20210228.344/snippets/haskell-mode/module
  haskell-snippets-20210228.344/snippets/haskell-mode/module.exports
  haskell-snippets-20210228.344/snippets/haskell-mode/newtype
  haskell-snippets-20210228.344/snippets/haskell-mode/opt-pragma
Built haskell-snippets in 7.145s, finished at Wed Mar 31 00:00:40 2021
 ✓ Success:
4.0K -rw-r--r-- 1 root root  422 Mar 31 00:00 packages/haskell-snippets-20210228.344.entry
 40K -rw-r--r-- 1 root root  40K Mar 31 00:00 packages/haskell-snippets-20210228.344.tar
4.0K -rw-r--r-- 1 root root 1.2K Mar 31 00:00 packages/haskell-snippets-badge.svg
4.0K -rw-r--r-- 1 root root 1.4K Mar 31 00:00 packages/haskell-snippets-readme.txt
