
 • Building package helm
From https://github.com/emacs-helm/helm
Updating /mnt/store/melpa/working/helm/
Checking out 1858dc0cec60cff5e4f992f41f0740a66ca31ae2
Copying files (->) and directories (=>)
  from /mnt/store/melpa/working/helm/
  to /tmp/helm-M3zocw/helm-20260929.1140/
    helm-adaptive.el -> helm-adaptive.el
    helm-bookmark.el -> helm-bookmark.el
    helm-buffers.el -> helm-buffers.el
    helm-color.el -> helm-color.el
    helm-command.el -> helm-command.el
    helm-dabbrev.el -> helm-dabbrev.el
    helm-easymenu.el -> helm-easymenu.el
    helm-elisp.el -> helm-elisp.el
    helm-epa.el -> helm-epa.el
    helm-eshell.el -> helm-eshell.el
    helm-eval.el -> helm-eval.el
    helm-external.el -> helm-external.el
    helm-fd.el -> helm-fd.el
    helm-files.el -> helm-files.el
    helm-find.el -> helm-find.el
    helm-font.el -> helm-font.el
    helm-for-files.el -> helm-for-files.el
    helm-global-bindings.el -> helm-global-bindings.el
    helm-grep.el -> helm-grep.el
    helm-help.el -> helm-help.el
    helm-id-utils.el -> helm-id-utils.el
    helm-imenu.el -> helm-imenu.el
    helm-info.el -> helm-info.el
    helm-locate.el -> helm-locate.el
    helm-man.el -> helm-man.el
    helm-misc.el -> helm-misc.el
    helm-mode.el -> helm-mode.el
    helm-net.el -> helm-net.el
    helm-occur.el -> helm-occur.el
    helm-packages.el -> helm-packages.el
    helm-regexp.el -> helm-regexp.el
    helm-ring.el -> helm-ring.el
    helm-semantic.el -> helm-semantic.el
    helm-sys.el -> helm-sys.el
    helm-tags.el -> helm-tags.el
    helm-types.el -> helm-types.el
    helm-utils.el -> helm-utils.el
    helm-x-files.el -> helm-x-files.el
    helm-x-icons.el -> helm-x-icons.el
    helm.el -> helm.el
    emacs-helm.sh -> emacs-helm.sh
Created helm-20260929.1140.tar containing:
  helm-20260929.1140/
  helm-20260929.1140/emacs-helm.sh
  helm-20260929.1140/helm-adaptive.el
  helm-20260929.1140/helm-bookmark.el
  helm-20260929.1140/helm-buffers.el
  helm-20260929.1140/helm-color.el
  helm-20260929.1140/helm-command.el
  helm-20260929.1140/helm-dabbrev.el
  helm-20260929.1140/helm-easymenu.el
  helm-20260929.1140/helm-elisp.el
  helm-20260929.1140/helm-epa.el
  helm-20260929.1140/helm-eshell.el
  helm-20260929.1140/helm-eval.el
  helm-20260929.1140/helm-external.el
  helm-20260929.1140/helm-fd.el
  helm-20260929.1140/helm-files.el
  helm-20260929.1140/helm-find.el
  helm-20260929.1140/helm-font.el
  helm-20260929.1140/helm-for-files.el
  helm-20260929.1140/helm-global-bindings.el
  helm-20260929.1140/helm-grep.el
  helm-20260929.1140/helm-help.el
  helm-20260929.1140/helm-id-utils.el
  helm-20260929.1140/helm-imenu.el
  helm-20260929.1140/helm-info.el
  helm-20260929.1140/helm-locate.el
  helm-20260929.1140/helm-man.el
  helm-20260929.1140/helm-misc.el
  helm-20260929.1140/helm-mode.el
  helm-20260929.1140/helm-net.el
  helm-20260929.1140/helm-occur.el
  helm-20260929.1140/helm-packages.el
  helm-20260929.1140/helm-pkg.el
  helm-20260929.1140/helm-regexp.el
  helm-20260929.1140/helm-ring.el
  helm-20260929.1140/helm-semantic.el
  helm-20260929.1140/helm-sys.el
  helm-20260929.1140/helm-tags.el
  helm-20260929.1140/helm-types.el
  helm-20260929.1140/helm-utils.el
  helm-20260929.1140/helm-x-files.el
  helm-20260929.1140/helm-x-icons.el
  helm-20260929.1140/helm.el
Built helm in 10.968s, finished at 2026-09-29T20:44:54+0000
