Package: helm-cmd-t
Fetcher: github
Source:  https://github.com/emacs-helm/helm-cmd-t.git

Updating /mnt/store/melpa/working/helm-cmd-t/
Copying files (->) and directories (=>)
  from /mnt/store/melpa/working/helm-cmd-t/
  to /tmp/helm-cmd-tsJ2RGs/helm-cmd-t-20170125.1459
    helm-C-x-b.el -> helm-C-x-b.el
    helm-cmd-t-find.el -> helm-cmd-t-find.el
    helm-cmd-t.el -> helm-cmd-t.el
Created helm-cmd-t-20170125.1459.tar containing:
  helm-cmd-t-20170125.1459/
  helm-cmd-t-20170125.1459/helm-C-x-b.el
  helm-cmd-t-20170125.1459/helm-cmd-t-find.el
  helm-cmd-t-20170125.1459/helm-cmd-t-pkg.el
  helm-cmd-t-20170125.1459/helm-cmd-t.el
Built helm-cmd-t in 3.511s, finished at Wed Mar  3 03:03:53 2021
 ✓ Success:
4.0K -rw-r--r-- 1 root root  357 Mar  3 03:03 packages/helm-cmd-t-20170125.1459.entry
 40K -rw-r--r-- 1 root root  40K Mar  3 03:03 packages/helm-cmd-t-20170125.1459.tar
4.0K -rw-r--r-- 1 root root 1.2K Mar  3 03:03 packages/helm-cmd-t-badge.svg
4.0K -rw-r--r-- 1 root root 1.6K Mar  3 03:03 packages/helm-cmd-t-readme.txt
