Package: highlight2clipboard
Fetcher: github
Source:  https://github.com/Lindydancer/highlight2clipboard.git

Updating /mnt/store/melpa/working/highlight2clipboard/
Copying files (->) and directories (=>)
  from /mnt/store/melpa/working/highlight2clipboard/
  to /tmp/highlight2clipboardYB3fQ5/highlight2clipboard-20151020.1840
    highlight2clipboard.el -> highlight2clipboard.el
    bin => bin
Created highlight2clipboard-20151020.1840.tar containing:
  highlight2clipboard-20151020.1840/
  highlight2clipboard-20151020.1840/bin/
  highlight2clipboard-20151020.1840/bin/highlight2clipboard-osx.py
  highlight2clipboard-20151020.1840/bin/highlight2clipboard-w32.rb
  highlight2clipboard-20151020.1840/highlight2clipboard-pkg.el
  highlight2clipboard-20151020.1840/highlight2clipboard.el
Built highlight2clipboard in 5.551s, finished at Sun Jun 13 12:05:50 2021
 ✓ Success:
4.0K -rw-r--r-- 1 root root  313 Jun 13 12:05 packages/highlight2clipboard-20151020.1840.entry
 32K -rw-r--r-- 1 root root  30K Jun 13 12:05 packages/highlight2clipboard-20151020.1840.tar
4.0K -rw-r--r-- 1 root root 1.2K Jun 13 12:05 packages/highlight2clipboard-badge.svg
4.0K -rw-r--r-- 1 root root 1.7K Jun 13 12:05 packages/highlight2clipboard-readme.txt
