Package: ipe
Fetcher: github
Source:  https://github.com/BriansEmacs/insert-pair-edit.el.git

Updating /mnt/store/melpa/working/ipe/
Checking out f1a7c5d464a937ec87c23a4a0bb41207eab07adf
Copying files (->) and directories (=>)
  from /mnt/store/melpa/working/ipe/
  to /tmp/ipeChTM3a/ipe-20240428.218
    ipe-char.el -> ipe-char.el
    ipe-compat.el -> ipe-compat.el
    ipe-core.el -> ipe-core.el
    ipe-custom.el -> ipe-custom.el
    ipe-defn.el -> ipe-defn.el
    ipe-doc.el -> ipe-doc.el
    ipe-edit.el -> ipe-edit.el
    ipe-help.el -> ipe-help.el
    ipe-line.el -> ipe-line.el
    ipe-list.el -> ipe-list.el
    ipe-mc.el -> ipe-mc.el
    ipe-menu.el -> ipe-menu.el
    ipe-mouse.el -> ipe-mouse.el
    ipe-read.el -> ipe-read.el
    ipe-updt.el -> ipe-updt.el
    ipe-word.el -> ipe-word.el
    ipe.el -> ipe.el
    ipe.info -> ipe.info
    ipe.texi -> ipe.texi
  ! modes/ipe-c-mode.el -> ipe-c-mode.el
  ! modes/ipe-html-mode.el -> ipe-html-mode.el
  ! modes/ipe-markdown-mode.el -> ipe-markdown-mode.el
  ! modes/ipe-texinfo-mode.el -> ipe-texinfo-mode.el
Created ipe-20240428.218.tar containing:
  ipe-20240428.218/
  ipe-20240428.218/dir
  ipe-20240428.218/ipe-c-mode.el
  ipe-20240428.218/ipe-char.el
  ipe-20240428.218/ipe-compat.el
  ipe-20240428.218/ipe-core.el
  ipe-20240428.218/ipe-custom.el
  ipe-20240428.218/ipe-defn.el
  ipe-20240428.218/ipe-doc.el
  ipe-20240428.218/ipe-edit.el
  ipe-20240428.218/ipe-help.el
  ipe-20240428.218/ipe-html-mode.el
  ipe-20240428.218/ipe-line.el
  ipe-20240428.218/ipe-list.el
  ipe-20240428.218/ipe-markdown-mode.el
  ipe-20240428.218/ipe-mc.el
  ipe-20240428.218/ipe-menu.el
  ipe-20240428.218/ipe-mouse.el
  ipe-20240428.218/ipe-pkg.el
  ipe-20240428.218/ipe-read.el
  ipe-20240428.218/ipe-texinfo-mode.el
  ipe-20240428.218/ipe-updt.el
  ipe-20240428.218/ipe-word.el
  ipe-20240428.218/ipe.el
  ipe-20240428.218/ipe.info
 ✓ Success:
  2024-04-28T07:44:56+0000  ipe-20240428.218.entry
  2024-04-28T07:44:56+0000  ipe-20240428.218.tar
Built ipe in 4.407s, finished at 2024-04-28T07:44:58+0000
