Package: js2-mode
Fetcher: github
Source:  https://github.com/mooz/js2-mode.git

Updating /mnt/store/melpa/working/js2-mode/
Copying files (->) and directories (=>)
  from /mnt/store/melpa/working/js2-mode/
  to /tmp/js2-modeqh3Nxc/js2-mode-20210613.1605
    js2-imenu-extras.el -> js2-imenu-extras.el
    js2-mode.el -> js2-mode.el
    js2-old-indent.el -> js2-old-indent.el
Created js2-mode-20210613.1605.tar containing:
  js2-mode-20210613.1605/
  js2-mode-20210613.1605/js2-imenu-extras.el
  js2-mode-20210613.1605/js2-mode-pkg.el
  js2-mode-20210613.1605/js2-mode.el
  js2-mode-20210613.1605/js2-old-indent.el
Built js2-mode in 4.409s, finished at Fri Jun 18 08:58:52 2021
 ✓ Success:
4.0K -rw-r--r-- 1 root root  491 Jun 18 08:58 packages/js2-mode-20210613.1605.entry
552K -rw-r--r-- 1 root root 550K Jun 18 08:58 packages/js2-mode-20210613.1605.tar
4.0K -rw-r--r-- 1 root root 1.2K Jun 18 08:58 packages/js2-mode-badge.svg
4.0K -rw-r--r-- 1 root root 2.6K Jun 18 08:58 packages/js2-mode-readme.txt
