Package: jtags
Fetcher: git
Source:  https://git.code.sf.net/p/jtags/code

Updating /mnt/store/melpa/working/jtags/
Checking out origin/HEAD
Checking out b50daa48510f71e74ce0ec2eb85030896a79cf96
Copying files (->) and directories (=>)
  from /mnt/store/melpa/working/jtags/
  to /tmp/jtagsZEfmmS/jtags-20160211.2029
  ! src/lisp/jtags-extras.el -> jtags-extras.el
  ! src/lisp/jtags.el -> jtags.el
Created jtags-20160211.2029.tar containing:
  jtags-20160211.2029/
  jtags-20160211.2029/jtags-extras.el
  jtags-20160211.2029/jtags-pkg.el
  jtags-20160211.2029/jtags.el
Built jtags in 4.308s, finished at 2021-10-22T04:27:00+0000
 ✓ Success:
4.0K -rw-r--r-- 1 root root  402 Oct 22 04:26 packages/jtags-20160211.2029.entry
100K -rw-r--r-- 1 root root 100K Oct 22 04:26 packages/jtags-20160211.2029.tar
4.0K -rw-r--r-- 1 root root 1.2K Oct 22 04:27 packages/jtags-badge.svg
8.0K -rw-r--r-- 1 root root 5.6K Oct 22 04:26 packages/jtags-readme.txt
