Package: kaesar
Fetcher: github
Source:  https://github.com/mhayashi1120/Emacs-kaesar.git

Updating /mnt/store/melpa/working/kaesar/
Built kaesar in 4.739s, finished at Fri Jan 15 06:57:34 2021
 ✓ Success:
 48K -rw-r--r-- 1 root root  46K Jan 15 06:57 packages/kaesar-20160128.1008.el
4.0K -rw-r--r-- 1 root root  393 Jan 15 06:57 packages/kaesar-20160128.1008.entry
4.0K -rw-r--r-- 1 root root 1.2K Jan 15 06:57 packages/kaesar-badge.svg
8.0K -rw-r--r-- 1 root root 6.4K Jan 15 06:57 packages/kaesar-file-20160128.1008.el
4.0K -rw-r--r-- 1 root root  427 Jan 15 06:57 packages/kaesar-file-20160128.1008.entry
4.0K -rw-r--r-- 1 root root 1.2K Jan 15 04:11 packages/kaesar-file-badge.svg
4.0K -rw-r--r-- 1 root root  256 Jan 15 06:57 packages/kaesar-file-readme.txt
4.0K -rw-r--r-- 1 root root  143 Jan 15 06:57 packages/kaesar-file.log
 16K -rw-r--r-- 1 root root  14K Jan 15 06:57 packages/kaesar-mode-20160128.1008.el
4.0K -rw-r--r-- 1 root root  460 Jan 15 06:57 packages/kaesar-mode-20160128.1008.entry
4.0K -rw-r--r-- 1 root root 1.2K Jan 15 04:11 packages/kaesar-mode-badge.svg
4.0K -rw-r--r-- 1 root root  336 Jan 15 06:57 packages/kaesar-mode-readme.txt
4.0K -rw-r--r-- 1 root root  143 Jan 15 06:57 packages/kaesar-mode.log
4.0K -rw-r--r-- 1 root root 1.7K Jan 15 06:57 packages/kaesar-readme.txt
