Package: kmacro-x
Fetcher: github
Source:  https://github.com/vifon/kmacro-x.el.git

Updating /mnt/store/melpa/working/kmacro-x/
Checking out ec708ac9a8a340a33460221dd5cb0a018f128b82
Copying files (->) and directories (=>)
  from /mnt/store/melpa/working/kmacro-x/
  to /tmp/kmacro-xldDid2/kmacro-x-20230424.1531
    kmacro-x-mc-extra.el -> kmacro-x-mc-extra.el
    kmacro-x-mc-legacy.el -> kmacro-x-mc-legacy.el
    kmacro-x-mc.el -> kmacro-x-mc.el
    kmacro-x.el -> kmacro-x.el
Created kmacro-x-20230424.1531.tar containing:
  kmacro-x-20230424.1531/
  kmacro-x-20230424.1531/kmacro-x-mc-extra.el
  kmacro-x-20230424.1531/kmacro-x-mc-legacy.el
  kmacro-x-20230424.1531/kmacro-x-mc.el
  kmacro-x-20230424.1531/kmacro-x-pkg.el
  kmacro-x-20230424.1531/kmacro-x.el
Built kmacro-x in 5.604s, finished at 2023-04-25T16:40:53+0000
 ✓ Success:
4.0K -rw-r--r-- 1 root root 341 Apr 25 16:40 packages/kmacro-x-20230424.1531.entry
 32K -rw-r--r-- 1 root root 30K Apr 25 16:40 packages/kmacro-x-20230424.1531.tar
