Package: lacquer
Fetcher: github
Source:  https://github.com/dingansichKum0/lacquer.git

Updating /mnt/store/melpa/working/lacquer/
Checking out origin/HEAD
Checking out 0d7d09f7fe22fb0241e91228ce44568ed3e3e798
Checking out 0d7d09f7fe22fb0241e91228ce44568ed3e3e798
Copying files (->) and directories (=>)
  from /mnt/store/melpa/working/lacquer/
  to /tmp/lacquer4QeMdl/lacquer-20220321.720
    lacquer-automation.el -> lacquer-automation.el
    lacquer-setting.el -> lacquer-setting.el
    lacquer-utils.el -> lacquer-utils.el
    lacquer.el -> lacquer.el
Created lacquer-20220321.720.tar containing:
  lacquer-20220321.720/
  lacquer-20220321.720/lacquer-automation.el
  lacquer-20220321.720/lacquer-pkg.el
  lacquer-20220321.720/lacquer-setting.el
  lacquer-20220321.720/lacquer-utils.el
  lacquer-20220321.720/lacquer.el
Built lacquer in 6.037s, finished at 2022-07-18T15:47:32+0000
 ✓ Success:
4.0K -rw-r--r-- 1 root root 380 Jul 18 15:47 packages/lacquer-20220321.720.entry
 40K -rw-r--r-- 1 root root 40K Jul 18 15:47 packages/lacquer-20220321.720.tar
