Package: latex-unicode-math-mode
Fetcher: github
Source:  https://github.com/Christoph-D/latex-unicode-math-mode.git

Updating /mnt/store/melpa/working/latex-unicode-math-mode/
Copying files (->) and directories (=>)
  from /mnt/store/melpa/working/latex-unicode-math-mode/
  to /tmp/latex-unicode-math-modetvFmIv/latex-unicode-math-mode-20170123.1816
    latex-unicode-math-mode.el -> latex-unicode-math-mode.el
    unicode-math-mode.sty -> unicode-math-mode.sty
Created latex-unicode-math-mode-20170123.1816.tar containing:
  latex-unicode-math-mode-20170123.1816/
  latex-unicode-math-mode-20170123.1816/latex-unicode-math-mode-pkg.el
  latex-unicode-math-mode-20170123.1816/latex-unicode-math-mode.el
  latex-unicode-math-mode-20170123.1816/unicode-math-mode.sty
Built latex-unicode-math-mode in 3.530s, finished at 2021-07-17T18:02:40+0000
 ✓ Success:
4.0K -rw-r--r-- 1 root root  377 Jul 17 18:02 packages/latex-unicode-math-mode-20170123.1816.entry
 52K -rw-r--r-- 1 root root  50K Jul 17 18:02 packages/latex-unicode-math-mode-20170123.1816.tar
4.0K -rw-r--r-- 1 root root 1.2K Jul 17 18:02 packages/latex-unicode-math-mode-badge.svg
4.0K -rw-r--r-- 1 root root  635 Jul 17 18:02 packages/latex-unicode-math-mode-readme.txt
