Package: le-gpt
Fetcher: github
Source:  https://github.com/AnselmC/le-gpt.el

Updating /mnt/store/melpa/working/le-gpt/
Checking out 07c7bce41e33eda70c1d2023f6c96fe4428097a8
Copying files (->) and directories (=>)
  from /mnt/store/melpa/working/le-gpt/
  to /tmp/le-gptSHOlBr/le-gpt-20241218.909
    le-gpt-chat.el -> le-gpt-chat.el
    le-gpt-completion.el -> le-gpt-completion.el
    le-gpt-core.el -> le-gpt-core.el
    le-gpt-project.el -> le-gpt-project.el
    le-gpt-transform.el -> le-gpt-transform.el
    le-gpt.el -> le-gpt.el
    le-gpt.py -> le-gpt.py
Created le-gpt-20241218.909.tar containing:
  le-gpt-20241218.909/
  le-gpt-20241218.909/le-gpt-chat.el
  le-gpt-20241218.909/le-gpt-completion.el
  le-gpt-20241218.909/le-gpt-core.el
  le-gpt-20241218.909/le-gpt-pkg.el
  le-gpt-20241218.909/le-gpt-project.el
  le-gpt-20241218.909/le-gpt-transform.el
  le-gpt-20241218.909/le-gpt.el
  le-gpt-20241218.909/le-gpt.py
 ✓ Success:
  2024-12-18T08:41:21+0000  le-gpt-20241217.2250.entry
  2024-12-18T08:41:21+0000  le-gpt-20241217.2250.tar
  2024-12-18T11:03:56+0000  le-gpt-20241218.909.entry
  2024-12-18T11:03:56+0000  le-gpt-20241218.909.tar
Built le-gpt in 2.395s, finished at 2024-12-18T11:03:57+0000
