Package: lentic
Fetcher: github
Source:  https://github.com/phillord/lentic.git

Updating /mnt/store/melpa/working/lentic/
Copying files (->) and directories (=>)
  from /mnt/store/melpa/working/lentic/
  to /tmp/lenticBWEbhJ/lentic-20160110.1705
    lentic-asciidoc.el -> lentic-asciidoc.el
    lentic-chunk.el -> lentic-chunk.el
    lentic-dev.el -> lentic-dev.el
    lentic-doc.el -> lentic-doc.el
    lentic-latex-code.el -> lentic-latex-code.el
    lentic-mode.el -> lentic-mode.el
    lentic-org.el -> lentic-org.el
    lentic-rot13.el -> lentic-rot13.el
    lentic.el -> lentic.el
    lenticular.org -> lenticular.org
Created lentic-20160110.1705.tar containing:
  lentic-20160110.1705/
  lentic-20160110.1705/lentic-asciidoc.el
  lentic-20160110.1705/lentic-chunk.el
  lentic-20160110.1705/lentic-dev.el
  lentic-20160110.1705/lentic-doc.el
  lentic-20160110.1705/lentic-latex-code.el
  lentic-20160110.1705/lentic-mode.el
  lentic-20160110.1705/lentic-org.el
  lentic-20160110.1705/lentic-pkg.el
  lentic-20160110.1705/lentic-rot13.el
  lentic-20160110.1705/lentic.el
  lentic-20160110.1705/lenticular.org
Built lentic in 4.185s, finished at Wed Jul  7 08:57:50 2021
 ✓ Success:
4.0K -rw-r--r-- 1 root root  371 Jul  7 08:57 packages/lentic-20160110.1705.entry
152K -rw-r--r-- 1 root root 150K Jul  7 08:57 packages/lentic-20160110.1705.tar
4.0K -rw-r--r-- 1 root root 1.2K Jul  7 08:57 packages/lentic-badge.svg
4.0K -rw-r--r-- 1 root root 2.8K Jul  7 08:57 packages/lentic-readme.txt
4.0K -rw-r--r-- 1 root root 3.3K Jul  7 08:57 packages/lentic-server-20160717.2052.el
4.0K -rw-r--r-- 1 root root  335 Jul  7 08:57 packages/lentic-server-20160717.2052.entry
4.0K -rw-r--r-- 1 root root 1.2K Jul  7 08:57 packages/lentic-server-badge.svg
4.0K -rw-r--r-- 1 root root   41 Jul  7 08:57 packages/lentic-server-readme.txt
4.0K -rw-r--r-- 1 root root  560 Jul  7 08:57 packages/lentic-server.log
