Package: libbcel
Fetcher: github
Source:  https://github.com/DamienCassou/libbcel.git

Updating /mnt/store/melpa/working/libbcel/
Checking out origin/HEAD
Checking out 1c73379d1462c54125480a79efe6cac1db929857
Copying files (->) and directories (=>)
  from /mnt/store/melpa/working/libbcel/
  to /tmp/libbcelsDbbaM/libbcel-20191216.641
    libbcel-actions.el -> libbcel-actions.el
    libbcel-client.el -> libbcel-client.el
    libbcel-nav.el -> libbcel-nav.el
    libbcel-oauth.el -> libbcel-oauth.el
    libbcel-structs.el -> libbcel-structs.el
    libbcel-util.el -> libbcel-util.el
    libbcel.el -> libbcel.el
Created libbcel-20191216.641.tar containing:
  libbcel-20191216.641/
  libbcel-20191216.641/libbcel-actions.el
  libbcel-20191216.641/libbcel-client.el
  libbcel-20191216.641/libbcel-nav.el
  libbcel-20191216.641/libbcel-oauth.el
  libbcel-20191216.641/libbcel-pkg.el
  libbcel-20191216.641/libbcel-structs.el
  libbcel-20191216.641/libbcel-util.el
  libbcel-20191216.641/libbcel.el
Built libbcel in 5.664s, finished at 2022-08-30T08:07:59+0000
 ✓ Success:
4.0K -rw-r--r-- 1 root root 356 Aug 30 08:07 packages/libbcel-20191216.641.entry
 52K -rw-r--r-- 1 root root 50K Aug 30 08:07 packages/libbcel-20191216.641.tar
