Package: lispy
Fetcher: github
Source:  https://github.com/abo-abo/lispy.git

Updating /mnt/store/melpa/working/lispy/
Checking out origin/HEAD
Checking out c6abaed62649b2230f35e4091f3ea234d217440a
Copying files (->) and directories (=>)
  from /mnt/store/melpa/working/lispy/
  to /tmp/lispyMNJLwx/lispy-20220124.1847
    elpa.el -> elpa.el
    le-clojure.el -> le-clojure.el
    le-hy.el -> le-hy.el
    le-julia.el -> le-julia.el
    le-lisp.el -> le-lisp.el
    le-python.el -> le-python.el
    le-racket.el -> le-racket.el
    le-scheme.el -> le-scheme.el
    lispy-inline.el -> lispy-inline.el
    lispy-occur.el -> lispy-occur.el
    lispy-pkg.el -> lispy-pkg.el
    lispy-tags.el -> lispy-tags.el
    lispy.el -> lispy.el
    lispy-clojure.clj -> lispy-clojure.clj
    lispy-clojure.cljs -> lispy-clojure.cljs
    lispy-python.py -> lispy-python.py
Created lispy-20220124.1847.tar containing:
  lispy-20220124.1847/
  lispy-20220124.1847/elpa.el
  lispy-20220124.1847/le-clojure.el
  lispy-20220124.1847/le-hy.el
  lispy-20220124.1847/le-julia.el
  lispy-20220124.1847/le-lisp.el
  lispy-20220124.1847/le-python.el
  lispy-20220124.1847/le-racket.el
  lispy-20220124.1847/le-scheme.el
  lispy-20220124.1847/lispy-clojure.clj
  lispy-20220124.1847/lispy-clojure.cljs
  lispy-20220124.1847/lispy-inline.el
  lispy-20220124.1847/lispy-occur.el
  lispy-20220124.1847/lispy-pkg.el
  lispy-20220124.1847/lispy-python.py
  lispy-20220124.1847/lispy-tags.el
  lispy-20220124.1847/lispy.el
Built lispy in 4.556s, finished at 2022-01-25T13:25:42+0000
 ✓ Success:
4.0K -rw-r--r-- 1 root root  430 Jan 25 13:25 packages/lispy-20220124.1847.entry
492K -rw-r--r-- 1 root root 490K Jan 25 13:25 packages/lispy-20220124.1847.tar
4.0K -rw-r--r-- 1 root root 1.2K Jan 25 13:25 packages/lispy-badge.svg
8.0K -rw-r--r-- 1 root root 4.9K Jan 25 13:25 packages/lispy-readme.txt
