Package: lsp-dart
Fetcher: github
Source:  https://github.com/emacs-lsp/lsp-dart.git

Updating /mnt/store/melpa/working/lsp-dart/
Checking out origin/HEAD
Checking out 7ca60ce9a703ad7a950dcd5ec36ef4251f57d207
Copying files (->) and directories (=>)
  from /mnt/store/melpa/working/lsp-dart/
  to /tmp/lsp-dartTaN00h/lsp-dart-20220430.1535
    lsp-dart-closing-labels.el -> lsp-dart-closing-labels.el
    lsp-dart-code-lens.el -> lsp-dart-code-lens.el
    lsp-dart-commands.el -> lsp-dart-commands.el
    lsp-dart-dap.el -> lsp-dart-dap.el
    lsp-dart-devtools.el -> lsp-dart-devtools.el
    lsp-dart-flutter-colors.el -> lsp-dart-flutter-colors.el
    lsp-dart-flutter-daemon.el -> lsp-dart-flutter-daemon.el
    lsp-dart-flutter-fringe-colors.el -> lsp-dart-flutter-fringe-colors.el
    lsp-dart-flutter-widget-guide.el -> lsp-dart-flutter-widget-guide.el
    lsp-dart-outline.el -> lsp-dart-outline.el
    lsp-dart-protocol.el -> lsp-dart-protocol.el
    lsp-dart-test-output.el -> lsp-dart-test-output.el
    lsp-dart-test-support.el -> lsp-dart-test-support.el
    lsp-dart-test-tree.el -> lsp-dart-test-tree.el
    lsp-dart-utils.el -> lsp-dart-utils.el
    lsp-dart.el -> lsp-dart.el
Created lsp-dart-20220430.1535.tar containing:
  lsp-dart-20220430.1535/
  lsp-dart-20220430.1535/lsp-dart-closing-labels.el
  lsp-dart-20220430.1535/lsp-dart-code-lens.el
  lsp-dart-20220430.1535/lsp-dart-commands.el
  lsp-dart-20220430.1535/lsp-dart-dap.el
  lsp-dart-20220430.1535/lsp-dart-devtools.el
  lsp-dart-20220430.1535/lsp-dart-flutter-colors.el
  lsp-dart-20220430.1535/lsp-dart-flutter-daemon.el
  lsp-dart-20220430.1535/lsp-dart-flutter-fringe-colors.el
  lsp-dart-20220430.1535/lsp-dart-flutter-widget-guide.el
  lsp-dart-20220430.1535/lsp-dart-outline.el
  lsp-dart-20220430.1535/lsp-dart-pkg.el
  lsp-dart-20220430.1535/lsp-dart-protocol.el
  lsp-dart-20220430.1535/lsp-dart-test-output.el
  lsp-dart-20220430.1535/lsp-dart-test-support.el
  lsp-dart-20220430.1535/lsp-dart-test-tree.el
  lsp-dart-20220430.1535/lsp-dart-utils.el
  lsp-dart-20220430.1535/lsp-dart.el
Built lsp-dart in 7.114s, finished at 2022-04-30T15:46:06+0000
 ✓ Success:
4.0K -rw-r--r-- 1 root root  421 Apr 30 11:52 packages/lsp-dart-20220425.1211.entry
172K -rw-r--r-- 1 root root 170K Apr 30 11:52 packages/lsp-dart-20220425.1211.tar
4.0K -rw-r--r-- 1 root root  421 Apr 30 15:46 packages/lsp-dart-20220430.1535.entry
172K -rw-r--r-- 1 root root 170K Apr 30 15:46 packages/lsp-dart-20220430.1535.tar
4.0K -rw-r--r-- 1 root root 1.2K Apr 30 15:46 packages/lsp-dart-badge.svg
4.0K -rw-r--r-- 1 root root   41 Apr 30 15:46 packages/lsp-dart-readme.txt
