Package: lsp-scheme
Fetcher: codeberg
Source:  https://codeberg.org/rgherdt/emacs-lsp-scheme.git

Updating /mnt/store/melpa/working/lsp-scheme/
Checking out origin/HEAD
Checking out 447df67e0347a2f26101432066a8724b1f39446e
Copying files (->) and directories (=>)
  from /mnt/store/melpa/working/lsp-scheme/
  to /tmp/lsp-scheme9kOCGM/lsp-scheme-20221029.816
    lsp-scheme.el -> lsp-scheme.el
    scripts => scripts
Created lsp-scheme-20221029.816.tar containing:
  lsp-scheme-20221029.816/
  lsp-scheme-20221029.816/lsp-scheme-pkg.el
  lsp-scheme-20221029.816/lsp-scheme.el
  lsp-scheme-20221029.816/scripts/
  lsp-scheme-20221029.816/scripts/gambit-lsp-server.scm
  lsp-scheme-20221029.816/scripts/install-gambit-lsp-server.sh
  lsp-scheme-20221029.816/scripts/lsp-server-connect.sh
Built lsp-scheme in 12.808s, finished at 2022-11-09T07:50:49+0000
 ✓ Success:
4.0K -rw-r--r-- 1 root root 474 Nov  9 07:50 packages/lsp-scheme-20221029.816.entry
 40K -rw-r--r-- 1 root root 40K Nov  9 07:50 packages/lsp-scheme-20221029.816.tar
