
 • Building package mastodon
From https://codeberg.org/martianh/mastodon.el
Updating /mnt/store/melpa/working/mastodon/
Checking out 3861f8c1a3fbf24acd7e5513bfd6c2c28ea4758a
Copying files (->) and directories (=>)
  from /mnt/store/melpa/working/mastodon/
  to /tmp/mastodon-jDo5BS/mastodon-20261007.1543/
  ! lisp/mastodon-async.el -> mastodon-async.el
  ! lisp/mastodon-auth.el -> mastodon-auth.el
  ! lisp/mastodon-client.el -> mastodon-client.el
  ! lisp/mastodon-discover.el -> mastodon-discover.el
  ! lisp/mastodon-http.el -> mastodon-http.el
  ! lisp/mastodon-inspect.el -> mastodon-inspect.el
  ! lisp/mastodon-iso.el -> mastodon-iso.el
  ! lisp/mastodon-media.el -> mastodon-media.el
  ! lisp/mastodon-notifications.el -> mastodon-notifications.el
  ! lisp/mastodon-profile.el -> mastodon-profile.el
  ! lisp/mastodon-search.el -> mastodon-search.el
  ! lisp/mastodon-tl.el -> mastodon-tl.el
  ! lisp/mastodon-toot.el -> mastodon-toot.el
  ! lisp/mastodon-transient.el -> mastodon-transient.el
  ! lisp/mastodon-views.el -> mastodon-views.el
  ! lisp/mastodon-widget.el -> mastodon-widget.el
  ! lisp/mastodon.el -> mastodon.el
    dir -> dir
    mastodon.info -> mastodon.info
    mastodon.texi -> mastodon.texi
Generating mastodon.info
Created mastodon-20261007.1543.tar containing:
  mastodon-20261007.1543/
  mastodon-20261007.1543/dir
  mastodon-20261007.1543/mastodon-async.el
  mastodon-20261007.1543/mastodon-auth.el
  mastodon-20261007.1543/mastodon-client.el
  mastodon-20261007.1543/mastodon-discover.el
  mastodon-20261007.1543/mastodon-http.el
  mastodon-20261007.1543/mastodon-inspect.el
  mastodon-20261007.1543/mastodon-iso.el
  mastodon-20261007.1543/mastodon-media.el
  mastodon-20261007.1543/mastodon-notifications.el
  mastodon-20261007.1543/mastodon-pkg.el
  mastodon-20261007.1543/mastodon-profile.el
  mastodon-20261007.1543/mastodon-search.el
  mastodon-20261007.1543/mastodon-tl.el
  mastodon-20261007.1543/mastodon-toot.el
  mastodon-20261007.1543/mastodon-transient.el
  mastodon-20261007.1543/mastodon-views.el
  mastodon-20261007.1543/mastodon-widget.el
  mastodon-20261007.1543/mastodon.el
  mastodon-20261007.1543/mastodon.info
Built mastodon in 7.626s, finished at 2026-10-10T23:04:53+0000
