Package: math-symbols
Fetcher: github
Source:  https://github.com/kawabata/math-symbols.git

Updating /mnt/store/melpa/working/math-symbols/
Copying files (->) and directories (=>)
  from /mnt/store/melpa/working/math-symbols/
  to /tmp/math-symbolsC417wK/math-symbols-20201005.2313
    math-symbols.el -> math-symbols.el
    unimathsymbols.txt -> unimathsymbols.txt
Created math-symbols-20201005.2313.tar containing:
  math-symbols-20201005.2313/
  math-symbols-20201005.2313/math-symbols-pkg.el
  math-symbols-20201005.2313/math-symbols.el
  math-symbols-20201005.2313/unimathsymbols.txt
Built math-symbols in 3.683s, finished at 2021-07-21T23:51:27+0000
 ✓ Success:
4.0K -rw-r--r-- 1 root root  399 Jul 21 23:51 packages/math-symbols-20201005.2313.entry
260K -rw-r--r-- 1 root root 260K Jul 21 23:51 packages/math-symbols-20201005.2313.tar
4.0K -rw-r--r-- 1 root root 1.2K Jul 21 23:51 packages/math-symbols-badge.svg
4.0K -rw-r--r-- 1 root root 2.6K Jul 21 23:51 packages/math-symbols-readme.txt
