
 • Building package meow
From https://github.com/meow-edit/meow
Updating /mnt/store/melpa/working/meow/
Checking out 8aebed9f8cd8d865501b780e63acbeef55da231b
Copying files (->) and directories (=>)
  from /mnt/store/melpa/working/meow/
  to /tmp/meow-a6bUxj/meow-20260915.2338/
    meow-beacon.el -> meow-beacon.el
    meow-cheatsheet-layout.el -> meow-cheatsheet-layout.el
    meow-cheatsheet.el -> meow-cheatsheet.el
    meow-command.el -> meow-command.el
    meow-core.el -> meow-core.el
    meow-esc.el -> meow-esc.el
    meow-face.el -> meow-face.el
    meow-helpers.el -> meow-helpers.el
    meow-keymap.el -> meow-keymap.el
    meow-keypad.el -> meow-keypad.el
    meow-shims.el -> meow-shims.el
    meow-thing.el -> meow-thing.el
    meow-tutor.el -> meow-tutor.el
    meow-util.el -> meow-util.el
    meow-var.el -> meow-var.el
    meow-visual.el -> meow-visual.el
    meow.el -> meow.el
Created meow-20260915.2338.tar containing:
  meow-20260915.2338/
  meow-20260915.2338/meow-beacon.el
  meow-20260915.2338/meow-cheatsheet-layout.el
  meow-20260915.2338/meow-cheatsheet.el
  meow-20260915.2338/meow-command.el
  meow-20260915.2338/meow-core.el
  meow-20260915.2338/meow-esc.el
  meow-20260915.2338/meow-face.el
  meow-20260915.2338/meow-helpers.el
  meow-20260915.2338/meow-keymap.el
  meow-20260915.2338/meow-keypad.el
  meow-20260915.2338/meow-pkg.el
  meow-20260915.2338/meow-shims.el
  meow-20260915.2338/meow-thing.el
  meow-20260915.2338/meow-tutor.el
  meow-20260915.2338/meow-util.el
  meow-20260915.2338/meow-var.el
  meow-20260915.2338/meow-visual.el
  meow-20260915.2338/meow.el
Built meow in 5.154s, finished at 2026-09-22T22:08:22+0000
