Package: mint-mode
Fetcher: github
Source:  https://github.com/creatorrr/emacs-mint-mode.git

Updating /mnt/store/melpa/working/mint-mode/
Checking out 7bb0f9946f5833eada199e880fdc4efa6df09e0b
Copying files (->) and directories (=>)
  from /mnt/store/melpa/working/mint-mode/
  to /tmp/mint-modeu9NYGQ/mint-mode-20221031.411
    mint-mode.el -> mint-mode.el
    tokens => tokens
Created mint-mode-20221031.411.tar containing:
  mint-mode-20221031.411/
  mint-mode-20221031.411/mint-mode-pkg.el
  mint-mode-20221031.411/mint-mode.el
  mint-mode-20221031.411/tokens/
  mint-mode-20221031.411/tokens/html/
  mint-mode-20221031.411/tokens/html/tags.txt
  mint-mode-20221031.411/tokens/lang/
  mint-mode-20221031.411/tokens/lang/blocks.txt
  mint-mode-20221031.411/tokens/lang/compound-types.txt
  mint-mode-20221031.411/tokens/lang/declarators.txt
  mint-mode-20221031.411/tokens/lang/initializers.txt
  mint-mode-20221031.411/tokens/lang/keywords.txt
  mint-mode-20221031.411/tokens/lang/literal-types.txt
  mint-mode-20221031.411/tokens/lang/operators.txt
  mint-mode-20221031.411/tokens/lang/specifiers.txt
  mint-mode-20221031.411/tokens/style/
  mint-mode-20221031.411/tokens/style/colors.txt
  mint-mode-20221031.411/tokens/style/properties.txt
  mint-mode-20221031.411/tokens/style/units.txt
Built mint-mode in 4.072s, finished at 2023-05-15T17:24:00+0000
 ✓ Success:
4.0K -rw-r--r-- 1 root root 494 May 15 17:23 packages/mint-mode-20221031.411.entry
 40K -rw-r--r-- 1 root root 40K May 15 17:23 packages/mint-mode-20221031.411.tar
