
 • Building package mistty
From https://github.com/szermatt/mistty
Updating /mnt/store/melpa/working/mistty/
Checking out b95846865a067cafef9e894debb54fe38300b53d
Copying files (->) and directories (=>)
  from /mnt/store/melpa/working/mistty/
  to /tmp/mistty-ciM6In/mistty-20261003.912/
    mistty-accum-macros.el -> mistty-accum-macros.el
    mistty-accum.el -> mistty-accum.el
    mistty-alacritty.el -> mistty-alacritty.el
    mistty-changeset.el -> mistty-changeset.el
    mistty-install.el -> mistty-install.el
    mistty-kbd.el -> mistty-kbd.el
    mistty-launch.el -> mistty-launch.el
    mistty-log.el -> mistty-log.el
    mistty-osc-colors.el -> mistty-osc-colors.el
    mistty-osc7.el -> mistty-osc7.el
    mistty-project.el -> mistty-project.el
    mistty-queue.el -> mistty-queue.el
    mistty-scrolline.el -> mistty-scrolline.el
    mistty-term-alacritty.el -> mistty-term-alacritty.el
    mistty-term-base.el -> mistty-term-base.el
    mistty-term-eterm.el -> mistty-term-eterm.el
    mistty-term.el -> mistty-term.el
    mistty-undo.el -> mistty-undo.el
    mistty-util.el -> mistty-util.el
    mistty.el -> mistty.el
    mistty.texi -> mistty.texi
Generating mistty.info
Created mistty-20261003.912.tar containing:
  mistty-20261003.912/
  mistty-20261003.912/dir
  mistty-20261003.912/mistty-accum-macros.el
  mistty-20261003.912/mistty-accum.el
  mistty-20261003.912/mistty-alacritty.el
  mistty-20261003.912/mistty-changeset.el
  mistty-20261003.912/mistty-install.el
  mistty-20261003.912/mistty-kbd.el
  mistty-20261003.912/mistty-launch.el
  mistty-20261003.912/mistty-log.el
  mistty-20261003.912/mistty-osc-colors.el
  mistty-20261003.912/mistty-osc7.el
  mistty-20261003.912/mistty-pkg.el
  mistty-20261003.912/mistty-project.el
  mistty-20261003.912/mistty-queue.el
  mistty-20261003.912/mistty-scrolline.el
  mistty-20261003.912/mistty-term-alacritty.el
  mistty-20261003.912/mistty-term-base.el
  mistty-20261003.912/mistty-term-eterm.el
  mistty-20261003.912/mistty-term.el
  mistty-20261003.912/mistty-undo.el
  mistty-20261003.912/mistty-util.el
  mistty-20261003.912/mistty.el
  mistty-20261003.912/mistty.info
Built mistty in 15.389s, finished at 2026-10-03T12:41:53+0000
