Package: monitor
Fetcher: github
Source:  https://github.com/GuiltyDolphin/monitor.git

Updating /mnt/store/melpa/working/monitor/
Copying files (->) and directories (=>)
  from /mnt/store/melpa/working/monitor/
  to /tmp/monitorsL4L9O/monitor-20161018.1144
    monitor.el -> monitor.el
  ! doc/fdl-1.3.texi -> fdl-1.3.texi
  ! doc/monitor.texi -> monitor.texi
Created /tmp/monitorsL4L9O/monitor-20161018.1144/fdl-1.3.info
Created /tmp/monitorsL4L9O/monitor-20161018.1144/monitor.info
Created monitor-20161018.1144.tar containing:
  monitor-20161018.1144/
  monitor-20161018.1144/dir
  monitor-20161018.1144/fdl-1.3.info
  monitor-20161018.1144/monitor-pkg.el
  monitor-20161018.1144/monitor.el
  monitor-20161018.1144/monitor.info
Built monitor in 30.499s, finished at Sun Feb 14 04:18:04 2021
 ✓ Success:
4.0K -rw-r--r-- 1 root root  388 Feb 14 04:18 packages/monitor-20161018.1144.entry
 92K -rw-r--r-- 1 root root  90K Feb 14 04:18 packages/monitor-20161018.1144.tar
4.0K -rw-r--r-- 1 root root 1.2K Feb 14 04:18 packages/monitor-badge.svg
4.0K -rw-r--r-- 1 root root  634 Feb 14 04:18 packages/monitor-readme.txt
