Package: msvc
Fetcher: github
Source:  https://github.com/yaruopooner/msvc.git

Updating /mnt/store/melpa/working/msvc/
Copying files (->) and directories (=>)
  from /mnt/store/melpa/working/msvc/
  to /tmp/msvcP3kGRK/msvc-20210503.1856
    msvc-env.el -> msvc-env.el
    msvc-flags.el -> msvc-flags.el
    msvc.el -> msvc.el
    empty.cpp -> empty.cpp
    invoke-msbuild.bat -> invoke-msbuild.bat
    msvc-extractor.cflags.vcxproj -> msvc-extractor.cflags.vcxproj
    msvc-extractor.flymake.vcxproj -> msvc-extractor.flymake.vcxproj
Created msvc-20210503.1856.tar containing:
  msvc-20210503.1856/
  msvc-20210503.1856/empty.cpp
  msvc-20210503.1856/invoke-msbuild.bat
  msvc-20210503.1856/msvc-env.el
  msvc-20210503.1856/msvc-extractor.cflags.vcxproj
  msvc-20210503.1856/msvc-extractor.flymake.vcxproj
  msvc-20210503.1856/msvc-flags.el
  msvc-20210503.1856/msvc-pkg.el
  msvc-20210503.1856/msvc.el
Built msvc in 4.441s, finished at Wed Jun 16 12:04:29 2021
 ✓ Success:
4.0K -rw-r--r-- 1 root root  467 Jun 16 12:04 packages/msvc-20210503.1856.entry
152K -rw-r--r-- 1 root root 150K Jun 16 12:04 packages/msvc-20210503.1856.tar
4.0K -rw-r--r-- 1 root root 1.2K Jun 16 12:04 packages/msvc-badge.svg
 12K -rw-r--r-- 1 root root 8.3K Jun 16 12:04 packages/msvc-readme.txt
