Package: mtg-deck-mode
Fetcher: github
Source:  https://github.com/mattiasb/mtg-deck-mode.git

Updating /mnt/store/melpa/working/mtg-deck-mode/
Copying files (->) and directories (=>)
  from /mnt/store/melpa/working/mtg-deck-mode/
  to /tmp/mtg-deck-modeIlMKCp/mtg-deck-mode-20170416.2318
    mtg-deck-mode.el -> mtg-deck-mode.el
    formats => formats
Created mtg-deck-mode-20170416.2318.tar containing:
  mtg-deck-mode-20170416.2318/
  mtg-deck-mode-20170416.2318/formats/
  mtg-deck-mode-20170416.2318/formats/all.cards
  mtg-deck-mode-20170416.2318/formats/all.names
  mtg-deck-mode-20170416.2318/formats/legacy.names
  mtg-deck-mode-20170416.2318/formats/modern.names
  mtg-deck-mode-20170416.2318/formats/standard.names
  mtg-deck-mode-20170416.2318/formats/vintage.names
  mtg-deck-mode-20170416.2318/mtg-deck-mode-pkg.el
  mtg-deck-mode-20170416.2318/mtg-deck-mode.el
Built mtg-deck-mode in 4.839s, finished at Wed Jul  7 09:02:46 2021
 ✓ Success:
4.0K -rw-r--r-- 1 root root  402 Jul  7 09:02 packages/mtg-deck-mode-20170416.2318.entry
4.1M -rw-r--r-- 1 root root 4.1M Jul  7 09:02 packages/mtg-deck-mode-20170416.2318.tar
4.0K -rw-r--r-- 1 root root 1.2K Jul  7 09:02 packages/mtg-deck-mode-badge.svg
   0 -rw-r--r-- 1 root root    0 Jul  7 09:02 packages/mtg-deck-mode-readme.txt
