Package: nroam
Fetcher: github
Source:  https://github.com/NicolasPetton/nroam.git

Updating /mnt/store/melpa/working/nroam/
Copying files (->) and directories (=>)
  from /mnt/store/melpa/working/nroam/
  to /tmp/nroam84182g/nroam-20210306.2301
    nroam-backlinks.el -> nroam-backlinks.el
    nroam-unlinked.el -> nroam-unlinked.el
    nroam-utils.el -> nroam-utils.el
    nroam.el -> nroam.el
Created nroam-20210306.2301.tar containing:
  nroam-20210306.2301/
  nroam-20210306.2301/nroam-backlinks.el
  nroam-20210306.2301/nroam-pkg.el
  nroam-20210306.2301/nroam-unlinked.el
  nroam-20210306.2301/nroam-utils.el
  nroam-20210306.2301/nroam.el
Built nroam in 3.927s, finished at Wed Jul  7 09:04:59 2021
 ✓ Success:
4.0K -rw-r--r-- 1 root root  391 Jul  7 09:04 packages/nroam-20210306.2301.entry
 32K -rw-r--r-- 1 root root  30K Jul  7 09:04 packages/nroam-20210306.2301.tar
4.0K -rw-r--r-- 1 root root 1.2K Jul  7 09:04 packages/nroam-badge.svg
4.0K -rw-r--r-- 1 root root  283 Jul  7 09:04 packages/nroam-readme.txt
