 • Building package oai (from github:Anoncheg1/emacs-oai)...
Updating /mnt/store/melpa/working/oai/
Checking out f836c2c38c096a41bf622c21b140b8a2969bfd24
Copying files (->) and directories (=>)
  from /mnt/store/melpa/working/oai/
  to /tmp/oaiCxbBTC/oai-20260111.1833
    oai-async1.el -> oai-async1.el
    oai-block-tags.el -> oai-block-tags.el
    oai-block.el -> oai-block.el
    oai-debug.el -> oai-debug.el
    oai-optional.el -> oai-optional.el
    oai-prompt.el -> oai-prompt.el
    oai-restapi.el -> oai-restapi.el
    oai-timers.el -> oai-timers.el
    oai.el -> oai.el
Created oai-20260111.1833.tar containing:
  oai-20260111.1833/
  oai-20260111.1833/oai-async1.el
  oai-20260111.1833/oai-block-tags.el
  oai-20260111.1833/oai-block.el
  oai-20260111.1833/oai-debug.el
  oai-20260111.1833/oai-optional.el
  oai-20260111.1833/oai-pkg.el
  oai-20260111.1833/oai-prompt.el
  oai-20260111.1833/oai-restapi.el
  oai-20260111.1833/oai-timers.el
  oai-20260111.1833/oai.el
 ✓ Success:
  2026-01-11T17:34:05+0000  oai-20260110.723.entry
  2026-01-11T17:34:05+0000  oai-20260110.723.tar
  2026-01-11T19:54:11+0000  oai-20260111.1833.entry
  2026-01-11T19:54:11+0000  oai-20260111.1833.tar
Built oai in 3.283s, finished at 2026-01-11T19:54:12+0000
