Package: oauth
Fetcher: github
Source:  https://github.com/psanford/emacs-oauth.git

Updating /mnt/store/melpa/working/oauth/
Copying files (->) and directories (=>)
  from /mnt/store/melpa/working/oauth/
  to /tmp/oauth6G6ZTi/oauth-20130128.151
    hmac-sha1.el -> hmac-sha1.el
    oauth.el -> oauth.el
Created oauth-20130128.151.tar containing:
  oauth-20130128.151/
  oauth-20130128.151/hmac-sha1.el
  oauth-20130128.151/oauth-pkg.el
  oauth-20130128.151/oauth.el
Built oauth in 3.972s, finished at Sun Feb 21 03:27:04 2021
 ✓ Success:
4.0K -rw-r--r-- 1 root root  269 Feb 21 03:27 packages/oauth-20130128.151.entry
 32K -rw-r--r-- 1 root root  30K Feb 21 03:27 packages/oauth-20130128.151.tar
4.0K -rw-r--r-- 1 root root 1.2K Feb 21 03:27 packages/oauth-badge.svg
4.0K -rw-r--r-- 1 root root 2.1K Feb 21 03:27 packages/oauth-readme.txt
