Package: ob-ffuf
Fetcher: github
Source:  https://github.com/daniel-ts/ob-ffuf.git

Updating /mnt/store/melpa/working/ob-ffuf/
Checking out origin/HEAD
Checking out 5310a3e766a252ac34f8cb2307c4e48e982f5611
Copying files (->) and directories (=>)
  from /mnt/store/melpa/working/ob-ffuf/
  to /tmp/ob-ffufwKzKor/ob-ffuf-20221004.1715
    ob-ffuf-helpers.el -> ob-ffuf-helpers.el
    ob-ffuf-mode.el -> ob-ffuf-mode.el
    ob-ffuf.el -> ob-ffuf.el
Created ob-ffuf-20221004.1715.tar containing:
  ob-ffuf-20221004.1715/
  ob-ffuf-20221004.1715/ob-ffuf-helpers.el
  ob-ffuf-20221004.1715/ob-ffuf-mode.el
  ob-ffuf-20221004.1715/ob-ffuf-pkg.el
  ob-ffuf-20221004.1715/ob-ffuf.el
Built ob-ffuf in 3.650s, finished at 2022-12-01T10:16:46+0000
 ✓ Success:
4.0K -rw-r--r-- 1 root root 346 Dec  1 10:16 packages/ob-ffuf-20221004.1715.entry
 20K -rw-r--r-- 1 root root 20K Dec  1 10:16 packages/ob-ffuf-20221004.1715.tar
