Package: org-octopress
Fetcher: github
Source:  https://github.com/yoshinari-nomura/org-octopress.git

Updating /mnt/store/melpa/working/org-octopress/
Note: org-octopress :files spec is equivalent to the default.
Copying files (->) and directories (=>)
  from /mnt/store/melpa/working/org-octopress/
  to /tmp/org-octopress9d5D3g/org-octopress-20170821.415
    org-octopress.el -> org-octopress.el
    ox-jekyll.el -> ox-jekyll.el
Created org-octopress-20170821.415.tar containing:
  org-octopress-20170821.415/
  org-octopress-20170821.415/org-octopress-pkg.el
  org-octopress-20170821.415/org-octopress.el
  org-octopress-20170821.415/ox-jekyll.el
Built org-octopress in 2.977s, finished at Wed Mar 31 07:10:27 2021
 ✓ Success:
4.0K -rw-r--r-- 1 root root  387 Mar 31 07:10 packages/org-octopress-20170821.415.entry
 32K -rw-r--r-- 1 root root  30K Mar 31 07:10 packages/org-octopress-20170821.415.tar
4.0K -rw-r--r-- 1 root root 1.2K Mar 31 07:10 packages/org-octopress-badge.svg
4.0K -rw-r--r-- 1 root root  489 Mar 31 07:10 packages/org-octopress-readme.txt
