Package: org-treescope
Fetcher: gitlab
Source:  https://gitlab.com/mtekman/org-treescope.el.git

Updating /mnt/store/melpa/working/org-treescope/
Checking out a7c386ff134c71fd4f1f042e320751f077d57ddb
Copying files (->) and directories (=>)
  from /mnt/store/melpa/working/org-treescope/
  to /tmp/org-treescopeYNY0Z3/org-treescope-20200503.1609
    org-treescope-calendarranges.el -> org-treescope-calendarranges.el
    org-treescope-cyclestates.el -> org-treescope-cyclestates.el
    org-treescope-datehelper.el -> org-treescope-datehelper.el
    org-treescope-faces.el -> org-treescope-faces.el
    org-treescope-modehelper.el -> org-treescope-modehelper.el
    org-treescope-query.el -> org-treescope-query.el
    org-treescope.el -> org-treescope.el
Created org-treescope-20200503.1609.tar containing:
  org-treescope-20200503.1609/
  org-treescope-20200503.1609/org-treescope-calendarranges.el
  org-treescope-20200503.1609/org-treescope-cyclestates.el
  org-treescope-20200503.1609/org-treescope-datehelper.el
  org-treescope-20200503.1609/org-treescope-faces.el
  org-treescope-20200503.1609/org-treescope-modehelper.el
  org-treescope-20200503.1609/org-treescope-pkg.el
  org-treescope-20200503.1609/org-treescope-query.el
  org-treescope-20200503.1609/org-treescope.el
Built org-treescope in 4.045s, finished at 2023-01-01T23:16:28+0000
 ✓ Success:
4.0K -rw-r--r-- 1 root root 393 Jan  1 23:16 packages/org-treescope-20200503.1609.entry
 40K -rw-r--r-- 1 root root 40K Jan  1 23:16 packages/org-treescope-20200503.1609.tar
