Package: org-analyzer
Fetcher: github
Source:  https://github.com/rksm/clj-org-analyzer.git

Updating /mnt/store/melpa/working/org-analyzer/
Copying files (->) and directories (=>)
  from /mnt/store/melpa/working/org-analyzer/
  to /tmp/org-analyzerdhnTt3/org-analyzer-20191001.1717
  ! org-analyzer-el/org-analyzer.jar -> org-analyzer.jar
  ! org-analyzer-el/org-analyzer-pkg.el -> org-analyzer-pkg.el
  ! org-analyzer-el/org-analyzer.el -> org-analyzer.el
Created org-analyzer-20191001.1717.tar containing:
  org-analyzer-20191001.1717/
  org-analyzer-20191001.1717/org-analyzer-pkg.el
  org-analyzer-20191001.1717/org-analyzer.el
  org-analyzer-20191001.1717/org-analyzer.jar
Built org-analyzer in 3.945s, finished at Mon Jan 11 18:03:27 2021
 ✓ Success:
4.0K -rw-r--r-- 1 root root  376 Jan 11 18:03 packages/org-analyzer-20191001.1717.entry
 14M -rw-r--r-- 1 root root  14M Jan 11 18:03 packages/org-analyzer-20191001.1717.tar
4.0K -rw-r--r-- 1 root root 1.2K Jan 11 18:03 packages/org-analyzer-badge.svg
4.0K -rw-r--r-- 1 root root  503 Jan 11 18:03 packages/org-analyzer-readme.txt
