Package: org-evil
Fetcher: github
Source:  https://github.com/GuiltyDolphin/org-evil.git

Updating /mnt/store/melpa/working/org-evil/
Copying files (->) and directories (=>)
  from /mnt/store/melpa/working/org-evil/
  to /tmp/org-evilij1H74/org-evil-20180620.1517
    org-evil-commands.el -> org-evil-commands.el
    org-evil-core.el -> org-evil-core.el
    org-evil-list.el -> org-evil-list.el
    org-evil-motion.el -> org-evil-motion.el
    org-evil-table.el -> org-evil-table.el
    org-evil.el -> org-evil.el
Created org-evil-20180620.1517.tar containing:
  org-evil-20180620.1517/
  org-evil-20180620.1517/org-evil-commands.el
  org-evil-20180620.1517/org-evil-core.el
  org-evil-20180620.1517/org-evil-list.el
  org-evil-20180620.1517/org-evil-motion.el
  org-evil-20180620.1517/org-evil-pkg.el
  org-evil-20180620.1517/org-evil-table.el
  org-evil-20180620.1517/org-evil.el
Built org-evil in 3.177s, finished at Wed Mar  3 03:21:23 2021
 ✓ Success:
4.0K -rw-r--r-- 1 root root  455 Mar  3 03:21 packages/org-evil-20180620.1517.entry
 40K -rw-r--r-- 1 root root  40K Mar  3 03:21 packages/org-evil-20180620.1517.tar
4.0K -rw-r--r-- 1 root root 1.2K Mar  3 03:21 packages/org-evil-badge.svg
4.0K -rw-r--r-- 1 root root  445 Mar  3 03:21 packages/org-evil-readme.txt
