Package: orgit
Fetcher: github
Source:  https://github.com/magit/orgit.git

Updating /mnt/store/melpa/working/orgit/
Checking out origin/HEAD
Checking out 79ed3337ab0ca3d5018732dcdabfbf700c4822d9
Built orgit in 6.998s, finished at 2022-04-23T00:08:31+0000
 ✓ Success:
 20K -rw-r--r-- 1 root root  19K Apr 22 19:53 packages/orgit-20220402.1629.el
4.0K -rw-r--r-- 1 root root  355 Apr 22 19:53 packages/orgit-20220402.1629.entry
 20K -rw-r--r-- 1 root root  19K Apr 23 00:08 packages/orgit-20220422.1624.el
4.0K -rw-r--r-- 1 root root  412 Apr 23 00:08 packages/orgit-20220422.1624.entry
4.0K -rw-r--r-- 1 root root 1.2K Apr 23 00:08 packages/orgit-badge.svg
4.0K -rw-r--r-- 1 root root 3.8K Apr 22 19:53 packages/orgit-forge-20220402.1632.el
4.0K -rw-r--r-- 1 root root  452 Apr 22 19:53 packages/orgit-forge-20220402.1632.entry
4.0K -rw-r--r-- 1 root root 3.8K Apr 23 00:08 packages/orgit-forge-20220422.1625.el
4.0K -rw-r--r-- 1 root root 1.2K Apr 22 19:53 packages/orgit-forge-badge.svg
4.0K -rw-r--r-- 1 root root  103 Apr 22 19:53 packages/orgit-forge-readme.txt
4.0K -rw-r--r-- 1 root root  214 Apr 23 00:08 packages/orgit-forge.log
4.0K -rw-r--r-- 1 root root 2.3K Apr 23 00:08 packages/orgit-readme.txt
