Package: pandoc-mode
Fetcher: github
Source:  https://github.com/joostkremers/pandoc-mode.git

Updating /mnt/store/melpa/working/pandoc-mode/
Checking out origin/HEAD
Checking out 8f955abec9c1d75acd9b03389b90a276ec4e2137
Copying files (->) and directories (=>)
  from /mnt/store/melpa/working/pandoc-mode/
  to /tmp/pandoc-modeABJWsS/pandoc-mode-20221128.2034
    pandoc-mode-utils.el -> pandoc-mode-utils.el
    pandoc-mode.el -> pandoc-mode.el
    pandoc-mode.info -> pandoc-mode.info
Created pandoc-mode-20221128.2034.tar containing:
  pandoc-mode-20221128.2034/
  pandoc-mode-20221128.2034/dir
  pandoc-mode-20221128.2034/pandoc-mode-pkg.el
  pandoc-mode-20221128.2034/pandoc-mode-utils.el
  pandoc-mode-20221128.2034/pandoc-mode.el
  pandoc-mode-20221128.2034/pandoc-mode.info
Built pandoc-mode in 5.722s, finished at 2022-12-09T11:27:10+0000
 ✓ Success:
4.0K -rw-r--r-- 1 root root  443 Dec  9 11:27 packages/pandoc-mode-20221128.2034.entry
192K -rw-r--r-- 1 root root 190K Dec  9 11:27 packages/pandoc-mode-20221128.2034.tar
