Package: parinfer
Fetcher: github
Source:  https://github.com/DogLooksGood/parinfer-mode.git

Updating /mnt/store/melpa/working/parinfer/
Copying files (->) and directories (=>)
  from /mnt/store/melpa/working/parinfer/
  to /tmp/parinfer4F5fj6/parinfer-20201021.254
    parinfer-ext.el -> parinfer-ext.el
    parinfer.el -> parinfer.el
    parinferlib.el -> parinferlib.el
Created parinfer-20201021.254.tar containing:
  parinfer-20201021.254/
  parinfer-20201021.254/parinfer-ext.el
  parinfer-20201021.254/parinfer-pkg.el
  parinfer-20201021.254/parinfer.el
  parinfer-20201021.254/parinferlib.el
Built parinfer in 3.629s, finished at Tue Feb 16 02:25:55 2021
 ✓ Success:
4.0K -rw-r--r-- 1 root root  340 Feb 16 02:25 packages/parinfer-20201021.254.entry
112K -rw-r--r-- 1 root root 110K Feb 16 02:25 packages/parinfer-20201021.254.tar
4.0K -rw-r--r-- 1 root root 1.2K Feb 16 02:25 packages/parinfer-badge.svg
4.0K -rw-r--r-- 1 root root  520 Feb 16 02:25 packages/parinfer-readme.txt
4.0K -rw-r--r-- 1 root root  447 Feb 15 23:27 packages/parinfer-rust-mode-20201124.616.entry
 52K -rw-r--r-- 1 root root  50K Feb 15 23:27 packages/parinfer-rust-mode-20201124.616.tar
4.0K -rw-r--r-- 1 root root 1.2K Feb 15 23:27 packages/parinfer-rust-mode-badge.svg
4.0K -rw-r--r-- 1 root root 2.1K Feb 15 23:27 packages/parinfer-rust-mode-readme.txt
4.0K -rw-r--r-- 1 root root  164 Feb 16 02:25 packages/parinfer-rust-mode.log
