
 • Building package parseclj
From https://github.com/clojure-emacs/parseclj
Updating /mnt/store/melpa/working/parseclj/
Checking out 99771739844cc567db6836649cfc7068c5741a4f
Copying files (->) and directories (=>)
  from /mnt/store/melpa/working/parseclj/
  to /tmp/parseclj-PkdEHI/parseclj-20261002.1230/
    parseclj-alist.el -> parseclj-alist.el
    parseclj-ast.el -> parseclj-ast.el
    parseclj-lex.el -> parseclj-lex.el
    parseclj-parser.el -> parseclj-parser.el
    parseclj.el -> parseclj.el
Created parseclj-20261002.1230.tar containing:
  parseclj-20261002.1230/
  parseclj-20261002.1230/parseclj-alist.el
  parseclj-20261002.1230/parseclj-ast.el
  parseclj-20261002.1230/parseclj-lex.el
  parseclj-20261002.1230/parseclj-parser.el
  parseclj-20261002.1230/parseclj-pkg.el
  parseclj-20261002.1230/parseclj.el
Built parseclj in 3.140s, finished at 2026-10-10T19:06:19+0000
