Package: parse-it
Fetcher: github
Source:  https://github.com/jcs-elpa/parse-it.git

Updating /mnt/store/melpa/working/parse-it/
Copying files (->) and directories (=>)
  from /mnt/store/melpa/working/parse-it/
  to /tmp/parse-it56d0mh/parse-it-20210222.1623
    parse-it-ast.el -> parse-it-ast.el
    parse-it-lex.el -> parse-it-lex.el
    parse-it-util.el -> parse-it-util.el
    parse-it.el -> parse-it.el
Created parse-it-20210222.1623.tar containing:
  parse-it-20210222.1623/
  parse-it-20210222.1623/parse-it-ast.el
  parse-it-20210222.1623/parse-it-lex.el
  parse-it-20210222.1623/parse-it-pkg.el
  parse-it-20210222.1623/parse-it-util.el
  parse-it-20210222.1623/parse-it.el
Built parse-it in 5.244s, finished at Mon Feb 22 17:51:44 2021
 ✓ Success:
4.0K -rw-r--r-- 1 root root  363 Feb 22 14:15 packages/parse-it-20210128.1345.entry
132K -rw-r--r-- 1 root root 130K Feb 22 14:15 packages/parse-it-20210128.1345.tar
4.0K -rw-r--r-- 1 root root  363 Feb 22 17:51 packages/parse-it-20210222.1623.entry
 32K -rw-r--r-- 1 root root  30K Feb 22 17:51 packages/parse-it-20210222.1623.tar
4.0K -rw-r--r-- 1 root root 1.2K Feb 22 17:51 packages/parse-it-badge.svg
4.0K -rw-r--r-- 1 root root   29 Feb 22 17:51 packages/parse-it-readme.txt
