Package: persistent-overlays
Fetcher: github
Source:  https://github.com/mneilly/Emacs-Persistent-Overlays.git

Updating /mnt/store/melpa/working/persistent-overlays/
Copying files (->) and directories (=>)
  from /mnt/store/melpa/working/persistent-overlays/
  to /tmp/persistent-overlaysH6iOsl/persistent-overlays-20161128.700
    persistent-overlays.el -> persistent-overlays.el
    README.md -> README.md
    LICENSE -> LICENSE
Created persistent-overlays-20161128.700.tar containing:
  persistent-overlays-20161128.700/
  persistent-overlays-20161128.700/LICENSE
  persistent-overlays-20161128.700/README.md
  persistent-overlays-20161128.700/persistent-overlays-pkg.el
  persistent-overlays-20161128.700/persistent-overlays.el
Built persistent-overlays in 7.957s, finished at Fri Jun 25 17:24:42 2021
 ✓ Success:
4.0K -rw-r--r-- 1 root root  432 Jun 25 17:24 packages/persistent-overlays-20161128.700.entry
 72K -rw-r--r-- 1 root root  70K Jun 25 17:24 packages/persistent-overlays-20161128.700.tar
4.0K -rw-r--r-- 1 root root 1.2K Jun 25 17:24 packages/persistent-overlays-badge.svg
4.0K -rw-r--r-- 1 root root 1.5K Jun 25 17:24 packages/persistent-overlays-readme.txt
