Package: php-auto-yasnippets
Fetcher: github
Source:  https://github.com/emacs-php/php-auto-yasnippets.git

Updating /mnt/store/melpa/working/php-auto-yasnippets/
Copying files (->) and directories (=>)
  from /mnt/store/melpa/working/php-auto-yasnippets/
  to /tmp/php-auto-yasnippetsp4P48b/php-auto-yasnippets-20170331.114
    php-auto-yasnippets.el -> php-auto-yasnippets.el
    Create-PHP-YASnippet.php -> Create-PHP-YASnippet.php
Created php-auto-yasnippets-20170331.114.tar containing:
  php-auto-yasnippets-20170331.114/
  php-auto-yasnippets-20170331.114/Create-PHP-YASnippet.php
  php-auto-yasnippets-20170331.114/php-auto-yasnippets-pkg.el
  php-auto-yasnippets-20170331.114/php-auto-yasnippets.el
Built php-auto-yasnippets in 3.511s, finished at Thu Jan 28 06:40:54 2021
 ✓ Success:
4.0K -rw-r--r-- 1 root root  389 Jan 28 06:40 packages/php-auto-yasnippets-20170331.114.entry
 32K -rw-r--r-- 1 root root  30K Jan 28 06:40 packages/php-auto-yasnippets-20170331.114.tar
4.0K -rw-r--r-- 1 root root 1.2K Jan 28 06:40 packages/php-auto-yasnippets-badge.svg
4.0K -rw-r--r-- 1 root root 1.9K Jan 28 06:40 packages/php-auto-yasnippets-readme.txt
