Package: pig-snippets
Fetcher: github
Source:  https://github.com/motus/pig-mode.git

Updating /mnt/store/melpa/working/pig-snippets/
Copying files (->) and directories (=>)
  from /mnt/store/melpa/working/pig-snippets/
  to /tmp/pig-snippetsYOPiIk/pig-snippets-20130913.624
    pig-snippets-pkg.el -> pig-snippets-pkg.el
    pig-snippets.el -> pig-snippets.el
    snippets => snippets
Created pig-snippets-20130913.624.tar containing:
  pig-snippets-20130913.624/
  pig-snippets-20130913.624/pig-snippets-pkg.el
  pig-snippets-20130913.624/pig-snippets.el
  pig-snippets-20130913.624/snippets/
  pig-snippets-20130913.624/snippets/pig-mode/
  pig-snippets-20130913.624/snippets/pig-mode/COGROUP
  pig-snippets-20130913.624/snippets/pig-mode/CROSS
  pig-snippets-20130913.624/snippets/pig-mode/DISTINCT
  pig-snippets-20130913.624/snippets/pig-mode/FILTER
  pig-snippets-20130913.624/snippets/pig-mode/FOREACH
  pig-snippets-20130913.624/snippets/pig-mode/GROUP
  pig-snippets-20130913.624/snippets/pig-mode/IMPORT
  pig-snippets-20130913.624/snippets/pig-mode/JOIN
  pig-snippets-20130913.624/snippets/pig-mode/LIMIT
  pig-snippets-20130913.624/snippets/pig-mode/LOAD
  pig-snippets-20130913.624/snippets/pig-mode/REGISTER
  pig-snippets-20130913.624/snippets/pig-mode/SAMPLE
  pig-snippets-20130913.624/snippets/pig-mode/STORE
  pig-snippets-20130913.624/snippets/pig-mode/STREAM
  pig-snippets-20130913.624/snippets/pig-mode/UNION
Built pig-snippets in 3.717s, finished at 2021-07-14T01:01:57+0000
 ✓ Success:
4.0K -rw-r--r-- 1 root root  357 Jul 14 01:01 packages/pig-snippets-20130913.624.entry
 32K -rw-r--r-- 1 root root  30K Jul 14 01:01 packages/pig-snippets-20130913.624.tar
4.0K -rw-r--r-- 1 root root 1.2K Jul 14 01:01 packages/pig-snippets-badge.svg
