
 • Building package pimacs
From https://github.com/ananthakumaran/pimacs.el
Updating /mnt/store/melpa/working/pimacs/
Checking out 0514149cf6cefcf8e1227ef8d20fc6c1d041e722
Copying files (->) and directories (=>)
  from /mnt/store/melpa/working/pimacs/
  to /tmp/pimacs-xBfhtv/pimacs-20261001.227/
    pimacs-agent.el -> pimacs-agent.el
    pimacs-chat.el -> pimacs-chat.el
    pimacs-core.el -> pimacs-core.el
    pimacs-doctor.el -> pimacs-doctor.el
    pimacs-edit.el -> pimacs-edit.el
    pimacs-markdown-table.el -> pimacs-markdown-table.el
    pimacs-markdown.el -> pimacs-markdown.el
    pimacs-search.el -> pimacs-search.el
    pimacs-section.el -> pimacs-section.el
    pimacs-session.el -> pimacs-session.el
    pimacs-state-line.el -> pimacs-state-line.el
    pimacs-ui.el -> pimacs-ui.el
    pimacs-utils.el -> pimacs-utils.el
    pimacs.el -> pimacs.el
    pimacs.info -> pimacs.info
    pimacs.texi -> pimacs.texi
Generating pimacs.info
Created pimacs-20261001.227.tar containing:
  pimacs-20261001.227/
  pimacs-20261001.227/dir
  pimacs-20261001.227/pimacs-agent.el
  pimacs-20261001.227/pimacs-chat.el
  pimacs-20261001.227/pimacs-core.el
  pimacs-20261001.227/pimacs-doctor.el
  pimacs-20261001.227/pimacs-edit.el
  pimacs-20261001.227/pimacs-markdown-table.el
  pimacs-20261001.227/pimacs-markdown.el
  pimacs-20261001.227/pimacs-pkg.el
  pimacs-20261001.227/pimacs-search.el
  pimacs-20261001.227/pimacs-section.el
  pimacs-20261001.227/pimacs-session.el
  pimacs-20261001.227/pimacs-state-line.el
  pimacs-20261001.227/pimacs-ui.el
  pimacs-20261001.227/pimacs-utils.el
  pimacs-20261001.227/pimacs.el
  pimacs-20261001.227/pimacs.info
Built pimacs in 10.929s, finished at 2026-10-01T02:47:37+0000
