Package: poly-ansible
Fetcher: gitlab
Source:  https://gitlab.com/mavit/poly-ansible.git

Updating /mnt/store/melpa/working/poly-ansible/
Copying files (->) and directories (=>)
  from /mnt/store/melpa/working/poly-ansible/
  to /tmp/poly-ansibleFXrwd8/poly-ansible-20200826.1542
    poly-ansible-jinja2-filters.el -> poly-ansible-jinja2-filters.el
    poly-ansible.el -> poly-ansible.el
Created poly-ansible-20200826.1542.tar containing:
  poly-ansible-20200826.1542/
  poly-ansible-20200826.1542/poly-ansible-jinja2-filters.el
  poly-ansible-20200826.1542/poly-ansible-pkg.el
  poly-ansible-20200826.1542/poly-ansible.el
Built poly-ansible in 3.636s, finished at Sun Mar  7 02:38:40 2021
 ✓ Success:
4.0K -rw-r--r-- 1 root root  489 Mar  7 02:38 packages/poly-ansible-20200826.1542.entry
 12K -rw-r--r-- 1 root root  10K Mar  7 02:38 packages/poly-ansible-20200826.1542.tar
4.0K -rw-r--r-- 1 root root 1.2K Mar  7 02:38 packages/poly-ansible-badge.svg
4.0K -rw-r--r-- 1 root root   67 Mar  7 02:38 packages/poly-ansible-readme.txt
