Package: promise
Fetcher: github
Source:  https://github.com/chuntaro/emacs-promise.git

Updating /mnt/store/melpa/working/promise/
Copying files (->) and directories (=>)
  from /mnt/store/melpa/working/promise/
  to /tmp/promise9rWFYw/promise-20200727.900
    promise-core.el -> promise-core.el
    promise-done.el -> promise-done.el
    promise-es6-extensions.el -> promise-es6-extensions.el
    promise-finally.el -> promise-finally.el
    promise-rejection-tracking.el -> promise-rejection-tracking.el
    promise.el -> promise.el
Created promise-20200727.900.tar containing:
  promise-20200727.900/
  promise-20200727.900/promise-core.el
  promise-20200727.900/promise-done.el
  promise-20200727.900/promise-es6-extensions.el
  promise-20200727.900/promise-finally.el
  promise-20200727.900/promise-pkg.el
  promise-20200727.900/promise-rejection-tracking.el
  promise-20200727.900/promise.el
Built promise in 3.350s, finished at Sat Jan 23 02:25:49 2021
 ✓ Success:
4.0K -rw-r--r-- 1 root root  362 Jan 23 02:25 packages/promise-20200727.900.entry
 72K -rw-r--r-- 1 root root  70K Jan 23 02:25 packages/promise-20200727.900.tar
4.0K -rw-r--r-- 1 root root 1.2K Jan 23 02:25 packages/promise-badge.svg
4.0K -rw-r--r-- 1 root root 1.3K Jan 23 02:25 packages/promise-readme.txt
