Package: pyim
Fetcher: github
Source:  https://github.com/tumashu/pyim.git

Updating /mnt/store/melpa/working/pyim/
Checking out 6118db1ff295fe8a82fe4e7ff95c894a48fa0fe1
Copying files (->) and directories (=>)
  from /mnt/store/melpa/working/pyim/
  to /tmp/pyimU8dYp8/pyim-20230116.45
    pyim-autoselector.el -> pyim-autoselector.el
    pyim-candidates.el -> pyim-candidates.el
    pyim-cloudim.el -> pyim-cloudim.el
    pyim-codes.el -> pyim-codes.el
    pyim-common.el -> pyim-common.el
    pyim-cregexp-utils.el -> pyim-cregexp-utils.el
    pyim-cregexp.el -> pyim-cregexp.el
    pyim-cstring-utils.el -> pyim-cstring-utils.el
    pyim-cstring.el -> pyim-cstring.el
    pyim-dcache.el -> pyim-dcache.el
    pyim-dhashcache.el -> pyim-dhashcache.el
    pyim-dict-manager.el -> pyim-dict-manager.el
    pyim-dict.el -> pyim-dict.el
    pyim-dregcache.el -> pyim-dregcache.el
    pyim-entered.el -> pyim-entered.el
    pyim-imobjs.el -> pyim-imobjs.el
    pyim-indicator.el -> pyim-indicator.el
    pyim-liberime.el -> pyim-liberime.el
    pyim-outcome.el -> pyim-outcome.el
    pyim-page.el -> pyim-page.el
    pyim-pinyin.el -> pyim-pinyin.el
    pyim-preview.el -> pyim-preview.el
    pyim-probe.el -> pyim-probe.el
    pyim-process.el -> pyim-process.el
    pyim-punctuation.el -> pyim-punctuation.el
    pyim-pymap-utils.el -> pyim-pymap-utils.el
    pyim-pymap.el -> pyim-pymap.el
    pyim-scheme.el -> pyim-scheme.el
    pyim.el -> pyim.el
Created pyim-20230116.45.tar containing:
  pyim-20230116.45/
  pyim-20230116.45/pyim-autoselector.el
  pyim-20230116.45/pyim-candidates.el
  pyim-20230116.45/pyim-cloudim.el
  pyim-20230116.45/pyim-codes.el
  pyim-20230116.45/pyim-common.el
  pyim-20230116.45/pyim-cregexp-utils.el
  pyim-20230116.45/pyim-cregexp.el
  pyim-20230116.45/pyim-cstring-utils.el
  pyim-20230116.45/pyim-cstring.el
  pyim-20230116.45/pyim-dcache.el
  pyim-20230116.45/pyim-dhashcache.el
  pyim-20230116.45/pyim-dict-manager.el
  pyim-20230116.45/pyim-dict.el
  pyim-20230116.45/pyim-dregcache.el
  pyim-20230116.45/pyim-entered.el
  pyim-20230116.45/pyim-imobjs.el
  pyim-20230116.45/pyim-indicator.el
  pyim-20230116.45/pyim-liberime.el
  pyim-20230116.45/pyim-outcome.el
  pyim-20230116.45/pyim-page.el
  pyim-20230116.45/pyim-pinyin.el
  pyim-20230116.45/pyim-pkg.el
  pyim-20230116.45/pyim-preview.el
  pyim-20230116.45/pyim-probe.el
  pyim-20230116.45/pyim-process.el
  pyim-20230116.45/pyim-punctuation.el
  pyim-20230116.45/pyim-pymap-utils.el
  pyim-20230116.45/pyim-pymap.el
  pyim-20230116.45/pyim-scheme.el
  pyim-20230116.45/pyim.el
Built pyim in 4.910s, finished at 2023-01-16T04:32:41+0000
 ✓ Success:
4.0K -rw-r--r-- 1 root root  478 Jan 16 00:41 packages/pyim-20230115.2331.entry
512K -rw-r--r-- 1 root root 510K Jan 16 00:41 packages/pyim-20230115.2331.tar
4.0K -rw-r--r-- 1 root root  476 Jan 16 04:32 packages/pyim-20230116.45.entry
512K -rw-r--r-- 1 root root 510K Jan 16 04:32 packages/pyim-20230116.45.tar
