Package: realgud-jdb
Fetcher: github
Source:  https://github.com/realgud/realgud-jdb.git

Updating /mnt/store/melpa/working/realgud-jdb/
Checking out origin/HEAD
Checking out 1c183b2f8aae0de60942ea01444b896bf182c66a
Copying files (->) and directories (=>)
  from /mnt/store/melpa/working/realgud-jdb/
  to /tmp/realgud-jdbKMjxnO/realgud-jdb-20200722.1120
    realgud-jdb.el -> realgud-jdb.el
    realgud-jdb/core.el -> realgud-jdb/core.el
    realgud-jdb/file.el -> realgud-jdb/file.el
    realgud-jdb/init.el -> realgud-jdb/init.el
    realgud-jdb/jdb.el -> realgud-jdb/jdb.el
    realgud-jdb/track-mode.el -> realgud-jdb/track-mode.el
Created realgud-jdb-20200722.1120.tar containing:
  realgud-jdb-20200722.1120/
  realgud-jdb-20200722.1120/realgud-jdb-pkg.el
  realgud-jdb-20200722.1120/realgud-jdb.el
  realgud-jdb-20200722.1120/realgud-jdb/
  realgud-jdb-20200722.1120/realgud-jdb/core.el
  realgud-jdb-20200722.1120/realgud-jdb/file.el
  realgud-jdb-20200722.1120/realgud-jdb/init.el
  realgud-jdb-20200722.1120/realgud-jdb/jdb.el
  realgud-jdb-20200722.1120/realgud-jdb/track-mode.el
Built realgud-jdb in 4.972s, finished at 2022-11-03T08:43:56+0000
 ✓ Success:
4.0K -rw-r--r-- 1 root root 421 Nov  3 08:43 packages/realgud-jdb-20200722.1120.entry
 40K -rw-r--r-- 1 root root 40K Nov  3 08:43 packages/realgud-jdb-20200722.1120.tar
