 • Building package real-mono-themes (from github:NestorLiao/real-mono-theme)...
Updating /mnt/store/melpa/working/real-mono-themes/
Checking out 45d68036bce5c3d95fcfdb4f02fca5fddb70e3db
Copying files (->) and directories (=>)
  from /mnt/store/melpa/working/real-mono-themes/
  to /tmp/real-mono-themes-BkOFCO/real-mono-themes-20251126.803
    real-mono-dark-theme.el -> real-mono-dark-theme.el
    real-mono-eink-theme.el -> real-mono-eink-theme.el
    real-mono-girl-theme.el -> real-mono-girl-theme.el
    real-mono-old-theme.el -> real-mono-old-theme.el
    real-mono-sea-theme.el -> real-mono-sea-theme.el
    real-mono-themes.el -> real-mono-themes.el
Created real-mono-themes-20251126.803.tar containing:
  real-mono-themes-20251126.803/
  real-mono-themes-20251126.803/real-mono-dark-theme.el
  real-mono-themes-20251126.803/real-mono-eink-theme.el
  real-mono-themes-20251126.803/real-mono-girl-theme.el
  real-mono-themes-20251126.803/real-mono-old-theme.el
  real-mono-themes-20251126.803/real-mono-sea-theme.el
  real-mono-themes-20251126.803/real-mono-themes-pkg.el
  real-mono-themes-20251126.803/real-mono-themes.el
 ✓ Success:
  2026-03-20T23:14:17+0000  real-mono-themes-20251126.803.entry
  2026-03-20T23:14:17+0000  real-mono-themes-20251126.803.tar
Built real-mono-themes in 2.963s, finished at 2026-03-20T23:14:18+0000
