Package: realgud-trepan-ni
Fetcher: github
Source:  https://github.com/realgud/realgud-trepan-ni.git

Updating /mnt/store/melpa/working/realgud-trepan-ni/
Copying files (->) and directories (=>)
  from /mnt/store/melpa/working/realgud-trepan-ni/
  to /tmp/realgud-trepan-nisM243N/realgud-trepan-ni-20200722.1118
    cask-install.el -> cask-install.el
    realgud-trepan-ni.el -> realgud-trepan-ni.el
    trepan-ni/core.el -> trepan-ni/core.el
    trepan-ni/init.el -> trepan-ni/init.el
    trepan-ni/track-mode.el -> trepan-ni/track-mode.el
    trepan-ni/trepan-ni.el -> trepan-ni/trepan-ni.el
Created realgud-trepan-ni-20200722.1118.tar containing:
  realgud-trepan-ni-20200722.1118/
  realgud-trepan-ni-20200722.1118/cask-install.el
  realgud-trepan-ni-20200722.1118/realgud-trepan-ni-pkg.el
  realgud-trepan-ni-20200722.1118/realgud-trepan-ni.el
  realgud-trepan-ni-20200722.1118/trepan-ni/
  realgud-trepan-ni-20200722.1118/trepan-ni/core.el
  realgud-trepan-ni-20200722.1118/trepan-ni/init.el
  realgud-trepan-ni-20200722.1118/trepan-ni/track-mode.el
  realgud-trepan-ni-20200722.1118/trepan-ni/trepan-ni.el
Built realgud-trepan-ni in 3.542s, finished at Thu Jan 21 03:39:15 2021
 ✓ Success:
4.0K -rw-r--r-- 1 root root  434 Jan 21 03:39 packages/realgud-trepan-ni-20200722.1118.entry
 32K -rw-r--r-- 1 root root  30K Jan 21 03:39 packages/realgud-trepan-ni-20200722.1118.tar
4.0K -rw-r--r-- 1 root root 1.2K Jan 21 03:39 packages/realgud-trepan-ni-badge.svg
4.0K -rw-r--r-- 1 root root  187 Jan 21 03:39 packages/realgud-trepan-ni-readme.txt
