Package: req-package
Fetcher: github
Source:  https://github.com/edvorg/req-package.git

Updating /mnt/store/melpa/working/req-package/
Checking out origin/HEAD
Checking out a77da72931914ac5f3f64dc61fe9dc3522b2817e
Checking out a77da72931914ac5f3f64dc61fe9dc3522b2817e
Copying files (->) and directories (=>)
  from /mnt/store/melpa/working/req-package/
  to /tmp/req-packagenRy8Sd/req-package-20180605.1141
    req-package-args.el -> req-package-args.el
    req-package-cycles.el -> req-package-cycles.el
    req-package-hooks.el -> req-package-hooks.el
    req-package.el -> req-package.el
Created req-package-20180605.1141.tar containing:
  req-package-20180605.1141/
  req-package-20180605.1141/req-package-args.el
  req-package-20180605.1141/req-package-cycles.el
  req-package-20180605.1141/req-package-hooks.el
  req-package-20180605.1141/req-package-pkg.el
  req-package-20180605.1141/req-package.el
Built req-package in 4.456s, finished at 2022-06-11T10:33:59+0000
 ✓ Success:
4.0K -rw-r--r-- 1 root root 530 Jun 11 10:33 packages/req-package-20180605.1141.entry
 32K -rw-r--r-- 1 root root 30K Jun 11 10:33 packages/req-package-20180605.1141.tar
