Package: rg
Fetcher: github
Source:  https://github.com/dajva/rg.el.git

Updating /mnt/store/melpa/working/rg/
Checking out origin/HEAD
Checking out 3e9cada75129e899add86d00e0aa3be050d04937
Copying files (->) and directories (=>)
  from /mnt/store/melpa/working/rg/
  to /tmp/rgnZUTIn/rg-20210911.712
    rg-header.el -> rg-header.el
    rg-history.el -> rg-history.el
    rg-ibuffer.el -> rg-ibuffer.el
    rg-info-hack.el -> rg-info-hack.el
    rg-isearch.el -> rg-isearch.el
    rg-menu.el -> rg-menu.el
    rg-result.el -> rg-result.el
    rg.el -> rg.el
    wgrep-rg.el -> wgrep-rg.el
    rgel.info -> rgel.info
Created rg-20210911.712.tar containing:
  rg-20210911.712/
  rg-20210911.712/dir
  rg-20210911.712/rg-header.el
  rg-20210911.712/rg-history.el
  rg-20210911.712/rg-ibuffer.el
  rg-20210911.712/rg-info-hack.el
  rg-20210911.712/rg-isearch.el
  rg-20210911.712/rg-menu.el
  rg-20210911.712/rg-pkg.el
  rg-20210911.712/rg-result.el
  rg-20210911.712/rg.el
  rg-20210911.712/rgel.info
  rg-20210911.712/wgrep-rg.el
Built rg in 5.741s, finished at 2021-09-11T07:13:33+0000
 ✓ Success:
4.0K -rw-r--r-- 1 root root  500 Sep 11 03:28 packages/rg-20210625.939.entry
200K -rw-r--r-- 1 root root 200K Sep 11 03:28 packages/rg-20210625.939.tar
4.0K -rw-r--r-- 1 root root  500 Sep 11 07:13 packages/rg-20210911.712.entry
200K -rw-r--r-- 1 root root 200K Sep 11 07:13 packages/rg-20210911.712.tar
4.0K -rw-r--r-- 1 root root 1.2K Sep 11 07:13 packages/rg-badge.svg
4.0K -rw-r--r-- 1 root root  687 Sep 11 07:13 packages/rg-readme.txt
