Package: s3ed
Fetcher: github
Source:  https://github.com/mattusifer/s3ed.git

Updating /mnt/store/melpa/working/s3ed/
Copying files (->) and directories (=>)
  from /mnt/store/melpa/working/s3ed/
  to /tmp/s3edFK4dJv/s3ed-20200929.1317
    s3ed-io.el -> s3ed-io.el
    s3ed-mode.el -> s3ed-mode.el
    s3ed-util.el -> s3ed-util.el
    s3ed.el -> s3ed.el
Created s3ed-20200929.1317.tar containing:
  s3ed-20200929.1317/
  s3ed-20200929.1317/s3ed-io.el
  s3ed-20200929.1317/s3ed-mode.el
  s3ed-20200929.1317/s3ed-pkg.el
  s3ed-20200929.1317/s3ed-util.el
  s3ed-20200929.1317/s3ed.el
Built s3ed in 2.776s, finished at Tue Mar  9 10:55:06 2021
 ✓ Success:
4.0K -rw-r--r-- 1 root root  377 Mar  9 10:55 packages/s3ed-20200929.1317.entry
 40K -rw-r--r-- 1 root root  40K Mar  9 10:55 packages/s3ed-20200929.1317.tar
4.0K -rw-r--r-- 1 root root 1.2K Mar  9 10:55 packages/s3ed-badge.svg
4.0K -rw-r--r-- 1 root root  168 Mar  9 10:55 packages/s3ed-readme.txt
