Package: sauron
Fetcher: github
Source:  https://github.com/djcb/sauron.git

Updating /mnt/store/melpa/working/sauron/
Copying files (->) and directories (=>)
  from /mnt/store/melpa/working/sauron/
  to /tmp/sauronqMEBAg/sauron-20201011.905
    sauron-ams-org.el -> sauron-ams-org.el
    sauron-appt.el -> sauron-appt.el
    sauron-compilation.el -> sauron-compilation.el
    sauron-dbus.el -> sauron-dbus.el
    sauron-elfeed.el -> sauron-elfeed.el
    sauron-erc.el -> sauron-erc.el
    sauron-identica.el -> sauron-identica.el
    sauron-jabber.el -> sauron-jabber.el
    sauron-mu4e.el -> sauron-mu4e.el
    sauron-notifications.el -> sauron-notifications.el
    sauron-org.el -> sauron-org.el
    sauron-tail.el -> sauron-tail.el
    sauron-twittering.el -> sauron-twittering.el
    sauron-zeroconf.el -> sauron-zeroconf.el
    sauron.el -> sauron.el
  ! sauron-pkg.el.in -> sauron-pkg.el
Created sauron-20201011.905.tar containing:
  sauron-20201011.905/
  sauron-20201011.905/sauron-ams-org.el
  sauron-20201011.905/sauron-appt.el
  sauron-20201011.905/sauron-compilation.el
  sauron-20201011.905/sauron-dbus.el
  sauron-20201011.905/sauron-elfeed.el
  sauron-20201011.905/sauron-erc.el
  sauron-20201011.905/sauron-identica.el
  sauron-20201011.905/sauron-jabber.el
  sauron-20201011.905/sauron-mu4e.el
  sauron-20201011.905/sauron-notifications.el
  sauron-20201011.905/sauron-org.el
  sauron-20201011.905/sauron-pkg.el
  sauron-20201011.905/sauron-tail.el
  sauron-20201011.905/sauron-twittering.el
  sauron-20201011.905/sauron-zeroconf.el
  sauron-20201011.905/sauron.el
Built sauron in 4.297s, finished at 2021-07-21T01:02:06+0000
 ✓ Success:
4.0K -rw-r--r-- 1 root root  313 Jul 21 01:02 packages/sauron-20201011.905.entry
112K -rw-r--r-- 1 root root 110K Jul 21 01:02 packages/sauron-20201011.905.tar
4.0K -rw-r--r-- 1 root root 1.2K Jul 21 01:02 packages/sauron-badge.svg
4.0K -rw-r--r-- 1 root root  192 Jul 21 01:02 packages/sauron-readme.txt
