Package: sbt-mode
Fetcher: github
Source:  https://github.com/hvesalai/emacs-sbt-mode.git

Updating /mnt/store/melpa/working/sbt-mode/
Copying files (->) and directories (=>)
  from /mnt/store/melpa/working/sbt-mode/
  to /tmp/sbt-modeSia7Qx/sbt-mode-20201021.1937
    sbt-mode-buffer.el -> sbt-mode-buffer.el
    sbt-mode-comint.el -> sbt-mode-comint.el
    sbt-mode-hydra.el -> sbt-mode-hydra.el
    sbt-mode-project.el -> sbt-mode-project.el
    sbt-mode-rgrep.el -> sbt-mode-rgrep.el
    sbt-mode-vars.el -> sbt-mode-vars.el
    sbt-mode.el -> sbt-mode.el
Created sbt-mode-20201021.1937.tar containing:
  sbt-mode-20201021.1937/
  sbt-mode-20201021.1937/sbt-mode-buffer.el
  sbt-mode-20201021.1937/sbt-mode-comint.el
  sbt-mode-20201021.1937/sbt-mode-hydra.el
  sbt-mode-20201021.1937/sbt-mode-pkg.el
  sbt-mode-20201021.1937/sbt-mode-project.el
  sbt-mode-20201021.1937/sbt-mode-rgrep.el
  sbt-mode-20201021.1937/sbt-mode-vars.el
  sbt-mode-20201021.1937/sbt-mode.el
Built sbt-mode in 4.752s, finished at Fri Feb 12 04:13:04 2021
 ✓ Success:
4.0K -rw-r--r-- 1 root root  257 Feb 12 04:13 packages/sbt-mode-20201021.1937.entry
 80K -rw-r--r-- 1 root root  80K Feb 12 04:13 packages/sbt-mode-20201021.1937.tar
4.0K -rw-r--r-- 1 root root 1.2K Feb 12 04:13 packages/sbt-mode-badge.svg
   0 -rw-r--r-- 1 root root    0 Feb 12 04:13 packages/sbt-mode-readme.txt
