Package: sequential-command
Fetcher: github
Source:  https://github.com/rubikitch/sequential-command.git

Updating /mnt/store/melpa/working/sequential-command/
Checking out origin/HEAD
Checking out a48cbcbe273b33edd3ae56e68f44b4100fa3a48a
Copying files (->) and directories (=>)
  from /mnt/store/melpa/working/sequential-command/
  to /tmp/sequential-commandxlEkFZ/sequential-command-20170926.40
    sequential-command-config.el -> sequential-command-config.el
    sequential-command.el -> sequential-command.el
Created sequential-command-20170926.40.tar containing:
  sequential-command-20170926.40/
  sequential-command-20170926.40/sequential-command-config.el
  sequential-command-20170926.40/sequential-command-pkg.el
  sequential-command-20170926.40/sequential-command.el
Built sequential-command in 4.154s, finished at 2022-10-31T09:34:14+0000
 ✓ Success:
4.0K -rw-r--r-- 1 root root 418 Oct 31 09:34 packages/sequential-command-20170926.40.entry
 20K -rw-r--r-- 1 root root 20K Oct 31 09:34 packages/sequential-command-20170926.40.tar
