Package: sesman
Fetcher: github
Source:  https://github.com/vspinu/sesman.git

Updating /mnt/store/melpa/working/sesman/
Copying files (->) and directories (=>)
  from /mnt/store/melpa/working/sesman/
  to /tmp/sesmanTEn7MY/sesman-20190909.1754
    sesman-browser.el -> sesman-browser.el
    sesman.el -> sesman.el
Created sesman-20190909.1754.tar containing:
  sesman-20190909.1754/
  sesman-20190909.1754/sesman-browser.el
  sesman-20190909.1754/sesman-pkg.el
  sesman-20190909.1754/sesman.el
Built sesman in 3.286s, finished at Tue Feb 16 02:33:32 2021
 ✓ Success:
4.0K -rw-r--r-- 1 root root  283 Feb 16 02:33 packages/sesman-20190909.1754.entry
 72K -rw-r--r-- 1 root root  70K Feb 16 02:33 packages/sesman-20190909.1754.tar
4.0K -rw-r--r-- 1 root root 1.2K Feb 16 02:33 packages/sesman-badge.svg
4.0K -rw-r--r-- 1 root root  258 Feb 16 02:33 packages/sesman-readme.txt
