Package: simp
Fetcher: github
Source:  https://github.com/re5et/simp.git

Updating /mnt/store/melpa/working/simp/
Checking out origin/HEAD
Checking out d4d4b8547055347828bedccbeffdb4fd2d5a5d34
Copying files (->) and directories (=>)
  from /mnt/store/melpa/working/simp/
  to /tmp/simpfcV3cB/simp-20180607.254
    simp-project-files.el -> simp-project-files.el
    simp-project-git.el -> simp-project-git.el
    simp-project-ibuffer.el -> simp-project-ibuffer.el
    simp-project-rgrep.el -> simp-project-rgrep.el
    simp-project-root-dired.el -> simp-project-root-dired.el
    simp-project-with-bookmarks.el -> simp-project-with-bookmarks.el
    simp-project.el -> simp-project.el
    simp.el -> simp.el
Created simp-20180607.254.tar containing:
  simp-20180607.254/
  simp-20180607.254/simp-pkg.el
  simp-20180607.254/simp-project-files.el
  simp-20180607.254/simp-project-git.el
  simp-20180607.254/simp-project-ibuffer.el
  simp-20180607.254/simp-project-rgrep.el
  simp-20180607.254/simp-project-root-dired.el
  simp-20180607.254/simp-project-with-bookmarks.el
  simp-20180607.254/simp-project.el
  simp-20180607.254/simp.el
Failed to fetch badge
Built simp in 16.901s, finished at 2022-01-19T11:59:27+0000
 ✓ Success:
4.0K -rw-r--r-- 1 root root  315 Jan 19 11:59 packages/simp-20180607.254.entry
 40K -rw-r--r-- 1 root root  40K Jan 19 11:59 packages/simp-20180607.254.tar
4.0K -rw-r--r-- 1 root root 1.2K Jan 19 09:02 packages/simp-badge.svg
