Package: simple-mpc
Fetcher: github
Source:  https://github.com/jorenvo/simple-mpc.git

Updating /mnt/store/melpa/working/simple-mpc/
Copying files (->) and directories (=>)
  from /mnt/store/melpa/working/simple-mpc/
  to /tmp/simple-mpcDu2JzL/simple-mpc-20200523.1804
    simple-mpc-current-playlist.el -> simple-mpc-current-playlist.el
    simple-mpc-mode.el -> simple-mpc-mode.el
    simple-mpc-query.el -> simple-mpc-query.el
    simple-mpc-utils.el -> simple-mpc-utils.el
    simple-mpc-vars.el -> simple-mpc-vars.el
    simple-mpc.el -> simple-mpc.el
Created simple-mpc-20200523.1804.tar containing:
  simple-mpc-20200523.1804/
  simple-mpc-20200523.1804/simple-mpc-current-playlist.el
  simple-mpc-20200523.1804/simple-mpc-mode.el
  simple-mpc-20200523.1804/simple-mpc-pkg.el
  simple-mpc-20200523.1804/simple-mpc-query.el
  simple-mpc-20200523.1804/simple-mpc-utils.el
  simple-mpc-20200523.1804/simple-mpc-vars.el
  simple-mpc-20200523.1804/simple-mpc.el
Built simple-mpc in 3.276s, finished at 2021-07-14T17:43:23+0000
 ✓ Success:
4.0K -rw-r--r-- 1 root root  396 Jul 14 17:43 packages/simple-mpc-20200523.1804.entry
 40K -rw-r--r-- 1 root root  40K Jul 14 17:43 packages/simple-mpc-20200523.1804.tar
4.0K -rw-r--r-- 1 root root 1.2K Jul 14 17:43 packages/simple-mpc-badge.svg
4.0K -rw-r--r-- 1 root root   86 Jul 14 17:43 packages/simple-mpc-readme.txt
