Package: smithers
Fetcher: gitlab
Source:  https://gitlab.com/mtekman/smithers.el.git

Updating /mnt/store/melpa/working/smithers/
Copying files (->) and directories (=>)
  from /mnt/store/melpa/working/smithers/
  to /tmp/smithersV6QOV7/smithers-20210531.2232
    smithers.el -> smithers.el
    source.org -> source.org
Created smithers-20210531.2232.tar containing:
  smithers-20210531.2232/
  smithers-20210531.2232/smithers-pkg.el
  smithers-20210531.2232/smithers.el
  smithers-20210531.2232/source.org
Built smithers in 4.811s, finished at Mon Jun 21 14:28:38 2021
 ✓ Success:
4.0K -rw-r--r-- 1 root root  381 Jun 21 14:28 packages/smithers-20210531.2232.entry
 92K -rw-r--r-- 1 root root  90K Jun 21 14:28 packages/smithers-20210531.2232.tar
4.0K -rw-r--r-- 1 root root 1.2K Jun 21 14:28 packages/smithers-badge.svg
4.0K -rw-r--r-- 1 root root  182 Jun 21 14:28 packages/smithers-readme.txt
