Package: sotclojure
Fetcher: github
Source:  https://github.com/Malabarba/speed-of-thought-clojure.git

Updating /mnt/store/melpa/working/sotclojure/
Checking out origin/HEAD
Checking out a480c887b53cb007b7b099c5ffcab89b9e59d7bc
Checking out a480c887b53cb007b7b099c5ffcab89b9e59d7bc
Copying files (->) and directories (=>)
  from /mnt/store/melpa/working/sotclojure/
  to /tmp/sotclojureiHlnWu/sotclojure-20170922.8
    sotclojure-on.el -> sotclojure-on.el
    sotclojure.el -> sotclojure.el
Created sotclojure-20170922.8.tar containing:
  sotclojure-20170922.8/
  sotclojure-20170922.8/sotclojure-on.el
  sotclojure-20170922.8/sotclojure-pkg.el
  sotclojure-20170922.8/sotclojure.el
Built sotclojure in 4.450s, finished at 2022-06-15T16:03:14+0000
 ✓ Success:
4.0K -rw-r--r-- 1 root root 544 Jun 15 16:03 packages/sotclojure-20170922.8.entry
 20K -rw-r--r-- 1 root root 20K Jun 15 16:03 packages/sotclojure-20170922.8.tar
