Package: soundklaus
Fetcher: github
Source:  https://github.com/r0man/soundklaus.el.git

Updating /mnt/store/melpa/working/soundklaus/
Copying files (->) and directories (=>)
  from /mnt/store/melpa/working/soundklaus/
  to /tmp/soundklausOrzeXe/soundklaus-20191220.2112
    soundklaus-collection.el -> soundklaus-collection.el
    soundklaus-custom.el -> soundklaus-custom.el
    soundklaus-generic.el -> soundklaus-generic.el
    soundklaus-helm.el -> soundklaus-helm.el
    soundklaus-playlist.el -> soundklaus-playlist.el
    soundklaus-request.el -> soundklaus-request.el
    soundklaus-resource.el -> soundklaus-resource.el
    soundklaus-track.el -> soundklaus-track.el
    soundklaus-user.el -> soundklaus-user.el
    soundklaus-utils.el -> soundklaus-utils.el
    soundklaus.el -> soundklaus.el
Created soundklaus-20191220.2112.tar containing:
  soundklaus-20191220.2112/
  soundklaus-20191220.2112/soundklaus-collection.el
  soundklaus-20191220.2112/soundklaus-custom.el
  soundklaus-20191220.2112/soundklaus-generic.el
  soundklaus-20191220.2112/soundklaus-helm.el
  soundklaus-20191220.2112/soundklaus-pkg.el
  soundklaus-20191220.2112/soundklaus-playlist.el
  soundklaus-20191220.2112/soundklaus-request.el
  soundklaus-20191220.2112/soundklaus-resource.el
  soundklaus-20191220.2112/soundklaus-track.el
  soundklaus-20191220.2112/soundklaus-user.el
  soundklaus-20191220.2112/soundklaus-utils.el
  soundklaus-20191220.2112/soundklaus.el
Built soundklaus in 3.998s, finished at 2021-07-24T02:03:33+0000
 ✓ Success:
4.0K -rw-r--r-- 1 root root  592 Jul 24 02:03 packages/soundklaus-20191220.2112.entry
 92K -rw-r--r-- 1 root root  90K Jul 24 02:03 packages/soundklaus-20191220.2112.tar
4.0K -rw-r--r-- 1 root root 1.2K Jul 24 02:03 packages/soundklaus-badge.svg
4.0K -rw-r--r-- 1 root root   72 Jul 24 02:03 packages/soundklaus-readme.txt
