Package: sparql-mode
Fetcher: github
Source:  https://github.com/ljos/sparql-mode.git

Updating /mnt/store/melpa/working/sparql-mode/
Checking out origin/HEAD
Checking out ceb370b3879841f8809cc3f9b1b87e898f10562f
Copying files (->) and directories (=>)
  from /mnt/store/melpa/working/sparql-mode/
  to /tmp/sparql-modeP5SdVj/sparql-mode-20210701.1202
    company-sparql.el -> company-sparql.el
    ob-sparql.el -> ob-sparql.el
    sparql-mode.el -> sparql-mode.el
Created sparql-mode-20210701.1202.tar containing:
  sparql-mode-20210701.1202/
  sparql-mode-20210701.1202/company-sparql.el
  sparql-mode-20210701.1202/ob-sparql.el
  sparql-mode-20210701.1202/sparql-mode-pkg.el
  sparql-mode-20210701.1202/sparql-mode.el
Built sparql-mode in 5.356s, finished at 2021-10-06T07:53:09+0000
 ✓ Success:
4.0K -rw-r--r-- 1 root root  418 Oct  6 07:53 packages/sparql-mode-20210701.1202.entry
 32K -rw-r--r-- 1 root root  30K Oct  6 07:53 packages/sparql-mode-20210701.1202.tar
4.0K -rw-r--r-- 1 root root 1.2K Oct  6 07:53 packages/sparql-mode-badge.svg
4.0K -rw-r--r-- 1 root root   62 Oct  6 07:53 packages/sparql-mode-readme.txt
