Package: sphinx-mode
Fetcher: github
Source:  https://github.com/Fuco1/sphinx-mode.git

Updating /mnt/store/melpa/working/sphinx-mode/
Checking out origin/HEAD
Checking out 9d4075c106fc837006394c4c803281383f2ec6f3
Copying files (->) and directories (=>)
  from /mnt/store/melpa/working/sphinx-mode/
  to /tmp/sphinx-modekwzpig/sphinx-mode-20211021.1444
    sphinx-mode-pkg.el -> sphinx-mode-pkg.el
    sphinx-mode.el -> sphinx-mode.el
    sphinx-src.el -> sphinx-src.el
Created sphinx-mode-20211021.1444.tar containing:
  sphinx-mode-20211021.1444/
  sphinx-mode-20211021.1444/sphinx-mode-pkg.el
  sphinx-mode-20211021.1444/sphinx-mode.el
  sphinx-mode-20211021.1444/sphinx-src.el
Built sphinx-mode in 5.964s, finished at 2021-10-22T05:00:53+0000
 ✓ Success:
4.0K -rw-r--r-- 1 root root  369 Oct 22 05:00 packages/sphinx-mode-20211021.1444.entry
 20K -rw-r--r-- 1 root root  20K Oct 22 05:00 packages/sphinx-mode-20211021.1444.tar
4.0K -rw-r--r-- 1 root root 1.2K Oct 22 05:00 packages/sphinx-mode-badge.svg
   0 -rw-r--r-- 1 root root    0 Oct 22 05:00 packages/sphinx-mode-readme.txt
