Package: sqlite3
Fetcher: github
Source:  https://github.com/pekingduck/emacs-sqlite3-api.git

Updating /mnt/store/melpa/working/sqlite3/
Checking out origin/HEAD
Checking out 108521be0242bedf232775a28728588da9699336
Copying files (->) and directories (=>)
  from /mnt/store/melpa/working/sqlite3/
  to /tmp/sqlite3SLdIOd/sqlite3-20221110.1050
    sqlite3.el -> sqlite3.el
    Makefile -> Makefile
    consts.c -> consts.c
    emacs-module.h -> emacs-module.h
    sqlite3-api.c -> sqlite3-api.c
Created sqlite3-20221110.1050.tar containing:
  sqlite3-20221110.1050/
  sqlite3-20221110.1050/Makefile
  sqlite3-20221110.1050/consts.c
  sqlite3-20221110.1050/emacs-module.h
  sqlite3-20221110.1050/sqlite3-api.c
  sqlite3-20221110.1050/sqlite3-pkg.el
  sqlite3-20221110.1050/sqlite3.el
Built sqlite3 in 7.774s, finished at 2022-11-10T13:12:08+0000
 ✓ Success:
4.0K -rw-r--r-- 1 root root  375 Nov 10 09:37 packages/sqlite3-20220529.1106.entry
100K -rw-r--r-- 1 root root 100K Nov 10 09:37 packages/sqlite3-20220529.1106.tar
4.0K -rw-r--r-- 1 root root  375 Nov 10 13:12 packages/sqlite3-20221110.1050.entry
100K -rw-r--r-- 1 root root 100K Nov 10 13:12 packages/sqlite3-20221110.1050.tar
