Package: ssh-tunnels
Fetcher: github
Source:  https://github.com/death/ssh-tunnels.git

Updating /mnt/store/melpa/working/ssh-tunnels/
Copying files (->) and directories (=>)
  from /mnt/store/melpa/working/ssh-tunnels/
  to /tmp/ssh-tunnelsJ011a6/ssh-tunnels-20190622.931
    helm-ssh-tunnels.el -> helm-ssh-tunnels.el
    ssh-tunnels.el -> ssh-tunnels.el
Created ssh-tunnels-20190622.931.tar containing:
  ssh-tunnels-20190622.931/
  ssh-tunnels-20190622.931/helm-ssh-tunnels.el
  ssh-tunnels-20190622.931/ssh-tunnels-pkg.el
  ssh-tunnels-20190622.931/ssh-tunnels.el
Built ssh-tunnels in 4.697s, finished at Tue Jul  6 11:12:04 2021
 ✓ Success:
4.0K -rw-r--r-- 1 root root  380 Jul  6 11:12 packages/ssh-tunnels-20190622.931.entry
 32K -rw-r--r-- 1 root root  30K Jul  6 11:12 packages/ssh-tunnels-20190622.931.tar
4.0K -rw-r--r-- 1 root root 1.2K Jul  6 11:12 packages/ssh-tunnels-badge.svg
4.0K -rw-r--r-- 1 root root  789 Jul  6 11:12 packages/ssh-tunnels-readme.txt
