Package: stan-mode
Fetcher: github
Source:  https://github.com/stan-dev/stan-mode.git

Updating /mnt/store/melpa/working/stan-mode/
Checking out origin/HEAD
Checking out 150bbbe5fd3ad2b5a3dbfba9d291e66eeea1a581
Copying files (->) and directories (=>)
  from /mnt/store/melpa/working/stan-mode/
  to /tmp/stan-mode57M6Rj/stan-mode-20211129.2051
  ! stan-mode/stan-keywords.el -> stan-keywords.el
  ! stan-mode/stan-mode.el -> stan-mode.el
Created stan-mode-20211129.2051.tar containing:
  stan-mode-20211129.2051/
  stan-mode-20211129.2051/stan-keywords.el
  stan-mode-20211129.2051/stan-mode-pkg.el
  stan-mode-20211129.2051/stan-mode.el
Built stan-mode in 6.021s, finished at 2021-12-11T09:27:40+0000
 ✓ Success:
4.0K -rw-r--r-- 1 root root  535 Dec 11 09:27 packages/stan-mode-20211129.2051.entry
 60K -rw-r--r-- 1 root root  60K Dec 11 09:27 packages/stan-mode-20211129.2051.tar
4.0K -rw-r--r-- 1 root root 1.2K Dec 11 09:27 packages/stan-mode-badge.svg
4.0K -rw-r--r-- 1 root root  242 Dec 11 09:27 packages/stan-mode-readme.txt
