Package: suomalainen-kalenteri
Fetcher: github
Source:  https://github.com/tlikonen/suomalainen-kalenteri.git

Updating /mnt/store/melpa/working/suomalainen-kalenteri/
Checking out origin/HEAD
Checking out 8a41d16371ffaface70739ec861709f674b4a94a
Checking out 8a41d16371ffaface70739ec861709f674b4a94a
Copying files (->) and directories (=>)
  from /mnt/store/melpa/working/suomalainen-kalenteri/
  to /tmp/suomalainen-kalenteri8RvRWN/suomalainen-kalenteri-20220804.657
    loader.el -> loader.el
    suomalainen-kalenteri-pkg.el -> suomalainen-kalenteri-pkg.el
    suomalainen-kalenteri.el -> suomalainen-kalenteri.el
Created suomalainen-kalenteri-20220804.657.tar containing:
  suomalainen-kalenteri-20220804.657/
  suomalainen-kalenteri-20220804.657/loader.el
  suomalainen-kalenteri-20220804.657/suomalainen-kalenteri-pkg.el
  suomalainen-kalenteri-20220804.657/suomalainen-kalenteri.el
Built suomalainen-kalenteri in 6.788s, finished at 2022-08-11T19:32:44+0000
 ✓ Success:
4.0K -rw-r--r-- 1 root root 403 Aug 11 19:32 packages/suomalainen-kalenteri-20220804.657.entry
 12K -rw-r--r-- 1 root root 10K Aug 11 19:32 packages/suomalainen-kalenteri-20220804.657.tar
