Package: term+
Fetcher: github
Source:  https://github.com/tarao/term-plus-el.git

Updating /mnt/store/melpa/working/term+/
Checking out c3c9239b339c127231860de43abfa08c44c0201a
Copying files (->) and directories (=>)
  from /mnt/store/melpa/working/term+/
  to /tmp/term+3oPi2v/term+-20170509.17
    term+.el -> term+.el
    term+edit.el -> term+edit.el
    term+file-transfer.el -> term+file-transfer.el
    term+input.el -> term+input.el
    term+logging.el -> term+logging.el
    term+shell-history.el -> term+shell-history.el
    term+vars.el -> term+vars.el
    xterm-256color.el -> xterm-256color.el
Created term+-20170509.17.tar containing:
  term+-20170509.17/
  term+-20170509.17/term+-pkg.el
  term+-20170509.17/term+.el
  term+-20170509.17/term+edit.el
  term+-20170509.17/term+file-transfer.el
  term+-20170509.17/term+input.el
  term+-20170509.17/term+logging.el
  term+-20170509.17/term+shell-history.el
  term+-20170509.17/term+vars.el
  term+-20170509.17/xterm-256color.el
Built term+ in 4.026s, finished at 2023-05-03T06:42:14+0000
 ✓ Success:
4.0K -rw-r--r-- 1 root root  420 May  3 06:42 packages/term+-20170509.17.entry
100K -rw-r--r-- 1 root root 100K May  3 06:42 packages/term+-20170509.17.tar
