Package: timesheet
Fetcher: github
Source:  https://github.com/tmarble/timesheet.el.git

Updating /mnt/store/melpa/working/timesheet/
Checking out 511751b239c84d7619ec1c61d7f108b732b64442
Copying files (->) and directories (=>)
  from /mnt/store/melpa/working/timesheet/
  to /tmp/timesheetko06le/timesheet-20221004.1702
    timesheet.el -> timesheet.el
    bin => bin
    share => share
Created timesheet-20221004.1702.tar containing:
  timesheet-20221004.1702/
  timesheet-20221004.1702/bin/
  timesheet-20221004.1702/bin/shell.funcs
  timesheet-20221004.1702/bin/timesheet-invoice
  timesheet-20221004.1702/share/
  timesheet-20221004.1702/share/defs.tex
  timesheet-20221004.1702/share/logo.pdf
  timesheet-20221004.1702/share/main.tex
  timesheet-20221004.1702/share/yoyodyne-fr.org
  timesheet-20221004.1702/share/yoyodyne-uk.org
  timesheet-20221004.1702/share/yoyodyne.org
  timesheet-20221004.1702/timesheet-pkg.el
  timesheet-20221004.1702/timesheet.el
Built timesheet in 5.764s, finished at 2023-04-30T10:11:35+0000
 ✓ Success:
4.0K -rw-r--r-- 1 root root  403 Apr 30 10:11 packages/timesheet-20221004.1702.entry
140K -rw-r--r-- 1 root root 140K Apr 30 10:11 packages/timesheet-20221004.1702.tar
