Package: titlecase
Fetcher: github
Source:  https://github.com/duckwork/titlecase.el.git

Updating /mnt/store/melpa/working/titlecase/
Checking out origin/HEAD
Checking out ca79d9b25e8bab5eef92b13dc69ac0c38ac39172
Copying files (->) and directories (=>)
  from /mnt/store/melpa/working/titlecase/
  to /tmp/titlecase6WKn8c/titlecase-20220516.1909
    titlecase-data.el -> titlecase-data.el
    titlecase.el -> titlecase.el
Created titlecase-20220516.1909.tar containing:
  titlecase-20220516.1909/
  titlecase-20220516.1909/titlecase-data.el
  titlecase-20220516.1909/titlecase-pkg.el
  titlecase-20220516.1909/titlecase.el
Built titlecase in 6.273s, finished at 2022-05-16T22:02:18+0000
 ✓ Success:
4.0K -rw-r--r-- 1 root root  330 May 16 18:12 packages/titlecase-20220510.331.entry
 72K -rw-r--r-- 1 root root  70K May 16 18:12 packages/titlecase-20220510.331.tar
4.0K -rw-r--r-- 1 root root  331 May 16 22:02 packages/titlecase-20220516.1909.entry
 72K -rw-r--r-- 1 root root  70K May 16 22:02 packages/titlecase-20220516.1909.tar
4.0K -rw-r--r-- 1 root root 1.2K May 16 22:02 packages/titlecase-badge.svg
4.0K -rw-r--r-- 1 root root 1.2K May 16 22:02 packages/titlecase-readme.txt
