Package: toggle
Fetcher: github
Source:  https://github.com/zenspider/elisp.git

Updating /mnt/store/melpa/working/toggle/
Built toggle in 3.765s, finished at Sat Jan 30 18:15:47 2021
 ✓ Success:
8.0K -rw-r--r-- 1 root root 6.9K Jan 30 18:15 packages/toggle-20180316.3.el
4.0K -rw-r--r-- 1 root root  342 Jan 30 18:15 packages/toggle-20180316.3.entry
4.0K -rw-r--r-- 1 root root 1.2K Jan 30 18:15 packages/toggle-badge.svg
4.0K -rw-r--r-- 1 root root 4.0K Jan 30 18:15 packages/toggle-quotes-20140710.926.el
4.0K -rw-r--r-- 1 root root  368 Jan 30 15:20 packages/toggle-quotes-20140710.926.entry
4.0K -rw-r--r-- 1 root root 1.2K Jan 30 15:20 packages/toggle-quotes-badge.svg
4.0K -rw-r--r-- 1 root root  348 Jan 30 18:15 packages/toggle-quotes-readme.txt
4.0K -rw-r--r-- 1 root root  145 Jan 30 18:15 packages/toggle-quotes.log
4.0K -rw-r--r-- 1 root root  565 Jan 30 18:15 packages/toggle-readme.txt
 12K -rw-r--r-- 1 root root 9.9K Jan 30 15:20 packages/toggle-test-20140723.537.el
4.0K -rw-r--r-- 1 root root  442 Jan 30 15:20 packages/toggle-test-20140723.537.entry
4.0K -rw-r--r-- 1 root root 1.2K Jan 30 15:20 packages/toggle-test-badge.svg
4.0K -rw-r--r-- 1 root root  457 Jan 30 15:20 packages/toggle-test-readme.txt
4.0K -rw-r--r-- 1 root root  134 Jan 30 18:15 packages/toggle-test.log
4.0K -rw-r--r-- 1 root root 1.5K Jan 30 15:20 packages/toggle-window-20141207.1548.el
4.0K -rw-r--r-- 1 root root  316 Jan 30 15:20 packages/toggle-window-20141207.1548.entry
4.0K -rw-r--r-- 1 root root 1.2K Jan 30 15:20 packages/toggle-window-badge.svg
4.0K -rw-r--r-- 1 root root  145 Jan 30 18:15 packages/toggle-window.log
