Package: totp-auth
Fetcher: gitlab
Source:  https://gitlab.com/fledermaus/totp.el.git

Updating /mnt/store/melpa/working/totp-auth/
Checking out 5fa6529ace892972d2d7ce08af88c7912a1c25a6
Copying files (->) and directories (=>)
  from /mnt/store/melpa/working/totp-auth/
  to /tmp/totp-auth0UjtFD/totp-auth-20240203.2152
    totp-auth-hmac.el -> totp-auth-hmac.el
    totp-auth-interop.el -> totp-auth-interop.el
    totp-auth.el -> totp-auth.el
Created totp-auth-20240203.2152.tar containing:
  totp-auth-20240203.2152/
  totp-auth-20240203.2152/totp-auth-hmac.el
  totp-auth-20240203.2152/totp-auth-interop.el
  totp-auth-20240203.2152/totp-auth-pkg.el
  totp-auth-20240203.2152/totp-auth.el
 ✓ Success:
  2024-02-11T15:34:58+0000  totp-auth-20240203.2152.entry
  2024-02-11T15:34:58+0000  totp-auth-20240203.2152.tar
Built totp-auth in 2.490s, finished at 2024-02-11T15:34:59+0000
