
 • Building package use-package-x
From https://github.com/DevelopmentCool2449/use-package-x
Cloning https://github.com/DevelopmentCool2449/use-package-x
Checking out 2f679f089956af769ddc8f7473f01afd9b6fe56a
Copying files (->) and directories (=>)
  from /mnt/store/melpa/working/use-package-x/
  to /tmp/use-package-x-j8iMA3/use-package-x-20260519.125/
    use-package-x-advice.el -> use-package-x-advice.el
    use-package-x-custom-face*.el -> use-package-x-custom-face*.el
    use-package-x-custom-icon.el -> use-package-x-custom-icon.el
    use-package-x-docs.el -> use-package-x-docs.el
    use-package-x-emacs-versions.el -> use-package-x-emacs-versions.el
    use-package-x-hook.el -> use-package-x-hook.el
    use-package-x-keymap.el -> use-package-x-keymap.el
    use-package-x-local-set.el -> use-package-x-local-set.el
    use-package-x-setopt.el -> use-package-x-setopt.el
    use-package-x-which-key.el -> use-package-x-which-key.el
    use-package-x.el -> use-package-x.el
Created use-package-x-20260519.125.tar containing:
  use-package-x-20260519.125/
  use-package-x-20260519.125/use-package-x-advice.el
  use-package-x-20260519.125/use-package-x-custom-face*.el
  use-package-x-20260519.125/use-package-x-custom-icon.el
  use-package-x-20260519.125/use-package-x-docs.el
  use-package-x-20260519.125/use-package-x-emacs-versions.el
  use-package-x-20260519.125/use-package-x-hook.el
  use-package-x-20260519.125/use-package-x-keymap.el
  use-package-x-20260519.125/use-package-x-local-set.el
  use-package-x-20260519.125/use-package-x-pkg.el
  use-package-x-20260519.125/use-package-x-setopt.el
  use-package-x-20260519.125/use-package-x-which-key.el
  use-package-x-20260519.125/use-package-x.el
Built use-package-x in 1.853s, finished at 2026-05-24T18:57:56+0000
