Package: vbasense
Fetcher: github
Source:  https://github.com/aki2o/emacs-vbasense.git

Updating /mnt/store/melpa/working/vbasense/
Copying files (->) and directories (=>)
  from /mnt/store/melpa/working/vbasense/
  to /tmp/vbasenseqLz42Y/vbasense-20140221.2353
    vbasense.el -> vbasense.el
    chkTLI.vbs -> chkTLI.vbs
    getProgIDAll.vbs -> getProgIDAll.vbs
    getTLI.vbs -> getTLI.vbs
    chkTLI.bat -> chkTLI.bat
    getProgIDAll.bat -> getProgIDAll.bat
    getTLI.bat -> getTLI.bat
Created vbasense-20140221.2353.tar containing:
  vbasense-20140221.2353/
  vbasense-20140221.2353/chkTLI.bat
  vbasense-20140221.2353/chkTLI.vbs
  vbasense-20140221.2353/getProgIDAll.bat
  vbasense-20140221.2353/getProgIDAll.vbs
  vbasense-20140221.2353/getTLI.bat
  vbasense-20140221.2353/getTLI.vbs
  vbasense-20140221.2353/vbasense-pkg.el
  vbasense-20140221.2353/vbasense.el
Built vbasense in 3.689s, finished at 2021-07-15T13:41:58+0000
 ✓ Success:
4.0K -rw-r--r-- 1 root root  465 Jul 15 13:41 packages/vbasense-20140221.2353.entry
152K -rw-r--r-- 1 root root 150K Jul 15 13:41 packages/vbasense-20140221.2353.tar
4.0K -rw-r--r-- 1 root root 1.2K Jul 15 13:41 packages/vbasense-badge.svg
4.0K -rw-r--r-- 1 root root  258 Jul 15 13:41 packages/vbasense-readme.txt
