Package: web
Fetcher: github
Source:  https://github.com/nicferrier/emacs-web.git

Updating /mnt/store/melpa/working/web/
Built web in 3.690s, finished at Sat Feb 27 08:04:16 2021
 ✓ Success:
 32K -rw-r--r-- 1 root root  29K Feb 27 08:04 packages/web-20141231.2001.el
4.0K -rw-r--r-- 1 root root  399 Feb 27 08:04 packages/web-20141231.2001.entry
4.0K -rw-r--r-- 1 root root 1.2K Feb 27 08:04 packages/web-badge.svg
8.0K -rw-r--r-- 1 root root 7.0K Feb 27 08:04 packages/web-beautify-20161115.2247.el
4.0K -rw-r--r-- 1 root root  323 Feb 27 08:04 packages/web-beautify-20161115.2247.entry
4.0K -rw-r--r-- 1 root root 1.2K Feb 27 05:08 packages/web-beautify-badge.svg
4.0K -rw-r--r-- 1 root root 1.4K Feb 27 08:04 packages/web-beautify-readme.txt
4.0K -rw-r--r-- 1 root root  139 Feb 27 08:04 packages/web-beautify.log
4.0K -rw-r--r-- 1 root root  443 Feb 27 05:08 packages/web-completion-data-20160318.848.entry
752K -rw-r--r-- 1 root root 750K Feb 27 05:08 packages/web-completion-data-20160318.848.tar
4.0K -rw-r--r-- 1 root root 1.2K Feb 27 05:08 packages/web-completion-data-badge.svg
4.0K -rw-r--r-- 1 root root  704 Feb 27 05:08 packages/web-completion-data-readme.txt
4.0K -rw-r--r-- 1 root root  401 Feb 27 08:04 packages/web-completion-data.log
520K -rw-r--r-- 1 root root 520K Feb 27 05:08 packages/web-mode-20210131.1758.el
4.0K -rw-r--r-- 1 root root  361 Feb 27 05:08 packages/web-mode-20210131.1758.entry
4.0K -rw-r--r-- 1 root root 1.2K Feb 27 05:08 packages/web-mode-badge.svg
4.0K -rw-r--r-- 1 root root  478 Feb 27 05:08 packages/web-mode-edit-element-20190531.852.entry
 20K -rw-r--r-- 1 root root  20K Feb 27 05:08 packages/web-mode-edit-element-20190531.852.tar
4.0K -rw-r--r-- 1 root root 1.2K Feb 27 05:08 packages/web-mode-edit-element-badge.svg
4.0K -rw-r--r-- 1 root root  752 Feb 27 05:08 packages/web-mode-edit-element-readme.txt
4.0K -rw-r--r-- 1 root root  167 Feb 27 08:04 packages/web-mode-edit-element.log
4.0K -rw-r--r-- 1 root root  236 Feb 27 05:08 packages/web-mode-readme.txt
4.0K -rw-r--r-- 1 root root  127 Feb 27 08:04 packages/web-mode.log
4.0K -rw-r--r-- 1 root root 3.2K Feb 27 05:08 packages/web-narrow-mode-20170407.210.el
4.0K -rw-r--r-- 1 root root  414 Feb 27 05:08 packages/web-narrow-mode-20170407.210.entry
4.0K -rw-r--r-- 1 root root 1.2K Feb 27 05:08 packages/web-narrow-mode-badge.svg
   0 -rw-r--r-- 1 root root    0 Feb 27 05:08 packages/web-narrow-mode-readme.txt
4.0K -rw-r--r-- 1 root root  574 Feb 27 05:08 packages/web-narrow-mode.log
4.0K -rw-r--r-- 1 root root  655 Feb 27 08:04 packages/web-readme.txt
4.0K -rw-r--r-- 1 root root  380 Feb 27 05:08 packages/web-search-20190620.602.entry
 20K -rw-r--r-- 1 root root  20K Feb 27 05:08 packages/web-search-20190620.602.tar
4.0K -rw-r--r-- 1 root root 1.2K Feb 27 05:08 packages/web-search-badge.svg
4.0K -rw-r--r-- 1 root root  255 Feb 27 05:08 packages/web-search-readme.txt
4.0K -rw-r--r-- 1 root root 1.1K Feb 27 05:08 packages/web-search.log
4.0K -rw-r--r-- 1 root root  430 Feb 27 05:08 packages/web-server-20210209.58.entry
212K -rw-r--r-- 1 root root 210K Feb 27 05:08 packages/web-server-20210209.58.tar
4.0K -rw-r--r-- 1 root root 1.2K Feb 27 05:08 packages/web-server-badge.svg
4.0K -rw-r--r-- 1 root root  680 Feb 27 05:08 packages/web-server-readme.txt
4.0K -rw-r--r-- 1 root root 1.5K Feb 27 05:08 packages/web-server.log
