Package: whizzml-mode
Fetcher: github
Source:  https://github.com/whizzml/whizzml-mode.git

Updating /mnt/store/melpa/working/whizzml-mode/
Checking out origin/HEAD
Checking out 3dce3be0c32b9b2d259e462b4b27c530af47466a
Copying files (->) and directories (=>)
  from /mnt/store/melpa/working/whizzml-mode/
  to /tmp/whizzml-modeSxY6sD/whizzml-mode-20201013.239
    whizzml-mode.el -> whizzml-mode.el
    whizzml-skeletons.el -> whizzml-skeletons.el
Created whizzml-mode-20201013.239.tar containing:
  whizzml-mode-20201013.239/
  whizzml-mode-20201013.239/whizzml-mode-pkg.el
  whizzml-mode-20201013.239/whizzml-mode.el
  whizzml-mode-20201013.239/whizzml-skeletons.el
Built whizzml-mode in 4.152s, finished at 2022-12-08T06:36:24+0000
 ✓ Success:
4.0K -rw-r--r-- 1 root root 348 Dec  8 06:36 packages/whizzml-mode-20201013.239.entry
 32K -rw-r--r-- 1 root root 30K Dec  8 06:36 packages/whizzml-mode-20201013.239.tar
